<html>
<body>
<pre>
<h1>µVision Build Log</h1>
<h2>Project:</h2>
C:\Users\Gavin\Desktop\MB997C\keil\rtx.uvproj
Project File Date:  04/04/2014

<h2>Output:</h2>
Build target 'Project'
assembling startup_stm32f4xx.s...
linking...
Program Size: Code=15080 RO-data=548 RW-data=132 ZI-data=8628  
FromELF: creating hex file...
".\obj\output.axf" - 0 Error(s), 0 Warning(s).
Load "C:\\Users\\Gavin\\Desktop\\MB997C\\keil\\obj\\output.axf" 
Erase Done.
Programming Done.
Verify OK.
</pre>
</body>
</html>
-D: missing return statement at end of non-void function "WIRELESS_SPI_TIMEOUT_UserCallback"
  }
..\wireless_Impl.c(244): warning:  #223-D: function "printf" declared implicitly
        printf("Bytes left the TX FIFO:%d\n", statusRegRet);
..\wireless_Impl.c(188): warning:  #177-D: variable "roll" was declared but never referenced
        uint8_t roll, pitch, maskMARCSTATE = 0x1F, maskTXBYTES = 0x7F, maskTxbytesBytesSent = SMARTRF_SETTING_PKTLEN, statusRegRet;
..\wireless_Impl.c(188): warning:  #177-D: variable "pitch" was declared but never referenced
        uint8_t roll, pitch, maskMARCSTATE = 0x1F, maskTXBYTES = 0x7F, maskTxbytesBytesSent = SMARTRF_SETTING_PKTLEN, statusRegRet;
..\wireless_Impl.c(268): warning:  #223-D: function "printf" declared implicitly
                printf("Wait for IDLE state:%s, status:%x\n", __FUNCTION__, statusRegRet);
..\wireless_Impl.c(253): warning:  #177-D: variable "roll" was declared but never referenced
        uint8_t roll, pitch, maskMARCSTATE = 0x1F, maskTXBYTES = 0x7F, maskTxbytesBytesSent = SMARTRF_SETTING_PKTLEN, statusRegRet;
..\wireless_Impl.c(253): warning:  #177-D: variable "pitch" was declared but never referenced
        uint8_t roll, pitch, maskMARCSTATE = 0x1F, maskTXBYTES = 0x7F, maskTxbytesBytesSent = SMARTRF_SETTING_PKTLEN, statusRegRet;
..\wireless_Impl.c(253): warning:  #177-D: variable "maskTxbytesBytesSent" was declared but never referenced
        uint8_t roll, pitch, maskMARCSTATE = 0x1F, maskTXBYTES = 0x7F, maskTxbytesBytesSent = SMARTRF_SETTING_PKTLEN, statusRegRet;
..\wireless_Impl.c(254): warning:  #177-D: variable "rxBuffer" was declared but never referenced
        uint8_t rxBuffer[4];
..\wireless_Impl.c: 9 warnings, 0 errors
compiling wireless_spi_config.c...
compiling roll_motor.c...
compiling pitch_motor.c...
compiling roll_PWM_Timer.c...
compiling pitch_PWM_Timer.c...
compiling misc.c...
compiling stm32f4xx_adc.c...
compiling stm32f4xx_can.c...
compiling stm32f4xx_crc.c...
compiling stm32f4xx_cryp.c...
compiling stm32f4xx_cryp_aes.c...
compiling stm32f4xx_cryp_des.c...
compiling stm32f4xx_cryp_tdes.c...
compiling stm32f4xx_dac.c...
compiling stm32f4xx_dbgmcu.c...
compiling stm32f4xx_dcmi.c...
compiling stm32f4xx_dma.c...
compiling stm32f4xx_exti.c...
compiling stm32f4xx_flash.c...
compiling stm32f4xx_fsmc.c...
compiling stm32f4xx_gpio.c...
compiling stm32f4xx_hash.c...
compiling stm32f4xx_hash_md5.c...
compiling stm32f4xx_hash_sha1.c...
compiling stm32f4xx_i2c.c...
compiling stm32f4xx_iwdg.c...
compiling stm32f4xx_pwr.c...
compiling stm32f4xx_rcc.c...
compiling stm32f4xx_rng.c...
compiling stm32f4xx_rtc.c...
compiling stm32f4xx_sdio.c...
compiling stm32f4xx_spi.c...
compiling stm32f4xx_syscfg.c...
compiling stm32f4xx_tim.c...
compiling stm32f4xx_usart.c...
compiling stm32f4xx_wwdg.c...
linking...
Program Size: Code=15080 RO-data=548 RW-data=132 ZI-data=8628  
FromELF: creating hex file...
".\obj\output.axf" - 0 Error(s), 10 Warning(s).
Load "C:\\Users\\Gavin\\Desktop\\MB997C\\keil\\obj\\output.axf" 
Erase Done.
Programming Done.
Verify OK.
