ARM Linker, 5.03 [Build 76] [MDK-ARM Lite]

==============================================================================

Section Cross References

    system_stm32f4xx.o(.text) refers to system_stm32f4xx.o(.data) for SystemCoreClock
    startup_stm32f4xx.o(RESET) refers to startup_stm32f4xx.o(STACK) for __initial_sp
    startup_stm32f4xx.o(RESET) refers to startup_stm32f4xx.o(.text) for Reset_Handler
    startup_stm32f4xx.o(RESET) refers to hal_cm4.o(.emb_text) for SVC_Handler
    startup_stm32f4xx.o(RESET) refers to main.o(.text) for EXTI0_IRQHandler
    startup_stm32f4xx.o(RESET) refers to tilt_thread.o(.text) for EXTI1_IRQHandler
    startup_stm32f4xx.o(.text) refers to system_stm32f4xx.o(.text) for SystemInit
    startup_stm32f4xx.o(.text) refers to entry.o(.ARM.Collect$$$$00000000) for __main
    rtx_conf_cm.o(.ARM.Collect$$$$000000FF) refers to rt_cmsis.o(i.osKernelStart) for osKernelStart
    rtx_conf_cm.o(.ARM.Collect$$$$000000FF) refers to rtx_conf_cm.o(.constdata) for .constdata
    rtx_conf_cm.o(.constdata) refers to rt_cmsis.o(i.osTimerThread) for osTimerThread
    rtx_conf_cm.o(.constdata) refers to rtx_conf_cm.o(.bss) for os_messageQ_q_osTimerMessageQ
    rtx_conf_cm.o(.constdata) refers to main.o(.text) for main
    main.o(.text) refers to stm32f4xx_rcc.o(.text) for RCC_AHB1PeriphClockCmd
    main.o(.text) refers to stm32f4xx_gpio.o(.text) for GPIO_StructInit
    main.o(.text) refers to stm32f4xx_syscfg.o(.text) for SYSCFG_EXTILineConfig
    main.o(.text) refers to stm32f4xx_exti.o(.text) for EXTI_Init
    main.o(.text) refers to misc.o(.text) for NVIC_Init
    main.o(.text) refers to lcd_impl.o(.text) for LCD_Init
    main.o(.text) refers to wireless_impl.o(.text) for wireless_spi_Init
    main.o(.text) refers to printf3.o(i.__0printf$3) for __2printf
    main.o(.text) refers to rt_cmsis.o(i.osThreadCreate) for osThreadCreate
    main.o(.text) refers to rt_cmsis.o(i.osDelay) for osDelay
    main.o(.text) refers to keypad.o(.text) for keypad_column_init
    main.o(.text) refers to tilt_thread.o(.text) for sendSequence
    main.o(.text) refers to rt_cmsis.o(i.osSignalWait) for osSignalWait
    main.o(.text) refers to rt_cmsis.o(i.osThreadTerminate) for osThreadTerminate
    main.o(.text) refers to rt_cmsis.o(i.osSignalSet) for osSignalSet
    main.o(.text) refers to main.o(.constdata) for .constdata
    main.o(.text) refers to main.o(.data) for tid_mode_change
    main.o(.constdata) refers to tilt_thread.o(.text) for tilt_detection_thread
    main.o(.constdata) refers to main.o(.text) for keypad
    wireless_impl.o(.text) refers to stm32f4xx_spi.o(.text) for SPI_I2S_GetFlagStatus
    wireless_impl.o(.text) refers to stm32f4xx_gpio.o(.text) for GPIO_ResetBits
    wireless_impl.o(.text) refers to wireless_spi_config.o(.text) for wireless_spi_config
    wireless_impl.o(.text) refers to wireless_impl.o(.data) for WIRELESS_SPI_Timeout
    wireless_spi_config.o(.text) refers to stm32f4xx_rcc.o(.text) for RCC_APB2PeriphClockCmd
    wireless_spi_config.o(.text) refers to stm32f4xx_gpio.o(.text) for GPIO_PinAFConfig
    wireless_spi_config.o(.text) refers to stm32f4xx_spi.o(.text) for SPI_I2S_DeInit
    stm32f4_discovery_lis302dl.o(.text) refers to stm32f4xx_spi.o(.text) for SPI_I2S_GetFlagStatus
    stm32f4_discovery_lis302dl.o(.text) refers to stm32f4xx_gpio.o(.text) for GPIO_ResetBits
    stm32f4_discovery_lis302dl.o(.text) refers to stm32f4xx_rcc.o(.text) for RCC_APB2PeriphClockCmd
    stm32f4_discovery_lis302dl.o(.text) refers to stm32f4_discovery_lis302dl.o(.data) for LIS302DLTimeout
    mem_interrupt.o(.text) refers to stm32f4xx_rcc.o(.text) for RCC_AHB1PeriphClockCmd
    mem_interrupt.o(.text) refers to stm32f4xx_gpio.o(.text) for GPIO_StructInit
    mem_interrupt.o(.text) refers to stm32f4xx_syscfg.o(.text) for SYSCFG_EXTILineConfig
    mem_interrupt.o(.text) refers to stm32f4xx_exti.o(.text) for EXTI_Init
    mem_interrupt.o(.text) refers to misc.o(.text) for NVIC_Init
    mem_interrupt.o(.text) refers to stm32f4_discovery_lis302dl.o(.text) for LIS302DL_InterruptConfig
    tilt_thread.o(.text) refers to accelerometer_conf.o(.text) for set_Accelerometer_MEM
    tilt_thread.o(.text) refers to mem_interrupt.o(.text) for MEM_Interrupt_Config
    tilt_thread.o(.text) refers to rt_cmsis.o(i.osThreadGetId) for osThreadGetId
    tilt_thread.o(.text) refers to stm32f4_discovery_lis302dl.o(.text) for LIS302DL_ReadACC
    tilt_thread.o(.text) refers to rt_cmsis.o(i.osSignalWait) for osSignalWait
    tilt_thread.o(.text) refers to movingaveragefilter.o(.text) for MovingAverageFilter
    tilt_thread.o(.text) refers to calibration.o(.text) for get_calibration_data
    tilt_thread.o(.text) refers to tilt_angle_calculation.o(.text) for calculate_roll
    tilt_thread.o(.text) refers to rt_cmsis.o(i.osSignalSet) for osSignalSet
    tilt_thread.o(.text) refers to rt_cmsis.o(i.osSemaphoreWait) for osSemaphoreWait
[...]
    .text                                    0x0800338e   Section        0  dflti.o(.text)
    .text                                    0x080033b0   Section       40  cdrcmple.o(.text)
    .text                                    0x080033d8   Section       36  init.o(.text)
    .text                                    0x080033fc   Section        0  llshl.o(.text)
    .text                                    0x0800341a   Section        0  llushr.o(.text)
    .text                                    0x0800343a   Section        0  llsshr.o(.text)
    SVC_TABLE                                0x08003460   Section        4  SVC_Table.o(SVC_TABLE)
    i.__0printf$3                            0x08003464   Section        0  printf3.o(i.__0printf$3)
    i.__ARM_fpclassify                       0x08003484   Section        0  fpclassify.o(i.__ARM_fpclassify)
    i.__hardfp_atan                          0x080034b8   Section        0  atan.o(i.__hardfp_atan)
    i.__hardfp_pow                           0x080037a0   Section        0  pow.o(i.__hardfp_pow)
    i.__hardfp_sqrt                          0x08004430   Section        0  sqrt.o(i.__hardfp_sqrt)
    i.__kernel_poly                          0x080044aa   Section        0  poly.o(i.__kernel_poly)
    i.__mathlib_dbl_underflow                0x080045a8   Section        0  dunder.o(i.__mathlib_dbl_underflow)
    i.__scatterload_copy                     0x080045c8   Section       14  handlers.o(i.__scatterload_copy)
    i.__scatterload_null                     0x080045d6   Section        2  handlers.o(i.__scatterload_null)
    i.__scatterload_zeroinit                 0x080045d8   Section       14  handlers.o(i.__scatterload_zeroinit)
    i.__set_errno                            0x080045e8   Section        0  errno.o(i.__set_errno)
    i._init_box                              0x080045f4   Section        0  rt_membox.o(i._init_box)
    i._printf_core                           0x0800463c   Section        0  printf3.o(i._printf_core)
    _printf_core                             0x0800463d   Thumb Code   436  printf3.o(i._printf_core)
    i.dbg_init                               0x080047f4   Section        0  hal_cm.o(i.dbg_init)
    i.dbg_task_notify                        0x08004824   Section        0  hal_cm.o(i.dbg_task_notify)
    i.dbg_task_switch                        0x08004844   Section        0  hal_cm.o(i.dbg_task_switch)
    i.fabs                                   0x08004854   Section        0  fabs.o(i.fabs)
    i.isrMessagePut                          0x08004874   Section        0  rt_cmsis.o(i.isrMessagePut)
    isrMessagePut                            0x08004875   Thumb Code    44  rt_cmsis.o(i.isrMessagePut)
    i.isr_evt_set                            0x080048a0   Section        0  rt_event.o(i.isr_evt_set)
    i.isr_mbx_receive                        0x080048c8   Section        0  rt_mailbox.o(i.isr_mbx_receive)
    i.isr_mbx_send                           0x08004918   Section        0  rt_mailbox.o(i.isr_mbx_send)
    i.isr_sem_send                           0x08004926   Section        0  rt_semaphore.o(i.isr_sem_send)
    i.osDelay                                0x08004938   Section        0  rt_cmsis.o(i.osDelay)
    i.osKernelStart                          0x08004950   Section        0  rt_cmsis.o(i.osKernelStart)
    i.osMessageGet                           0x080049b8   Section        0  rt_cmsis.o(i.osMessageGet)
    i.osSemaphoreRelease                     0x080049fc   Section        0  rt_cmsis.o(i.osSemaphoreRelease)
    i.osSemaphoreWait                        0x08004a2c   Section        0  rt_cmsis.o(i.osSemaphoreWait)
    i.osSignalSet                            0x08004a44   Section        0  rt_cmsis.o(i.osSignalSet)
    i.osSignalWait                           0x08004a78   Section        0  rt_cmsis.o(i.osSignalWait)
    i.osThreadCreate                         0x08004a90   Section        0  rt_cmsis.o(i.osThreadCreate)
    i.osThreadExit                           0x08004aa8   Section        0  rt_cmsis.o(i.osThreadExit)
    i.osThreadGetId                          0x08004ac0   Section        0  rt_cmsis.o(i.osThreadGetId)
    i.osThreadTerminate                      0x08004ad8   Section        0  rt_cmsis.o(i.osThreadTerminate)
    i.osTimerCall                            0x08004af0   Section        0  rt_cmsis.o(i.osTimerCall)
    i.osTimerThread                          0x08004afc   Section        0  rt_cmsis.o(i.osTimerThread)
    i.rt_alloc_box                           0x08004b28   Section        0  rt_membox.o(i.rt_alloc_box)
    i.rt_alloc_mem                           0x08004b44   Section        0  rt_memory.o(i.rt_alloc_mem)
    i.rt_block                               0x08004b80   Section        0  rt_task.o(i.rt_block)
    i.rt_chk_robin                           0x08004bb8   Section        0  rt_robin.o(i.rt_chk_robin)
    i.rt_dec_dly                             0x08004c00   Section        0  rt_list.o(i.rt_dec_dly)
    i.rt_dispatch                            0x08004c70   Section        0  rt_task.o(i.rt_dispatch)
    i.rt_dly_wait                            0x08004cb4   Section        0  rt_time.o(i.rt_dly_wait)
    i.rt_evt_psh                             0x08004cbc   Section        0  rt_event.o(i.rt_evt_psh)
    i.rt_evt_set                             0x08004d0c   Section        0  rt_event.o(i.rt_evt_set)
    i.rt_evt_wait                            0x08004d68   Section        0  rt_event.o(i.rt_evt_wait)
    i.rt_free_box                            0x08004da8   Section        0  rt_membox.o(i.rt_free_box)
    i.rt_free_mem                            0x08004dc8   Section        0  rt_memory.o(i.rt_free_mem)
    i.rt_get_first                           0x08004df0   Section        0  rt_list.o(i.rt_get_first)
    i.rt_id2obj                              0x08004e18   Section        0  rt_cmsis.o(i.rt_id2obj)
    rt_id2obj                                0x08004e19   Thumb Code     8  rt_cmsis.o(i.rt_id2obj)
    i.rt_init_context                        0x08004e20   Section        0  rt_task.o(i.rt_init_context)
    rt_init_context                          0x08004e21   Thumb Code    60  rt_task.o(i.rt_init_context)
    i.rt_init_mem                            0x08004e60   Section        0  rt_memory.o(i.rt_init_mem)
    i.rt_init_robin                          0x08004e7c   Section        0  rt_robin.o(i.rt_init_robin)
    i.rt_init_stack                          0x08004e94   Section        0  hal_cm.o(i.rt_init_stack)
    i.rt_mbx_check                           0x08004ee4   Section        0  rt_mailbox.o(i.rt_mbx_check)
    i.rt_mbx_init                            0x08004eec   Section        0  rt_mailbox.o(i.rt_mbx_init)
    i.rt_mbx_psh                             0x08004f08   Section        0  rt_mailbox.o(i.rt_mbx_psh)
    i.rt_mbx_wait                            0x08005004   Section        0  rt_mailbox.o(i.rt_mbx_wait)
    i.rt_ms2tick                             0x080050b8   Section        0  rt_cmsis.o(i.rt_ms2tick)
    rt_ms2tick                               0x080050b9   Thumb Code    50  rt_cmsis.o(i.rt_ms2tick)
    i.rt_pop_req                             0x080050f4   Section        0  rt_system.o(i.rt_pop_req)
    i.rt_psh_req                             0x0800516c   Section        0  rt_system.o(i.rt_psh_req)
    i.rt_psq_enq                             0x0800518c   Section        0  rt_list.o(i.rt_psq_enq)
    i.rt_put_dly                             0x080051e4   Section        0  rt_list.o(i.rt_put_dly)
    i.rt_put_prio                            0x08005240   Section        0  rt_list.o(i.rt_put_prio)
    i.rt_put_rdy_first                       0x08005278   Section        0  rt_list.o(i.rt_put_rdy_first)
    i.rt_ret_regs                            0x0800528c   Section        0  hal_cm.o(i.rt_ret_regs)
    rt_ret_regs                              0x0800528d   Thumb Code    16  hal_cm.o(i.rt_ret_regs)
    i.rt_ret_val                             0x0800529c   Section        0  hal_cm.o(i.rt_ret_val)
    i.rt_ret_val2                            0x080052a8   Section        0  hal_cm.o(i.rt_ret_val2)
    i.rt_rmv_dly                             0x080052b8   Section        0  rt_list.o(i.rt_rmv_dly)
    i.rt_rmv_list                            0x080052e0   Section        0  rt_list.o(i.rt_rmv_list)
    i.rt_sem_psh                             0x08005310   Section        0  rt_semaphore.o(i.rt_sem_psh)
    i.rt_sem_send                            0x08005344   Section        0  rt_semaphore.o(i.rt_sem_send)
    i.rt_sem_wait                            0x08005370   Section        0  rt_semaphore.o(i.rt_sem_wait)
    i.rt_stk_check                           0x080053ac   Section        0  rt_system.o(i.rt_stk_check)
    i.rt_switch_req                          0x080053d0   Section        0  rt_task.o(i.rt_switch_req)
    i.rt_sys_init                            0x080053f8   Section        0  rt_task.o(i.rt_sys_init)
    i.rt_systick                             0x08005538   Section        0  rt_system.o(i.rt_systick)
    i.rt_tid2ptcb                            0x08005574   Section        0  rt_cmsis.o(i.rt_tid2ptcb)
    rt_tid2ptcb                              0x08005575   Thumb Code    18  rt_cmsis.o(i.rt_tid2ptcb)
    i.rt_timer_insert                        0x08005588   Section        0  rt_cmsis.o(i.rt_timer_insert)
    rt_timer_insert                          0x08005589   Thumb Code    56  rt_cmsis.o(i.rt_timer_insert)
    i.rt_tsk_create                          0x080055c4   Section        0  rt_task.o(i.rt_tsk_create)
    i.rt_tsk_delete                          0x08005644   Section        0  rt_task.o(i.rt_tsk_delete)
    i.rt_tsk_self                            0x080056f0   Section        0  rt_task.o(i.rt_tsk_self)
    i.sqrt                                   0x08005700   Section        0  sqrt.o(i.sqrt)
    i.svcDelay                               0x0800576e   Section        0  rt_cmsis.o(i.svcDelay)
    i.svcKernelStart                         0x08005784   Section        0  rt_cmsis.o(i.svcKernelStart)
    i.svcMessageCreate                       0x08005858   Section        0  rt_cmsis.o(i.svcMessageCreate)
    i.svcMessageGet                          0x0800587c   Section        0  rt_cmsis.o(i.svcMessageGet)
    i.svcSemaphoreRelease                    0x080058b6   Section        0  rt_cmsis.o(i.svcSemaphoreRelease)
    i.svcSemaphoreWait                       0x080058d0   Section        0  rt_cmsis.o(i.svcSemaphoreWait)
    i.svcSignalSet                           0x08005906   Section        0  rt_cmsis.o(i.svcSignalSet)
    i.svcSignalWait                          0x0800592c   Section        0  rt_cmsis.o(i.svcSignalWait)
    i.svcThreadCreate                        0x08005980   Section        0  rt_cmsis.o(i.svcThreadCreate)
    i.svcThreadGetId                         0x080059f0   Section        0  rt_cmsis.o(i.svcThreadGetId)
    i.svcThreadTerminate                     0x08005a0c   Section        0  rt_cmsis.o(i.svcThreadTerminate)
    i.svcTimerCall                           0x08005a44   Section        0  rt_cmsis.o(i.svcTimerCall)
    i.sysTimerTick                           0x08005a5c   Section        0  rt_cmsis.o(i.sysTimerTick)
    .constdata                               0x08005ab0   Section       88  rtx_conf_cm.o(.constdata)
    __tagsym$$used                           0x08005ac4   Number         0  rtx_conf_cm.o(.constdata)
    __tagsym$$used                           0x08005ac8   Number         0  rtx_conf_cm.o(.constdata)
    .constdata                               0x08005b08   Section       90  main.o(.constdata)
    .constdata                               0x08005b68   Section      152  atan.o(.constdata)
    atanhi                                   0x08005b68   Data          32  atan.o(.constdata)
    atanlo                                   0x08005b88   Data          32  atan.o(.constdata)
    aTodd                                    0x08005ba8   Data          40  atan.o(.constdata)
    aTeven                                   0x08005bd0   Data          48  atan.o(.constdata)
    .constdata                               0x08005c00   Section      136  pow.o(.constdata)
    bp                                       0x08005c00   Data          16  pow.o(.constdata)
    dp_h                                     0x08005c10   Data          16  pow.o(.constdata)
    dp_l                                     0x08005c20   Data          16  pow.o(.constdata)
    L                                        0x08005c30   Data          48  pow.o(.constdata)
    P                                        0x08005c60   Data          40  pow.o(.constdata)
    .constdata                               0x08005c88   Section        8  qnan.o(.constdata)
    .bss                                     0x10000000   Section     6992  rtx_conf_cm.o(.bss)
    .data                                    0x20000000   Section       20  system_stm32f4xx.o(.data)
    .data                                    0x20000014   Section       16  rtx_conf_cm.o(.data)
    .data                                    0x20000024   Section       32  main.o(.data)
    .data                                    0x20000044   Section        8  fputc_debug.o(.data)
    .data                                    0x2000004c   Section        4  wireless_impl.o(.data)
    .data                                    0x20000050   Section        4  stm32f4_discovery_lis302dl.o(.data)
    .data                                    0x20000054   Section       52  tilt_thread.o(.data)
    reset_flag                               0x20000058   Data           4  tilt_thread.o(.data)
    DisplayTiltFlag                          0x2000005c   Data           1  tilt_thread.o(.data)
    Interrupt_Flag                           0x2000006c   Data           4  tilt_thread.o(.data)
    Interrupt_Timer_LED                      0x20000070   Data           4  tilt_thread.o(.data)
    roll                                     0x20000074   Data           4  tilt_thread.o(.data)
    pitch                                    0x20000078   Data           4  tilt_thread.o(.data)
    .data                                    0x20000088   Section       16  stm32f4xx_rcc.o(.data)
    APBAHBPrescTable                         0x20000088   Data          16  stm32f4xx_rcc.o(.data)
    .data                                    0x20000098   Section        4  rt_cmsis.o(.data)
    .data                                    0x2000009c   Section        8  rt_task.o(.data)
    .data                                    0x200000a4   Section        3  rt_system.o(.data)
    os_lock                                  0x200000a4   Data           1  rt_system.o(.data)
    os_psh_flag                              0x200000a5   Data           1  rt_system.o(.data)
    pend_flags                               0x200000a6   Data           1  rt_system.o(.data)
    .data                                    0x200000a8   Section        2  rt_time.o(.data)
    .data                                    0x200000aa   Section        1  hal_cm.o(.data)
    .data                                    0x200000ac   Section        8  rt_robin.o(.data)
    .data                                    0x200000b4   Section        4  errno.o(.data)
    _errno                                   0x200000b4   Data           4  errno.o(.data)
    .bss                                     0x200000b8   Section       12  tilt_thread.o(.bss)
    .bss                                     0x200000c4   Section       48  rt_task.o(.bss)
    .bss                                     0x200000f4   Section       48  rt_list.o(.bss)
    STACK                                    0x20000128   Section     1024  startup_stm32f4xx.o(STACK)

    Global Symbols

    Symbol Name                              Value     Ov Type        Size  Object(Section)

    BuildAttributes$$THM_ISAv4$E$P$D$K$B$S$7EM$VFPi3$EXTD16$VFPS$VFMA$PE$A:L22UL41UL21$X:L11$S22US41US21$IEEE1$IW$USESV6$~STKCKD$USESV7$~SHL$OTIME$ROPI$IEEEX$EBA8$MICROLIB$REQ8$PRES8$EABIv2 0x00000000   Number         0  anon$$obj.o ABSOLUTE
    __ARM_use_no_argv                        0x00000000   Number         0  main.o ABSOLUTE
    __use_no_errno                           0x00000000   Number         0  useno.o ABSOLUTE
    __use_no_exception_handling              0x00000000   Number         0  useno.o ABSOLUTE
    __use_no_fp                              0x00000000   Number         0  useno.o ABSOLUTE
    __use_no_heap                            0x00000000   Number         0  useno.o ABSOLUTE
    __use_no_heap_region                     0x00000000   Number         0  useno.o ABSOLUTE
    __use_no_semihosting                     0x00000000   Number         0  useno.o ABSOLUTE
    __use_no_semihosting_swi                 0x00000000   Number         0  useno.o ABSOLUTE
    __use_no_signal_handling                 0x00000000   Number         0  useno.o ABSOLUTE
    _printf_a                                0x00000000   Number         0  stubs.o ABSOLUTE
    _printf_c                                0x00000000   Number         0  stubs.o ABSOLUTE
    _printf_charcount                        0x00000000   Number         0  stubs.o ABSOLUTE
    _printf_d                                0x00000000   Number         0  stubs.o ABSOLUTE
    _printf_e                                0x00000000   Number         0  stubs.o ABSOLUTE
    _printf_f                                0x00000000   Number         0  stubs.o ABSOLUTE
    _printf_flags                            0x00000000   Number         0  stubs.o ABSOLUTE
    _printf_fp_dec                           0x00000000   Number         0  stubs.o ABSOLUTE
    _printf_fp_hex                           0x00000000   Number         0  stubs.o ABSOLUTE
    _printf_g                                0x00000000   Number         0  stubs.o ABSOLUTE
    _printf_i                                0x00000000   Number         0  stubs.o ABSOLUTE
    _printf_int_dec                          0x00000000   Number         0  stubs.o ABSOLUTE
    _printf_l                                0x00000000   Number         0  stubs.o ABSOLUTE
    _printf_lc                               0x00000000   Number         0  stubs.o ABSOLUTE
    _printf_ll                               0x00000000   Number         0  stubs.o ABSOLUTE
    _printf_lld                              0x00000000   Number         0  stubs.o ABSOLUTE
    _printf_lli                              0x00000000   Number         0  stubs.o ABSOLUTE
    _printf_llo                              0x00000000   Number         0  stubs.o ABSOLUTE
    _printf_llu                              0x00000000   Number         0  stubs.o ABSOLUTE
    _printf_llx                              0x00000000   Number         0  stubs.o ABSOLUTE
    _printf_longlong_dec                     0x00000000   Number         0  stubs.o ABSOLUTE
    _printf_longlong_hex                     0x00000000   Number         0  stubs.o ABSOLUTE
    _printf_longlong_oct                     0x00000000   Number         0  stubs.o ABSOLUTE
    _printf_ls                               0x00000000   Number         0  stubs.o ABSOLUTE
    _printf_mbtowc                           0x00000000   Number         0  stubs.o ABSOLUTE
    _printf_n                                0x00000000   Number         0  stubs.o ABSOLUTE
    _printf_o                                0x00000000   Number         0  stubs.o ABSOLUTE
    _printf_p                                0x00000000   Number         0  stubs.o ABSOLUTE
    _printf_percent                          0x00000000   Number         0  stubs.o ABSOLUTE
    _printf_pre_padding                      0x00000000   Number         0  stubs.o ABSOLUTE
    _printf_return_value                     0x00000000   Number         0  stubs.o ABSOLUTE
    _printf_s                                0x00000000   Number         0  stubs.o ABSOLUTE
    _printf_sizespec                         0x00000000   Number         0  stubs.o ABSOLUTE
    _printf_str                              0x00000000   Number         0  stubs.o ABSOLUTE
    _printf_truncate_signed                  0x00000000   Number         0  stubs.o ABSOLUTE
    _printf_truncate_unsigned                0x00000000   Number         0  stubs.o ABSOLUTE
    _printf_u                                0x00000000   Number         0  stubs.o ABSOLUTE
    _printf_wc                               0x00000000   Number         0  stubs.o ABSOLUTE
    _printf_wctomb                           0x00000000   Number         0  stubs.o ABSOLUTE
    _printf_widthprec                        0x00000000   Number         0  stubs.o ABSOLUTE
    _printf_x                                0x00000000   Number         0  stubs.o ABSOLUTE
    __cpp_initialize__aeabi_                  - Undefined Weak Reference
    __cxa_finalize                            - Undefined Weak Reference
    __decompress                              - Undefined Weak Reference
    _clock_init                               - Undefined Weak Reference
    _microlib_exit                            - Undefined Weak Reference
    __Vectors_Size                           0x00000188   Number         0  startup_stm32f4xx.o ABSOLUTE
    __RL_RTX_VER                             0x00000422   Number         0  rt_system.o ABSOLUTE
    __Vectors                                0x08000000   Data           4  startup_stm32f4xx.o(RESET)
    __Vectors_End                            0x08000188   Data           0  startup_stm32f4xx.o(RESET)
    __main                                   0x08000189   Thumb Code     0  entry.o(.ARM.Collect$$$$00000000)
    _main_stk                                0x08000189   Thumb Code     0  entry2.o(.ARM.Collect$$$$00000001)
    _main_scatterload                        0x0800018d   Thumb Code     0  entry5.o(.ARM.Collect$$$$00000004)
    __main_after_scatterload                 0x08000191   Thumb Code     0  entry5.o(.ARM.Collect$$$$00000004)
    __rt_final_cpp                           0x08000191   Thumb Code     0  entry10a.o(.ARM.Collect$$$$0000000D)
    __rt_final_exit                          0x08000191   Thumb Code     0  entry11a.o(.ARM.Collect$$$$0000000F)
    _main_clock                              0x08000191   Thumb Code     0  entry7b.o(.ARM.Collect$$$$00000008)
    _main_cpp_init                           0x08000191   Thumb Code     0  entry8b.o(.ARM.Collect$$$$0000000A)
    _main_init                               0x08000191   Thumb Code    10  rtx_conf_cm.o(.ARM.Collect$$$$000000FF)
    rt_set_PSP                               0x080001a5   Thumb Code     6  hal_cm4.o(.emb_text)
    os_set_env                               0x080001ab   Thumb Code    26  hal_cm4.o(.emb_text)
    _alloc_box                               0x080001c9   Thumb Code    28  hal_cm4.o(.emb_text)
    _free_box                                0x080001e9   Thumb Code    28  hal_cm4.o(.emb_text)
    SVC_Handler                              0x08000209   Thumb Code   152  hal_cm4.o(.emb_text)
    PendSV_Handler                           0x080002ad   Thumb Code     0  hal_cm4.o(.emb_text)
    Sys_Handler                              0x080002ad   Thumb Code   104  hal_cm4.o(.emb_text)
    SysTick_Handler                          0x0800030d   Thumb Code     0  hal_cm4.o(.emb_text)
    SystemInit                               0x080003f3   Thumb Code    88  system_stm32f4xx.o(.text)
    SystemCoreClockUpdate                    0x0800044b   Thumb Code   174  system_stm32f4xx.o(.text)
    Reset_Handler                            0x08000525   Thumb Code     8  startup_stm32f4xx.o(.text)
    NMI_Handler                              0x0800052d   Thumb Code     2  startup_stm32f4xx.o(.text)
    HardFault_Handler                        0x0800052f   Thumb Code     2  startup_stm32f4xx.o(.text)
    MemManage_Handler                        0x08000531   Thumb Code     2  startup_stm32f4xx.o(.text)
    BusFault_Handler                         0x08000533   Thumb Code     2  startup_stm32f4xx.o(.text)
    UsageFault_Handler                       0x08000535   Thumb Code     2  startup_stm32f4xx.o(.text)
    DebugMon_Handler                         0x08000539   Thumb Code     2  startup_stm32f4xx.o(.text)
    ADC_IRQHandler                           0x0800053f   Thumb Code     0  startup_stm32f4xx.o(.text)
    CAN1_RX0_IRQHandler                      0x0800053f   Thumb Code     0  startup_stm32f4xx.o(.text)
    CAN1_RX1_IRQHandler                      0x0800053f   Thumb Code     0  startup_stm32f4xx.o(.text)
    CAN1_SCE_IRQHandler                      0x0800053f   Thumb Code     0  startup_stm32f4xx.o(.text)
    CAN1_TX_IRQHandler                       0x0800053f   Thumb Code     0  startup_stm32f4xx.o(.text)
    CAN2_RX0_IRQHandler                      0x0800053f   Thumb Code     0  startup_stm32f4xx.o(.text)
    CAN2_RX1_IRQHandler                      0x0800053f   Thumb Code     0  startup_stm32f4xx.o(.text)
    CAN2_SCE_IRQHandler                      0x0800053f   Thumb Code     0  startup_stm32f4xx.o(.text)
    CAN2_TX_IRQHandler                       0x0800053f   Thumb Code     0  startup_stm32f4xx.o(.text)
    CRYP_IRQHandler                          0x0800053f   Thumb Code     0  startup_stm32f4xx.o(.text)
    DCMI_IRQHandler                          0x0800053f   Thumb Code     0  startup_stm32f4xx.o(.text)
    DMA1_Stream0_IRQHandler                  0x0800053f   Thumb Code     0  startup_stm32f4xx.o(.text)
    DMA1_Stream1_IRQHandler                  0x0800053f   Thumb Code     0  startup_stm32f4xx.o(.text)
    DMA1_Stream2_IRQHandler                  0x0800053f   Thumb Code     0  startup_stm32f4xx.o(.text)
    DMA1_Stream3_IRQHandler                  0x0800053f   Thumb Code     0  startup_stm32f4xx.o(.text)
    DMA1_Stream4_IRQHandler                  0x0800053f   Thumb Code     0  startup_stm32f4xx.o(.text)
    DMA1_Stream5_IRQHandler                  0x0800053f   Thumb Code     0  startup_stm32f4xx.o(.text)
    DMA1_Stream6_IRQHandler                  0x0800053f   Thumb Code     0  startup_stm32f4xx.o(.text)
    DMA1_Stream7_IRQHandler                  0x0800053f   Thumb Code     0  startup_stm32f4xx.o(.text)
    DMA2_Stream0_IRQHandler                  0x0800053f   Thumb Code     0  startup_stm32f4xx.o(.text)
    DMA2_Stream1_IRQHandler                  0x0800053f   Thumb Code     0  startup_stm32f4xx.o(.text)
    DMA2_Stream2_IRQHandler                  0x0800053f   Thumb Code     0  startup_stm32f4xx.o(.text)
    DMA2_Stream3_IRQHandler                  0x0800053f   Thumb Code     0  startup_stm32f4xx.o(.text)
    DMA2_Stream4_IRQHandler                  0x0800053f   Thumb Code     0  startup_stm32f4xx.o(.text)
    DMA2_Stream5_IRQHandler                  0x0800053f   Thumb Code     0  startup_stm32f4xx.o(.text)
    DMA2_Stream6_IRQHandler                  0x0800053f   Thumb Code     0  startup_stm32f4xx.o(.text)
    DMA2_Stream7_IRQHandler                  0x0800053f   Thumb Code     0  startup_stm32f4xx.o(.text)
    ETH_IRQHandler                           0x0800053f   Thumb Code     0  startup_stm32f4xx.o(.text)
    ETH_WKUP_IRQHandler                      0x0800053f   Thumb Code     0  startup_stm32f4xx.o(.text)
    EXTI15_10_IRQHandler                     0x0800053f   Thumb Code     0  startup_stm32f4xx.o(.text)
    EXTI2_IRQHandler                         0x0800053f   Thumb Code     0  startup_stm32f4xx.o(.text)
    EXTI3_IRQHandler                         0x0800053f   Thumb Code     0  startup_stm32f4xx.o(.text)
    EXTI4_IRQHandler                         0x0800053f   Thumb Code     0  startup_stm32f4xx.o(.text)
    EXTI9_5_IRQHandler                       0x0800053f   Thumb Code     0  startup_stm32f4xx.o(.text)
    FLASH_IRQHandler                         0x0800053f   Thumb Code     0  startup_stm32f4xx.o(.text)
    FPU_IRQHandler                           0x0800053f   Thumb Code     0  startup_stm32f4xx.o(.text)
    FSMC_IRQHandler                          0x0800053f   Thumb Code     0  startup_stm32f4xx.o(.text)
    HASH_RNG_IRQHandler                      0x0800053f   Thumb Code     0  startup_stm32f4xx.o(.text)
    I2C1_ER_IRQHandler                       0x0800053f   Thumb Code     0  startup_stm32f4xx.o(.text)
    I2C1_EV_IRQHandler                       0x0800053f   Thumb Code     0  startup_stm32f4xx.o(.text)
    I2C2_ER_IRQHandler                       0x0800053f   Thumb Code     0  startup_stm32f4xx.o(.text)
    I2C2_EV_IRQHandler                       0x0800053f   Thumb Code     0  startup_stm32f4xx.o(.text)
    I2C3_ER_IRQHandler                       0x0800053f   Thumb Code     0  startup_stm32f4xx.o(.text)
    I2C3_EV_IRQHandler                       0x0800053f   Thumb Code     0  startup_stm32f4xx.o(.text)
    OTG_FS_IRQHandler                        0x0800053f   Thumb Code     0  startup_stm32f4xx.o(.text)
    OTG_FS_WKUP_IRQHandler                   0x0800053f   Thumb Code     0  startup_stm32f4xx.o(.text)
    OTG_HS_EP1_IN_IRQHandler                 0x0800053f   Thumb Code     0  startup_stm32f4xx.o(.text)
    OTG_HS_EP1_OUT_IRQHandler                0x0800053f   Thumb Code     0  startup_stm32f4xx.o(.text)
    OTG_HS_IRQHandler                        0x0800053f   Thumb Code     0  startup_stm32f4xx.o(.text)
    OTG_HS_WKUP_IRQHandler                   0x0800053f   Thumb Code     0  startup_stm32f4xx.o(.text)
    PVD_IRQHandler                           0x0800053f   Thumb Code     0  startup_stm32f4xx.o(.text)
    RCC_IRQHandler                           0x0800053f   Thumb Code     0  startup_stm32f4xx.o(.text)
    RTC_Alarm_IRQHandler                     0x0800053f   Thumb Code     0  startup_stm32f4xx.o(.text)
    RTC_WKUP_IRQHandler                      0x0800053f   Thumb Code     0  startup_stm32f4xx.o(.text)
    SDIO_IRQHandler                          0x0800053f   Thumb Code     0  startup_stm32f4xx.o(.text)
    SPI1_IRQHandler                          0x0800053f   Thumb Code     0  startup_stm32f4xx.o(.text)
    SPI2_IRQHandler                          0x0800053f   Thumb Code     0  startup_stm32f4xx.o(.text)
    SPI3_IRQHandler                          0x0800053f   Thumb Code     0  startup_stm32f4xx.o(.text)
    TAMP_STAMP_IRQHandler                    0x0800053f   Thumb Code     0  startup_stm32f4xx.o(.text)
    TIM1_BRK_TIM9_IRQHandler                 0x0800053f   Thumb Code     0  startup_stm32f4xx.o(.text)
    TIM1_CC_IRQHandler                       0x0800053f   Thumb Code     0  startup_stm32f4xx.o(.text)
    TIM1_TRG_COM_TIM11_IRQHandler            0x0800053f   Thumb Code     0  startup_stm32f4xx.o(.text)
    TIM1_UP_TIM10_IRQHandler                 0x0800053f   Thumb Code     0  startup_stm32f4xx.o(.text)
    TIM2_IRQHandler                          0x0800053f   Thumb Code     0  startup_stm32f4xx.o(.text)
    TIM3_IRQHandler                          0x0800053f   Thumb Code     0  startup_stm32f4xx.o(.text)
    TIM4_IRQHandler                          0x0800053f   Thumb Code     0  startup_stm32f4xx.o(.text)
    TIM5_IRQHandler                          0x0800053f   Thumb Code     0  startup_stm32f4xx.o(.text)
    TIM6_DAC_IRQHandler                      0x0800053f   Thumb Code     0  startup_stm32f4xx.o(.text)
    TIM7_IRQHandler                          0x0800053f   Thumb Code     0  startup_stm32f4xx.o(.text)
    TIM8_BRK_TIM12_IRQHandler                0x0800053f   Thumb Code     0  startup_stm32f4xx.o(.text)
    TIM8_CC_IRQHandler                       0x0800053f   Thumb Code     0  startup_stm32f4xx.o(.text)
    TIM8_TRG_COM_TIM14_IRQHandler            0x0800053f   Thumb Code     0  startup_stm32f4xx.o(.text)
    TIM8_UP_TIM13_IRQHandler                 0x0800053f   Thumb Code     0  startup_stm32f4xx.o(.text)
    UART4_IRQHandler                         0x0800053f   Thumb Code     0  startup_stm32f4xx.o(.text)
    UART5_IRQHandler                         0x0800053f   Thumb Code     0  startup_stm32f4xx.o(.text)
    USART1_IRQHandler                        0x0800053f   Thumb Code     0  startup_stm32f4xx.o(.text)
    USART2_IRQHandler                        0x0800053f   Thumb Code     0  startup_stm32f4xx.o(.text)
    USART3_IRQHandler                        0x0800053f   Thumb Code     0  startup_stm32f4xx.o(.text)
    USART6_IRQHandler                        0x0800053f   Thumb Code     0  startup_stm32f4xx.o(.text)
    WWDG_IRQHandler                          0x0800053f   Thumb Code     0  startup_stm32f4xx.o(.text)
    os_idle_demon                            0x08000549   Thumb Code     4  rtx_conf_cm.o(.text)
    os_error                                 0x0800054d   Thumb Code     4  rtx_conf_cm.o(.text)
    EXTI_NVIC_Config_PushButton              0x08000551   Thumb Code   120  main.o(.text)
    main                                     0x080005c9   Thumb Code    76  main.o(.text)
    keypad                                   0x08000615   Thumb Code   106  main.o(.text)
    mode_change_thread                       0x0800067f   Thumb Code   306  main.o(.text)
    EXTI0_IRQHandler                         0x080007b1   Thumb Code    28  main.o(.text)
    fputc                                    0x0800093b   Thumb Code    14  fputc_debug.o(.text)
    _ttywrch                                 0x08000949   Thumb Code    12  fputc_debug.o(.text)
    _sys_exit                                0x08000955   Thumb Code     4  fputc_debug.o(.text)
    WIRELESS_SPI_TIMEOUT_UserCallback        0x0800095d   Thumb Code     2  wireless_impl.o(.text)
    WIRELESS_SPI_Write                       0x080009c9   Thumb Code    70  wireless_impl.o(.text)
    send_command_strobe                      0x08000a0f   Thumb Code    32  wireless_impl.o(.text)
    wireless_config_settings                 0x08000a2f   Thumb Code   612  wireless_impl.o(.text)
    wireless_spi_Init                        0x08000c93   Thumb Code    12  wireless_impl.o(.text)
    WIRELESS_SPI_Read                        0x08000c9f   Thumb Code    70  wireless_impl.o(.text)
    read_Status_Register                     0x08000ce5   Thumb Code    46  wireless_impl.o(.text)
    wirelessTransmit_TX                      0x08000d13   Thumb Code   186  wireless_impl.o(.text)
    wirelessReceive_RX                       0x08000dcd   Thumb Code    88  wireless_impl.o(.text)
    wireless_spi_config                      0x08000e25   Thumb Code   246  wireless_spi_config.o(.text)
    LIS302DL_TIMEOUT_UserCallback            0x08000f29   Thumb Code     2  stm32f4_discovery_lis302dl.o(.text)
    LIS302DL_Write                           0x08000f95   Thumb Code    58  stm32f4_discovery_lis302dl.o(.text)
    LIS302DL_Init                            0x080010f5   Thumb Code    44  stm32f4_discovery_lis302dl.o(.text)
    LIS302DL_Read                            0x08001121   Thumb Code    66  stm32f4_discovery_lis302dl.o(.text)
    LIS302DL_FilterConfig                    0x08001163   Thumb Code    58  stm32f4_discovery_lis302dl.o(.text)
    LIS302DL_InterruptConfig                 0x0800119d   Thumb Code    42  stm32f4_discovery_lis302dl.o(.text)
    LIS302DL_LowpowerCmd                     0x080011c7   Thumb Code    44  stm32f4_discovery_lis302dl.o(.text)
    LIS302DL_DataRateCmd                     0x080011f3   Thumb Code    44  stm32f4_discovery_lis302dl.o(.text)
    LIS302DL_FullScaleCmd                    0x0800121f   Thumb Code    44  stm32f4_discovery_lis302dl.o(.text)
    LIS302DL_RebootCmd                       0x0800124b   Thumb Code    34  stm32f4_discovery_lis302dl.o(.text)
    LIS302DL_ReadACC                         0x0800126d   Thumb Code   112  stm32f4_discovery_lis302dl.o(.text)
    get_calibration_data                     0x080012ed   Thumb Code   254  calibration.o(.text)
    EXTI_NVIC_Config                         0x08001401   Thumb Code   116  mem_interrupt.o(.text)
    MEM_Interrupt_Config                     0x08001475   Thumb Code    42  mem_interrupt.o(.text)
    MovingAverageFilter                      0x080014a5   Thumb Code   114  movingaveragefilter.o(.text)
    MovingAverageFilterTemperature           0x08001517   Thumb Code   140  movingaveragefilter.o(.text)
    tilt_detection_thread                    0x080015a9   Thumb Code   284  tilt_thread.o(.text)
    tilt_DispFlag_thread                     0x080016c5   Thumb Code    80  tilt_thread.o(.text)
    transmitTiltAngles                       0x08001715   Thumb Code   106  tilt_thread.o(.text)
    sendSequence                             0x0800177f   Thumb Code   110  tilt_thread.o(.text)
    EXTI1_IRQHandler                         0x080017ed   Thumb Code    28  tilt_thread.o(.text)
    set_Accelerometer_MEM                    0x08001871   Thumb Code    38  accelerometer_conf.o(.text)
    calculate_pitch                          0x08001899   Thumb Code   296  tilt_angle_calculation.o(.text)
    calculate_roll                           0x080019c1   Thumb Code   296  tilt_angle_calculation.o(.text)
    keypad_column_init                       0x08001af9   Thumb Code    90  keypad.o(.text)
    keypad_row_init                          0x08001b53   Thumb Code    88  keypad.o(.text)
    readKeyColumn                            0x08001bab   Thumb Code    76  keypad.o(.text)
    readKeyRow                               0x08001bf7   Thumb Code    82  keypad.o(.text)
    read_keypad                              0x08001c49   Thumb Code   150  keypad.o(.text)
    LCD_GPIO_Config                          0x08001ce5   Thumb Code   108  lcd_impl.o(.text)
    LCD_Delay                                0x08001d51   Thumb Code    10  lcd_impl.o(.text)
    LCD_Pulse                                0x08001d5b   Thumb Code    34  lcd_impl.o(.text)
    LCD_Command_dataRegs                     0x08001d7d   Thumb Code   130  lcd_impl.o(.text)
    LCD_SelectRegs                           0x08001dff   Thumb Code    56  lcd_impl.o(.text)
    LCD_CharacterEntryMode                   0x08001e37   Thumb Code    24  lcd_impl.o(.text)
    LCD_display_CursorHome                   0x08001e4f   Thumb Code    24  lcd_impl.o(.text)
    LCD_Delay_Longer                         0x08001e67   Thumb Code    22  lcd_impl.o(.text)
    LCD_Pulse_Longer                         0x08001e7d   Thumb Code    34  lcd_impl.o(.text)
    LCD_clear_display                        0x08001e9f   Thumb Code    22  lcd_impl.o(.text)
    LCD_DisplayOnOff                         0x08001eb5   Thumb Code    24  lcd_impl.o(.text)
    LCD_FuncSet                              0x08001ecd   Thumb Code    24  lcd_impl.o(.text)
    LCD_Init                                 0x08001ee5   Thumb Code    36  lcd_impl.o(.text)
    LCD_write                                0x08001f09   Thumb Code    26  lcd_impl.o(.text)
    LCD_set                                  0x08001f23   Thumb Code    26  lcd_impl.o(.text)
    LCD_Display_String                       0x08001f3d   Thumb Code    38  lcd_impl.o(.text)
    LCD_DISPLAY_UPDATE_POS                   0x08001f63   Thumb Code    30  lcd_impl.o(.text)
    NVIC_PriorityGroupConfig                 0x08001f89   Thumb Code    10  misc.o(.text)
    NVIC_Init                                0x08001f93   Thumb Code   108  misc.o(.text)
    NVIC_SetVectorTable                      0x08001fff   Thumb Code    14  misc.o(.text)
    NVIC_SystemLPConfig                      0x0800200d   Thumb Code    34  misc.o(.text)
    SysTick_CLKSourceConfig                  0x0800202f   Thumb Code    40  misc.o(.text)
    EXTI_DeInit                              0x0800206d   Thumb Code    28  stm32f4xx_exti.o(.text)
    EXTI_Init                                0x08002089   Thumb Code   142  stm32f4xx_exti.o(.text)
    EXTI_StructInit                          0x08002117   Thumb Code    16  stm32f4xx_exti.o(.text)
    EXTI_GenerateSWInterrupt                 0x08002127   Thumb Code    16  stm32f4xx_exti.o(.text)
    EXTI_GetFlagStatus                       0x08002137   Thumb Code    22  stm32f4xx_exti.o(.text)
    EXTI_ClearFlag                           0x0800214d   Thumb Code     8  stm32f4xx_exti.o(.text)
    EXTI_GetITStatus                         0x08002155   Thumb Code    34  stm32f4xx_exti.o(.text)
    EXTI_ClearITPendingBit                   0x08002177   Thumb Code     8  stm32f4xx_exti.o(.text)
    GPIO_DeInit                              0x08002189   Thumb Code   220  stm32f4xx_gpio.o(.text)
    GPIO_Init                                0x08002265   Thumb Code   144  stm32f4xx_gpio.o(.text)
    GPIO_StructInit                          0x080022f5   Thumb Code    18  stm32f4xx_gpio.o(.text)
    GPIO_PinLockConfig                       0x08002307   Thumb Code    34  stm32f4xx_gpio.o(.text)
    GPIO_ReadInputDataBit                    0x08002329   Thumb Code    18  stm32f4xx_gpio.o(.text)
    GPIO_ReadInputData                       0x0800233b   Thumb Code     8  stm32f4xx_gpio.o(.text)
    GPIO_ReadOutputDataBit                   0x08002343   Thumb Code    18  stm32f4xx_gpio.o(.text)
    GPIO_ReadOutputData                      0x08002355   Thumb Code     8  stm32f4xx_gpio.o(.text)
    GPIO_SetBits                             0x0800235d   Thumb Code     4  stm32f4xx_gpio.o(.text)
    GPIO_ResetBits                           0x08002361   Thumb Code     4  stm32f4xx_gpio.o(.text)
    GPIO_WriteBit                            0x08002365   Thumb Code    10  stm32f4xx_gpio.o(.text)
    GPIO_Write                               0x0800236f   Thumb Code     4  stm32f4xx_gpio.o(.text)
    GPIO_ToggleBits                          0x08002373   Thumb Code     8  stm32f4xx_gpio.o(.text)
    GPIO_PinAFConfig                         0x0800237b   Thumb Code    70  stm32f4xx_gpio.o(.text)
    RCC_DeInit                               0x080023e5   Thumb Code    60  stm32f4xx_rcc.o(.text)
    RCC_HSEConfig                            0x08002421   Thumb Code    14  stm32f4xx_rcc.o(.text)
    RCC_GetFlagStatus                        0x0800242f   Thumb Code    60  stm32f4xx_rcc.o(.text)
    RCC_WaitForHSEStartUp                    0x0800246b   Thumb Code    56  stm32f4xx_rcc.o(.text)
    RCC_AdjustHSICalibrationValue            0x080024a3   Thumb Code    20  stm32f4xx_rcc.o(.text)
    RCC_HSICmd                               0x080024b7   Thumb Code     6  stm32f4xx_rcc.o(.text)
    RCC_LSEConfig                            0x080024bd   Thumb Code    46  stm32f4xx_rcc.o(.text)
    RCC_LSICmd                               0x080024eb   Thumb Code     6  stm32f4xx_rcc.o(.text)
    RCC_PLLConfig                            0x080024f1   Thumb Code    32  stm32f4xx_rcc.o(.text)
    RCC_PLLCmd                               0x08002511   Thumb Code     6  stm32f4xx_rcc.o(.text)
    RCC_PLLI2SConfig                         0x08002517   Thumb Code    14  stm32f4xx_rcc.o(.text)
    RCC_PLLI2SCmd                            0x08002525   Thumb Code     6  stm32f4xx_rcc.o(.text)
    RCC_ClockSecuritySystemCmd               0x0800252b   Thumb Code     6  stm32f4xx_rcc.o(.text)
    RCC_MCO1Config                           0x08002531   Thumb Code    28  stm32f4xx_rcc.o(.text)
    RCC_MCO2Config                           0x0800254d   Thumb Code    28  stm32f4xx_rcc.o(.text)
    RCC_SYSCLKConfig                         0x08002569   Thumb Code    20  stm32f4xx_rcc.o(.text)
    RCC_GetSYSCLKSource                      0x0800257d   Thumb Code    12  stm32f4xx_rcc.o(.text)
    RCC_HCLKConfig                           0x08002589   Thumb Code    20  stm32f4xx_rcc.o(.text)
    RCC_PCLK1Config                          0x0800259d   Thumb Code    20  stm32f4xx_rcc.o(.text)
    RCC_PCLK2Config                          0x080025b1   Thumb Code    22  stm32f4xx_rcc.o(.text)
    RCC_GetClocksFreq                        0x080025c7   Thumb Code   222  stm32f4xx_rcc.o(.text)
    RCC_RTCCLKConfig                         0x080026a5   Thumb Code    54  stm32f4xx_rcc.o(.text)
    RCC_RTCCLKCmd                            0x080026db   Thumb Code     8  stm32f4xx_rcc.o(.text)
    RCC_BackupResetCmd                       0x080026e3   Thumb Code     8  stm32f4xx_rcc.o(.text)
    RCC_I2SCLKConfig                         0x080026eb   Thumb Code     6  stm32f4xx_rcc.o(.text)
    RCC_AHB1PeriphClockCmd                   0x080026f1   Thumb Code    34  stm32f4xx_rcc.o(.text)
    RCC_AHB2PeriphClockCmd                   0x08002713   Thumb Code    34  stm32f4xx_rcc.o(.text)
    RCC_AHB3PeriphClockCmd                   0x08002735   Thumb Code    34  stm32f4xx_rcc.o(.text)
    RCC_APB1PeriphClockCmd                   0x08002757   Thumb Code    34  stm32f4xx_rcc.o(.text)
    RCC_APB2PeriphClockCmd                   0x08002779   Thumb Code    34  stm32f4xx_rcc.o(.text)
    RCC_AHB1PeriphResetCmd                   0x0800279b   Thumb Code    34  stm32f4xx_rcc.o(.text)
    RCC_AHB2PeriphResetCmd                   0x080027bd   Thumb Code    72  stm32f4xx_rcc.o(.text)
    RCC_AHB3PeriphResetCmd                   0x08002805   Thumb Code    34  stm32f4xx_rcc.o(.text)
    RCC_APB1PeriphResetCmd                   0x08002827   Thumb Code    34  stm32f4xx_rcc.o(.text)
    RCC_APB2PeriphResetCmd                   0x08002849   Thumb Code    34  stm32f4xx_rcc.o(.text)
    RCC_AHB1PeriphClockLPModeCmd             0x0800286b   Thumb Code    34  stm32f4xx_rcc.o(.text)
    RCC_AHB2PeriphClockLPModeCmd             0x0800288d   Thumb Code    34  stm32f4xx_rcc.o(.text)
    RCC_AHB3PeriphClockLPModeCmd             0x080028af   Thumb Code    34  stm32f4xx_rcc.o(.text)
    RCC_APB1PeriphClockLPModeCmd             0x080028d1   Thumb Code    34  stm32f4xx_rcc.o(.text)
    RCC_APB2PeriphClockLPModeCmd             0x080028f3   Thumb Code    34  stm32f4xx_rcc.o(.text)
    RCC_ITConfig                             0x08002915   Thumb Code    34  stm32f4xx_rcc.o(.text)
    RCC_ClearFlag                            0x08002937   Thumb Code    18  stm32f4xx_rcc.o(.text)
    RCC_GetITStatus                          0x08002949   Thumb Code    22  stm32f4xx_rcc.o(.text)
    RCC_ClearITPendingBit                    0x0800295f   Thumb Code     8  stm32f4xx_rcc.o(.text)
    SPI_I2S_DeInit                           0x0800296d   Thumb Code    76  stm32f4xx_spi.o(.text)
    SPI_Init                                 0x080029b9   Thumb Code    60  stm32f4xx_spi.o(.text)
    I2S_Init                                 0x080029f5   Thumb Code   346  stm32f4xx_spi.o(.text)
    SPI_StructInit                           0x08002b4f   Thumb Code    24  stm32f4xx_spi.o(.text)
    I2S_StructInit                           0x08002b67   Thumb Code    20  stm32f4xx_spi.o(.text)
    SPI_Cmd                                  0x08002b7b   Thumb Code    24  stm32f4xx_spi.o(.text)
    I2S_Cmd                                  0x08002b93   Thumb Code    24  stm32f4xx_spi.o(.text)
    SPI_DataSizeConfig                       0x08002bab   Thumb Code    18  stm32f4xx_spi.o(.text)
    SPI_BiDirectionalLineConfig              0x08002bbd   Thumb Code    28  stm32f4xx_spi.o(.text)
    SPI_NSSInternalSoftwareConfig            0x08002bd9   Thumb Code    30  stm32f4xx_spi.o(.text)
    SPI_SSOutputCmd                          0x08002bf7   Thumb Code    24  stm32f4xx_spi.o(.text)
    SPI_TIModeCmd                            0x08002c0f   Thumb Code    24  stm32f4xx_spi.o(.text)
    I2S_FullDuplexConfig                     0x08002c27   Thumb Code    80  stm32f4xx_spi.o(.text)
    SPI_I2S_ReceiveData                      0x08002c77   Thumb Code     6  stm32f4xx_spi.o(.text)
    SPI_I2S_SendData                         0x08002c7d   Thumb Code     4  stm32f4xx_spi.o(.text)
    SPI_CalculateCRC                         0x08002c81   Thumb Code    24  stm32f4xx_spi.o(.text)
    SPI_TransmitCRC                          0x08002c99   Thumb Code    10  stm32f4xx_spi.o(.text)
    SPI_GetCRC                               0x08002ca3   Thumb Code    16  stm32f4xx_spi.o(.text)
    SPI_GetCRCPolynomial                     0x08002cb3   Thumb Code     6  stm32f4xx_spi.o(.text)
    SPI_I2S_DMACmd                           0x08002cb9   Thumb Code    18  stm32f4xx_spi.o(.text)
    SPI_I2S_ITConfig                         0x08002ccb   Thumb Code    32  stm32f4xx_spi.o(.text)
    SPI_I2S_GetFlagStatus                    0x08002ceb   Thumb Code    18  stm32f4xx_spi.o(.text)
    SPI_I2S_ClearFlag                        0x08002cfd   Thumb Code     6  stm32f4xx_spi.o(.text)
    SPI_I2S_GetITStatus                      0x08002d03   Thumb Code    52  stm32f4xx_spi.o(.text)
    SPI_I2S_ClearITPendingBit                0x08002d37   Thumb Code    20  stm32f4xx_spi.o(.text)
    SYSCFG_DeInit                            0x08002d61   Thumb Code    22  stm32f4xx_syscfg.o(.text)
    SYSCFG_MemoryRemapConfig                 0x08002d77   Thumb Code     6  stm32f4xx_syscfg.o(.text)
    SYSCFG_EXTILineConfig                    0x08002d7d   Thumb Code    66  stm32f4xx_syscfg.o(.text)
    SYSCFG_ETH_MediaInterfaceConfig          0x08002dbf   Thumb Code     6  stm32f4xx_syscfg.o(.text)
    SYSCFG_CompensationCellCmd               0x08002dc5   Thumb Code     6  stm32f4xx_syscfg.o(.text)
    SYSCFG_GetCompensationCellStatus         0x08002dcb   Thumb Code    22  stm32f4xx_syscfg.o(.text)
    strlen                                   0x08002ded   Thumb Code    14  strlen.o(.text)
    __aeabi_dmul                             0x08002dfb   Thumb Code   228  dmul.o(.text)
    __aeabi_f2d                              0x08002edf   Thumb Code    38  f2d.o(.text)
    __aeabi_d2f                              0x08002f05   Thumb Code    56  d2f.o(.text)
    __aeabi_uidiv                            0x08002f3d   Thumb Code     0  uidiv.o(.text)
    __aeabi_uidivmod                         0x08002f3d   Thumb Code    44  uidiv.o(.text)
    __I$use$fp                               0x08002f69   Thumb Code     0  iusefp.o(.text)
    _float_round                             0x08002f69   Thumb Code    18  fepilogue.o(.text)
    _float_epilogue                          0x08002f7b   Thumb Code    90  fepilogue.o(.text)
    _double_round                            0x08002fd5   Thumb Code    26  depilogue.o(.text)
    _double_epilogue                         0x08002fef   Thumb Code   164  depilogue.o(.text)
    __aeabi_dadd                             0x08003093   Thumb Code   322  dadd.o(.text)
    __aeabi_dsub                             0x080031d5   Thumb Code     6  dadd.o(.text)
    __aeabi_drsub                            0x080031db   Thumb Code     6  dadd.o(.text)
    __aeabi_ddiv                             0x080031e1   Thumb Code   222  ddiv.o(.text)
    __ARM_scalbn                             0x080032bf   Thumb Code    46  dscalb.o(.text)
    scalbn                                   0x080032bf   Thumb Code     0  dscalb.o(.text)
    _dsqrt                                   0x080032ed   Thumb Code   162  dsqrt.o(.text)
    __aeabi_i2d                              0x0800338f   Thumb Code    34  dflti.o(.text)
    __aeabi_cdrcmple                         0x080033b1   Thumb Code    38  cdrcmple.o(.text)
    __scatterload                            0x080033d9   Thumb Code    28  init.o(.text)
    __scatterload_rt2                        0x080033d9   Thumb Code     0  init.o(.text)
    __aeabi_llsl                             0x080033fd   Thumb Code    30  llshl.o(.text)
    _ll_shift_l                              0x080033fd   Thumb Code     0  llshl.o(.text)
    __aeabi_llsr                             0x0800341b   Thumb Code    32  llushr.o(.text)
    _ll_ushift_r                             0x0800341b   Thumb Code     0  llushr.o(.text)
    __aeabi_lasr                             0x0800343b   Thumb Code    36  llsshr.o(.text)
    _ll_sshift_r                             0x0800343b   Thumb Code     0  llsshr.o(.text)
    SVC_Count                                0x08003460   Data           4  SVC_Table.o(SVC_TABLE)
    SVC_Table                                0x08003464   Data           0  SVC_Table.o(SVC_TABLE)
    __0printf$3                              0x08003465   Thumb Code    22  printf3.o(i.__0printf$3)
    __1printf$3                              0x08003465   Thumb Code     0  printf3.o(i.__0printf$3)
    __2printf                                0x08003465   Thumb Code     0  printf3.o(i.__0printf$3)
    __ARM_fpclassify                         0x08003485   Thumb Code    48  fpclassify.o(i.__ARM_fpclassify)
    __hardfp_atan                            0x080034b9   Thumb Code   636  atan.o(i.__hardfp_atan)
    __hardfp_pow                             0x080037a1   Thumb Code  3132  pow.o(i.__hardfp_pow)
    __hardfp_sqrt                            0x08004431   Thumb Code   122  sqrt.o(i.__hardfp_sqrt)
    __kernel_poly                            0x080044ab   Thumb Code   248  poly.o(i.__kernel_poly)
    __mathlib_dbl_underflow                  0x080045a9   Thumb Code    24  dunder.o(i.__mathlib_dbl_underflow)
    __scatterload_copy                       0x080045c9   Thumb Code    14  handlers.o(i.__scatterload_copy)
    __scatterload_null                       0x080045d7   Thumb Code     2  handlers.o(i.__scatterload_null)
    __scatterload_zeroinit                   0x080045d9   Thumb Code    14  handlers.o(i.__scatterload_zeroinit)
    __set_errno                              0x080045e9   Thumb Code     6  errno.o(i.__set_errno)
    _init_box                                0x080045f5   Thumb Code    70  rt_membox.o(i._init_box)
    dbg_init                                 0x080047f5   Thumb Code    34  hal_cm.o(i.dbg_init)
    dbg_task_notify                          0x08004825   Thumb Code    32  hal_cm.o(i.dbg_task_notify)
    dbg_task_switch                          0x08004845   Thumb Code    16  hal_cm.o(i.dbg_task_switch)
    fabs                                     0x08004855   Thumb Code    32  fabs.o(i.fabs)
    isr_evt_set                              0x080048a1   Thumb Code    34  rt_event.o(i.isr_evt_set)
    isr_mbx_receive                          0x080048c9   Thumb Code    80  rt_mailbox.o(i.isr_mbx_receive)
    isr_mbx_send                             0x08004919   Thumb Code    14  rt_mailbox.o(i.isr_mbx_send)
    isr_sem_send                             0x08004927   Thumb Code    16  rt_semaphore.o(i.isr_sem_send)
    osDelay                                  0x08004939   Thumb Code    18  rt_cmsis.o(i.osDelay)
    osKernelStart                            0x08004951   Thumb Code    94  rt_cmsis.o(i.osKernelStart)
    osMessageGet                             0x080049b9   Thumb Code    64  rt_cmsis.o(i.osMessageGet)
    osSemaphoreRelease                       0x080049fd   Thumb Code    42  rt_cmsis.o(i.osSemaphoreRelease)
    osSemaphoreWait                          0x08004a2d   Thumb Code    20  rt_cmsis.o(i.osSemaphoreWait)
    osSignalSet                              0x08004a45   Thumb Code    48  rt_cmsis.o(i.osSignalSet)
    osSignalWait                             0x08004a79   Thumb Code    18  rt_cmsis.o(i.osSignalWait)
    osThreadCreate                           0x08004a91   Thumb Code    18  rt_cmsis.o(i.osThreadCreate)
    osThreadExit                             0x08004aa9   Thumb Code    14  rt_cmsis.o(i.osThreadExit)
    osThreadGetId                            0x08004ac1   Thumb Code    18  rt_cmsis.o(i.osThreadGetId)
    osThreadTerminate                        0x08004ad9   Thumb Code    18  rt_cmsis.o(i.osThreadTerminate)
    osTimerCall                              0x08004af1   Thumb Code     8  rt_cmsis.o(i.osTimerCall)
    osTimerThread                            0x08004afd   Thumb Code    38  rt_cmsis.o(i.osTimerThread)
    rt_alloc_box                             0x08004b29   Thumb Code    28  rt_membox.o(i.rt_alloc_box)
    rt_alloc_mem                             0x08004b45   Thumb Code    60  rt_memory.o(i.rt_alloc_mem)
    rt_block                                 0x08004b81   Thumb Code    48  rt_task.o(i.rt_block)
    rt_chk_robin                             0x08004bb9   Thumb Code    58  rt_robin.o(i.rt_chk_robin)
    rt_dec_dly                               0x08004c01   Thumb Code   102  rt_list.o(i.rt_dec_dly)
    rt_dispatch                              0x08004c71   Thumb Code    60  rt_task.o(i.rt_dispatch)
    rt_dly_wait                              0x08004cb5   Thumb Code     6  rt_time.o(i.rt_dly_wait)
    rt_evt_psh                               0x08004cbd   Thumb Code    76  rt_event.o(i.rt_evt_psh)
    rt_evt_set                               0x08004d0d   Thumb Code    88  rt_event.o(i.rt_evt_set)
    rt_evt_wait                              0x08004d69   Thumb Code    58  rt_event.o(i.rt_evt_wait)
    rt_free_box                              0x08004da9   Thumb Code    32  rt_membox.o(i.rt_free_box)
    rt_free_mem                              0x08004dc9   Thumb Code    40  rt_memory.o(i.rt_free_mem)
    rt_get_first                             0x08004df1   Thumb Code    40  rt_list.o(i.rt_get_first)
    rt_init_mem                              0x08004e61   Thumb Code    26  rt_memory.o(i.rt_init_mem)
    rt_init_robin                            0x08004e7d   Thumb Code    14  rt_robin.o(i.rt_init_robin)
    rt_init_stack                            0x08004e95   Thumb Code    70  hal_cm.o(i.rt_init_stack)
    rt_mbx_check                             0x08004ee5   Thumb Code     8  rt_mailbox.o(i.rt_mbx_check)
    rt_mbx_init                              0x08004eed   Thumb Code    26  rt_mailbox.o(i.rt_mbx_init)
    rt_mbx_psh                               0x08004f09   Thumb Code   248  rt_mailbox.o(i.rt_mbx_psh)
    rt_mbx_wait                              0x08005005   Thumb Code   174  rt_mailbox.o(i.rt_mbx_wait)
    rt_pop_req                               0x080050f5   Thumb Code   106  rt_system.o(i.rt_pop_req)
    rt_psh_req                               0x0800516d   Thumb Code    22  rt_system.o(i.rt_psh_req)
    rt_psq_enq                               0x0800518d   Thumb Code    82  rt_list.o(i.rt_psq_enq)
    rt_put_dly                               0x080051e5   Thumb Code    88  rt_list.o(i.rt_put_dly)
    rt_put_prio                              0x08005241   Thumb Code    56  rt_list.o(i.rt_put_prio)
    rt_put_rdy_first                         0x08005279   Thumb Code    14  rt_list.o(i.rt_put_rdy_first)
    rt_ret_val                               0x0800529d   Thumb Code    12  hal_cm.o(i.rt_ret_val)
    rt_ret_val2                              0x080052a9   Thumb Code    16  hal_cm.o(i.rt_ret_val2)
    rt_rmv_dly                               0x080052b9   Thumb Code    40  rt_list.o(i.rt_rmv_dly)
    rt_rmv_list                              0x080052e1   Thumb Code    44  rt_list.o(i.rt_rmv_list)
    rt_sem_psh                               0x08005311   Thumb Code    48  rt_semaphore.o(i.rt_sem_psh)
    rt_sem_send                              0x08005345   Thumb Code    42  rt_semaphore.o(i.rt_sem_send)
    rt_sem_wait                              0x08005371   Thumb Code    56  rt_semaphore.o(i.rt_sem_wait)
    rt_stk_check                             0x080053ad   Thumb Code    28  rt_system.o(i.rt_stk_check)
    rt_switch_req                            0x080053d1   Thumb Code    30  rt_task.o(i.rt_switch_req)
    rt_sys_init                              0x080053f9   Thumb Code   242  rt_task.o(i.rt_sys_init)
    rt_systick                               0x08005539   Thumb Code    48  rt_system.o(i.rt_systick)
    rt_tsk_create                            0x080055c5   Thumb Code   112  rt_task.o(i.rt_tsk_create)
    rt_tsk_delete                            0x08005645   Thumb Code   146  rt_task.o(i.rt_tsk_delete)
    rt_tsk_self                              0x080056f1   Thumb Code    12  rt_task.o(i.rt_tsk_self)
    sqrt                                     0x08005701   Thumb Code   110  sqrt.o(i.sqrt)
    svcDelay                                 0x0800576f   Thumb Code    20  rt_cmsis.o(i.svcDelay)
    svcKernelStart                           0x08005785   Thumb Code   174  rt_cmsis.o(i.svcKernelStart)
    svcMessageCreate                         0x08005859   Thumb Code    36  rt_cmsis.o(i.svcMessageCreate)
    svcMessageGet                            0x0800587d   Thumb Code    58  rt_cmsis.o(i.svcMessageGet)
    svcSemaphoreRelease                      0x080058b7   Thumb Code    26  rt_cmsis.o(i.svcSemaphoreRelease)
    svcSemaphoreWait                         0x080058d1   Thumb Code    54  rt_cmsis.o(i.svcSemaphoreWait)
    svcSignalSet                             0x08005907   Thumb Code    36  rt_cmsis.o(i.svcSignalSet)
    svcSignalWait                            0x0800592d   Thumb Code    80  rt_cmsis.o(i.svcSignalWait)
    svcThreadCreate                          0x08005981   Thumb Code   100  rt_cmsis.o(i.svcThreadCreate)
    svcThreadGetId                           0x080059f1   Thumb Code    22  rt_cmsis.o(i.svcThreadGetId)
    svcThreadTerminate                       0x08005a0d   Thumb Code    52  rt_cmsis.o(i.svcThreadTerminate)
    svcTimerCall                             0x08005a45   Thumb Code    24  rt_cmsis.o(i.svcTimerCall)
    sysTimerTick                             0x08005a5d   Thumb Code    76  rt_cmsis.o(i.sysTimerTick)
    os_maxtaskrun                            0x08005ab0   Data           2  rtx_conf_cm.o(.constdata)
    os_stackinfo                             0x08005ab4   Data           4  rtx_conf_cm.o(.constdata)
    os_rrobin                                0x08005ab8   Data           4  rtx_conf_cm.o(.constdata)
    os_trv                                   0x08005abc   Data           4  rtx_conf_cm.o(.constdata)
    os_flags                                 0x08005ac0   Data           1  rtx_conf_cm.o(.constdata)
    os_clockrate                             0x08005ac4   Data           4  rtx_conf_cm.o(.constdata)
    os_timernum                              0x08005ac8   Data           4  rtx_conf_cm.o(.constdata)
    mp_tcb_size                              0x08005acc   Data           2  rtx_conf_cm.o(.constdata)
    mp_stk_size                              0x08005ad0   Data           4  rtx_conf_cm.o(.constdata)
    os_stack_sz                              0x08005ad4   Data           4  rtx_conf_cm.o(.constdata)
    os_fifo_size                             0x08005ad8   Data           1  rtx_conf_cm.o(.constdata)
    os_thread_def_osTimerThread              0x08005adc   Data          16  rtx_conf_cm.o(.constdata)
    os_messageQ_def_osTimerMessageQ          0x08005aec   Data           8  rtx_conf_cm.o(.constdata)
    mp_tmr_size                              0x08005af4   Data           2  rtx_conf_cm.o(.constdata)
    os_thread_def_main                       0x08005af8   Data          16  rtx_conf_cm.o(.constdata)
    os_thread_def_tilt_detection_thread      0x08005b08   Data          16  main.o(.constdata)
    os_thread_def_tilt_DispFlag_thread       0x08005b18   Data          16  main.o(.constdata)
    os_thread_def_transmitTiltAngles         0x08005b28   Data          16  main.o(.constdata)
    os_thread_def_keypad                     0x08005b38   Data          16  main.o(.constdata)
    os_thread_def_mode_change_thread         0x08005b48   Data          16  main.o(.constdata)
    __mathlib_zero                           0x08005c88   Data           8  qnan.o(.constdata)
    Region$$Table$$Base                      0x08005c90   Number         0  anon$$obj.o(Region$$Table)
    Region$$Table$$Limit                     0x08005cc0   Number         0  anon$$obj.o(Region$$Table)
    mp_tcb                                   0x10000000   Data         348  rtx_conf_cm.o(.bss)
    mp_stk                                   0x10000160   Data        4816  rtx_conf_cm.o(.bss)
    os_stack_mem                             0x10001430   Data        1632  rtx_conf_cm.o(.bss)
    os_fifo                                  0x10001a90   Data         132  rtx_conf_cm.o(.bss)
    os_active_TCB                            0x10001b14   Data          28  rtx_conf_cm.o(.bss)
    os_messageQ_q_osTimerMessageQ            0x10001b30   Data          32  rtx_conf_cm.o(.bss)
    SystemCoreClock                          0x20000000   Data           4  system_stm32f4xx.o(.data)
    AHBPrescTable                            0x20000004   Data          16  system_stm32f4xx.o(.data)
    os_tmr                                   0x20000014   Data           4  rtx_conf_cm.o(.data)
    m_tmr                                    0x20000018   Data           4  rtx_conf_cm.o(.data)
    osThreadId_osTimerThread                 0x2000001c   Data           4  rtx_conf_cm.o(.data)
    osMessageQId_osTimerMessageQ             0x20000020   Data           4  rtx_conf_cm.o(.data)
    key_signal                               0x20000024   Data           4  main.o(.data)
    motor_init                               0x20000028   Data           2  main.o(.data)
    mode_A                                   0x2000002a   Data           2  main.o(.data)
    mode_B                                   0x2000002c   Data           2  main.o(.data)
    mode_C                                   0x2000002e   Data           2  main.o(.data)
    mode_selection                           0x20000030   Data           1  main.o(.data)
    mode                                     0x20000031   Data           1  main.o(.data)
    sequence                                 0x20000032   Data           2  main.o(.data)
    tilt_thread                              0x20000034   Data           4  main.o(.data)
    tilt_transmit_thread                     0x20000038   Data           4  main.o(.data)
    keypad_thread                            0x2000003c   Data           4  main.o(.data)
    tid_mode_change                          0x20000040   Data           4  main.o(.data)
    __stdout                                 0x20000044   Data           4  fputc_debug.o(.data)
    __stdin                                  0x20000048   Data           4  fputc_debug.o(.data)
    WIRELESS_SPI_Timeout                     0x2000004c   Data           4  wireless_impl.o(.data)
    LIS302DLTimeout                          0x20000050   Data           4  stm32f4_discovery_lis302dl.o(.data)
    transmittingFlag                         0x20000054   Data           4  tilt_thread.o(.data)
    GLB_TiltAngle_RollPitch_display_flag     0x20000060   Data           4  tilt_thread.o(.data)
    transmitFlag                             0x20000064   Data           4  tilt_thread.o(.data)
    message                                  0x20000068   Data           4  tilt_thread.o(.data)
    tiltGetId                                0x2000007c   Data           4  tilt_thread.o(.data)
    transmitGetID                            0x20000080   Data           4  tilt_thread.o(.data)
    turnTiltFlagGetId                        0x20000084   Data           4  tilt_thread.o(.data)
    os_timer_head                            0x20000098   Data           4  rt_cmsis.o(.data)
    os_tsk                                   0x2000009c   Data           8  rt_task.o(.data)
    os_time                                  0x200000a8   Data           2  rt_time.o(.data)
    dbg_msg                                  0x200000aa   Data           1  hal_cm.o(.data)
    os_robin                                 0x200000ac   Data           8  rt_robin.o(.data)
    raw_data                                 0x200000b8   Data          12  tilt_thread.o(.bss)
    os_idle_TCB                              0x200000c4   Data          48  rt_task.o(.bss)
    os_rdy                                   0x200000f4   Data          24  rt_list.o(.bss)
    os_dly                                   0x2000010c   Data          24  rt_list.o(.bss)
    __initial_sp                             0x20000528   Data           0  startup_stm32f4xx.o(STACK)



==============================================================================

Memory Map of the image

  Image Entry point : 0x08000189

  Load Region LR_IROM1 (Base: 0x08000000, Size: 0x00005d78, Max: 0x00100000, ABSOLUTE)

    Execution Region ER_IROM1 (Base: 0x08000000, Size: 0x00005cc0, Max: 0x00100000, ABSOLUTE)

    Base Addr    Size         Type   Attr      Idx    E Section Name        Object

    0x08000000   0x00000188   Data   RO          132    RESET               startup_stm32f4xx.o
    0x08000188   0x00000000   Code   RO         2391  * .ARM.Collect$$$$00000000  mc_w.l(entry.o)
    0x08000188   0x00000004   Code   RO         2676    .ARM.Collect$$$$00000001  mc_w.l(entry2.o)
    0x0800018c   0x00000004   Code   RO         2679    .ARM.Collect$$$$00000004  mc_w.l(entry5.o)
    0x08000190   0x00000000   Code   RO         2681    .ARM.Collect$$$$00000008  mc_w.l(entry7b.o)
    0x08000190   0x00000000   Code   RO         2683    .ARM.Collect$$$$0000000A  mc_w.l(entry8b.o)
    0x08000190   0x00000000   Code   RO         2684    .ARM.Collect$$$$0000000D  mc_w.l(entry10a.o)
    0x08000190   0x00000000   Code   RO         2686    .ARM.Collect$$$$0000000F  mc_w.l(entry11a.o)
    0x08000190   0x00000010   Code   RO          137    .ARM.Collect$$$$000000FF  rtx_conf_cm.o
    0x080001a0   0x00000004   Code   RO         2677    .ARM.Collect$$$$00002712  mc_w.l(entry2.o)
    0x080001a4   0x00000174   Code   RO         2338    .emb_text           RTX_CM4.lib(hal_cm4.o)
    0x08000318   0x0000020c   Code   RO            3    .text               system_stm32f4xx.o
    0x08000524   0x00000024   Code   RO          133    .text               startup_stm32f4xx.o
    0x08000548   0x00000008   Code   RO          138    .text               rtx_conf_cm.o
    0x08000550   0x000003c0   Code   RO          171    .text               main.o
    0x08000910   0x0000004c   Code   RO          248    .text               fputc_debug.o
    0x0800095c   0x000004c8   Code   RO          282    .text               wireless_impl.o
    0x08000e24   0x00000104   Code   RO          315    .text               wireless_spi_config.o
    0x08000f28   0x000003c4   Code   RO          335    .text               stm32f4_discovery_lis302dl.o
    0x080012ec   0x00000114   Code   RO          359    .text               calibration.o
    0x08001400   0x000000a4   Code   RO          379    .text               mem_interrupt.o
    0x080014a4   0x00000104   Code   RO          397    .text               movingaveragefilter.o
    0x080015a8   0x000002c8   Code   RO          414    .text               tilt_thread.o
    0x08001870   0x00000026   Code   RO          466    .text               accelerometer_conf.o
    0x08001896   0x00000002   PAD
    0x08001898   0x00000260   Code   RO          484    .text               tilt_angle_calculation.o
    0x08001af8   0x000001ec   Code   RO          501    .text               keypad.o
    0x08001ce4   0x000002a4   Code   RO          530    .text               lcd_impl.o
    0x08001f88   0x000000e4   Code   RO          553    .text               misc.o
    0x0800206c   0x0000011c   Code   RO          892    .text               stm32f4xx_exti.o
    0x08002188   0x0000025c   Code   RO          961    .text               stm32f4xx_gpio.o
    0x080023e4   0x00000588   Code   RO         1110    .text               stm32f4xx_rcc.o
    0x0800296c   0x000003f4   Code   RO         1201    .text               stm32f4xx_spi.o
    0x08002d60   0x0000008c   Code   RO         1224    .text               stm32f4xx_syscfg.o
    0x08002dec   0x0000000e   Code   RO         2394    .text               mc_w.l(strlen.o)
    0x08002dfa   0x000000e4   Code   RO         2657    .text               mf_w.l(dmul.o)
    0x08002ede   0x00000026   Code   RO         2659    .text               mf_w.l(f2d.o)
    0x08002f04   0x00000038   Code   RO         2661    .text               mf_w.l(d2f.o)
    0x08002f3c   0x0000002c   Code   RO         2688    .text               mc_w.l(uidiv.o)
    0x08002f68   0x00000000   Code   RO         2699    .text               mc_w.l(iusefp.o)
    0x08002f68   0x0000006c   Code   RO         2700    .text               mf_w.l(fepilogue.o)
    0x08002fd4   0x000000be   Code   RO         2702    .text               mf_w.l(depilogue.o)
    0x08003092   0x0000014e   Code   RO         2704    .text               mf_w.l(dadd.o)
    0x080031e0   0x000000de   Code   RO         2706    .text               mf_w.l(ddiv.o)
    0x080032be   0x0000002e   Code   RO         2710    .text               mf_w.l(dscalb.o)
    0x080032ec   0x000000a2   Code   RO         2712    .text               mf_w.l(dsqrt.o)
    0x0800338e   0x00000022   Code   RO         2714    .text               mf_w.l(dflti.o)
    0x080033b0   0x00000028   Code   RO         2720    .text               mf_w.l(cdrcmple.o)
    0x080033d8   0x00000024   Code   RO         2722    .text               mc_w.l(init.o)
    0x080033fc   0x0000001e   Code   RO         2724    .text               mc_w.l(llshl.o)
    0x0800341a   0x00000020   Code   RO         2726    .text               mc_w.l(llushr.o)
    0x0800343a   0x00000024   Code   RO         2728    .text               mc_w.l(llsshr.o)
    0x0800345e   0x00000002   PAD
    0x08003460   0x00000004   Code   RO         2348    SVC_TABLE           RTX_CM4.lib(SVC_Table.o)
    0x08003464   0x00000020   Code   RO         2485    i.__0printf$3       mc_w.l(printf3.o)
    0x08003484   0x00000030   Code   RO         2671    i.__ARM_fpclassify  m_wm.l(fpclassify.o)
    0x080034b4   0x00000004   PAD
    0x080034b8   0x000002e8   Code   RO         2351    i.__hardfp_atan     m_wm.l(atan.o)
    0x080037a0   0x00000c90   Code   RO         2365    i.__hardfp_pow      m_wm.l(pow.o)
    0x08004430   0x0000007a   Code   RO         2379    i.__hardfp_sqrt     m_wm.l(sqrt.o)
    0x080044aa   0x000000f8   Code   RO         2673    i.__kernel_poly     m_wm.l(poly.o)
    0x080045a2   0x00000006   PAD
    0x080045a8   0x00000020   Code   RO         2663    i.__mathlib_dbl_underflow  m_wm.l(dunder.o)
    0x080045c8   0x0000000e   Code   RO         2732    i.__scatterload_copy  mc_w.l(handlers.o)
    0x080045d6   0x00000002   Code   RO         2733    i.__scatterload_null  mc_w.l(handlers.o)
    0x080045d8   0x0000000e   Code   RO         2734    i.__scatterload_zeroinit  mc_w.l(handlers.o)
    0x080045e6   0x00000002   PAD
    0x080045e8   0x0000000c   Code   RO         2694    i.__set_errno       mc_w.l(errno.o)
    0x080045f4   0x00000046   Code   RO         2211    i._init_box         RTX_CM4.lib(rt_membox.o)
    0x0800463a   0x00000002   PAD
    0x0800463c   0x000001b8   Code   RO         2492    i._printf_core      mc_w.l(printf3.o)
    0x080047f4   0x00000030   Code   RO         2264    i.dbg_init          RTX_CM4.lib(hal_cm.o)
    0x08004824   0x00000020   Code   RO         2265    i.dbg_task_notify   RTX_CM4.lib(hal_cm.o)
    0x08004844   0x00000010   Code   RO         2266    i.dbg_task_switch   RTX_CM4.lib(hal_cm.o)
    0x08004854   0x00000020   Code   RO         2667    i.fabs              m_wm.l(fabs.o)
    0x08004874   0x0000002c   Code   RO         1310    i.isrMessagePut     RTX_CM4.lib(rt_cmsis.o)
    0x080048a0   0x00000028   Code   RO         1957    i.isr_evt_set       RTX_CM4.lib(rt_event.o)
    0x080048c8   0x00000050   Code   RO         2075    i.isr_mbx_receive   RTX_CM4.lib(rt_mailbox.o)
    0x08004918   0x0000000e   Code   RO         2076    i.isr_mbx_send      RTX_CM4.lib(rt_mailbox.o)
    0x08004926   0x00000010   Code   RO         2123    i.isr_sem_send      RTX_CM4.lib(rt_semaphore.o)
    0x08004936   0x00000002   PAD
    0x08004938   0x00000018   Code   RO         1311    i.osDelay           RTX_CM4.lib(rt_cmsis.o)
    0x08004950   0x00000068   Code   RO         1313    i.osKernelStart     RTX_CM4.lib(rt_cmsis.o)
    0x080049b8   0x00000044   Code   RO         1321    i.osMessageGet      RTX_CM4.lib(rt_cmsis.o)
    0x080049fc   0x00000030   Code   RO         1331    i.osSemaphoreRelease  RTX_CM4.lib(rt_cmsis.o)
    0x08004a2c   0x00000018   Code   RO         1332    i.osSemaphoreWait   RTX_CM4.lib(rt_cmsis.o)
    0x08004a44   0x00000034   Code   RO         1335    i.osSignalSet       RTX_CM4.lib(rt_cmsis.o)
    0x08004a78   0x00000018   Code   RO         1336    i.osSignalWait      RTX_CM4.lib(rt_cmsis.o)
    0x08004a90   0x00000018   Code   RO         1337    i.osThreadCreate    RTX_CM4.lib(rt_cmsis.o)
    0x08004aa8   0x00000018   Code   RO         1338    i.osThreadExit      RTX_CM4.lib(rt_cmsis.o)
    0x08004ac0   0x00000018   Code   RO         1339    i.osThreadGetId     RTX_CM4.lib(rt_cmsis.o)
    0x08004ad8   0x00000018   Code   RO         1342    i.osThreadTerminate  RTX_CM4.lib(rt_cmsis.o)
    0x08004af0   0x0000000c   Code   RO         1344    i.osTimerCall       RTX_CM4.lib(rt_cmsis.o)
    0x08004afc   0x0000002c   Code   RO         1348    i.osTimerThread     RTX_CM4.lib(rt_cmsis.o)
    0x08004b28   0x0000001c   Code   RO         2212    i.rt_alloc_box      RTX_CM4.lib(rt_membox.o)
    0x08004b44   0x0000003c   Code   RO         2240    i.rt_alloc_mem      RTX_CM4.lib(rt_memory.o)
    0x08004b80   0x00000038   Code   RO         1832    i.rt_block          RTX_CM4.lib(rt_task.o)
    0x08004bb8   0x00000048   Code   RO         2317    i.rt_chk_robin      RTX_CM4.lib(rt_robin.o)
    0x08004c00   0x00000070   Code   RO         1999    i.rt_dec_dly        RTX_CM4.lib(rt_list.o)
    0x08004c70   0x00000044   Code   RO         1833    i.rt_dispatch       RTX_CM4.lib(rt_task.o)
    0x08004cb4   0x00000006   Code   RO         2159    i.rt_dly_wait       RTX_CM4.lib(rt_time.o)
    0x08004cba   0x00000002   PAD
    0x08004cbc   0x00000050   Code   RO         1960    i.rt_evt_psh        RTX_CM4.lib(rt_event.o)
    0x08004d0c   0x0000005c   Code   RO         1961    i.rt_evt_set        RTX_CM4.lib(rt_event.o)
    0x08004d68   0x00000040   Code   RO         1962    i.rt_evt_wait       RTX_CM4.lib(rt_event.o)
    0x08004da8   0x00000020   Code   RO         2213    i.rt_free_box       RTX_CM4.lib(rt_membox.o)
    0x08004dc8   0x00000028   Code   RO         2241    i.rt_free_mem       RTX_CM4.lib(rt_memory.o)
    0x08004df0   0x00000028   Code   RO         2000    i.rt_get_first      RTX_CM4.lib(rt_list.o)
    0x08004e18   0x00000008   Code   RO         1351    i.rt_id2obj         RTX_CM4.lib(rt_cmsis.o)
    0x08004e20   0x00000040   Code   RO         1834    i.rt_init_context   RTX_CM4.lib(rt_task.o)
    0x08004e60   0x0000001a   Code   RO         2242    i.rt_init_mem       RTX_CM4.lib(rt_memory.o)
    0x08004e7a   0x00000002   PAD
    0x08004e7c   0x00000018   Code   RO         2318    i.rt_init_robin     RTX_CM4.lib(rt_robin.o)
    0x08004e94   0x00000050   Code   RO         2267    i.rt_init_stack     RTX_CM4.lib(hal_cm.o)
    0x08004ee4   0x00000008   Code   RO         2077    i.rt_mbx_check      RTX_CM4.lib(rt_mailbox.o)
    0x08004eec   0x0000001a   Code   RO         2078    i.rt_mbx_init       RTX_CM4.lib(rt_mailbox.o)
    0x08004f06   0x00000002   PAD
    0x08004f08   0x000000fc   Code   RO         2079    i.rt_mbx_psh        RTX_CM4.lib(rt_mailbox.o)
    0x08005004   0x000000b4   Code   RO         2081    i.rt_mbx_wait       RTX_CM4.lib(rt_mailbox.o)
    0x080050b8   0x0000003c   Code   RO         1352    i.rt_ms2tick        RTX_CM4.lib(rt_cmsis.o)
    0x080050f4   0x00000078   Code   RO         1911    i.rt_pop_req        RTX_CM4.lib(rt_system.o)
    0x0800516c   0x00000020   Code   RO         1912    i.rt_psh_req        RTX_CM4.lib(rt_system.o)
    0x0800518c   0x00000058   Code   RO         2002    i.rt_psq_enq        RTX_CM4.lib(rt_list.o)
    0x080051e4   0x0000005c   Code   RO         2003    i.rt_put_dly        RTX_CM4.lib(rt_list.o)
    0x08005240   0x00000038   Code   RO         2004    i.rt_put_prio       RTX_CM4.lib(rt_list.o)
    0x08005278   0x00000014   Code   RO         2005    i.rt_put_rdy_first  RTX_CM4.lib(rt_list.o)
    0x0800528c   0x00000010   Code   RO         2268    i.rt_ret_regs       RTX_CM4.lib(hal_cm.o)
    0x0800529c   0x0000000c   Code   RO         2269    i.rt_ret_val        RTX_CM4.lib(hal_cm.o)
    0x080052a8   0x00000010   Code   RO         2270    i.rt_ret_val2       RTX_CM4.lib(hal_cm.o)
    0x080052b8   0x00000028   Code   RO         2007    i.rt_rmv_dly        RTX_CM4.lib(rt_list.o)
    0x080052e0   0x00000030   Code   RO         2008    i.rt_rmv_list       RTX_CM4.lib(rt_list.o)
    0x08005310   0x00000034   Code   RO         2125    i.rt_sem_psh        RTX_CM4.lib(rt_semaphore.o)
    0x08005344   0x0000002a   Code   RO         2126    i.rt_sem_send       RTX_CM4.lib(rt_semaphore.o)
    0x0800536e   0x00000002   PAD
    0x08005370   0x0000003c   Code   RO         2127    i.rt_sem_wait       RTX_CM4.lib(rt_semaphore.o)
    0x080053ac   0x00000024   Code   RO         1913    i.rt_stk_check      RTX_CM4.lib(rt_system.o)
    0x080053d0   0x00000028   Code   RO         1835    i.rt_switch_req     RTX_CM4.lib(rt_task.o)
    0x080053f8   0x00000140   Code   RO         1836    i.rt_sys_init       RTX_CM4.lib(rt_task.o)
    0x08005538   0x0000003c   Code   RO         1914    i.rt_systick        RTX_CM4.lib(rt_system.o)
    0x08005574   0x00000012   Code   RO         1353    i.rt_tid2ptcb       RTX_CM4.lib(rt_cmsis.o)
    0x08005586   0x00000002   PAD
    0x08005588   0x0000003c   Code   RO         1354    i.rt_timer_insert   RTX_CM4.lib(rt_cmsis.o)
    0x080055c4   0x00000080   Code   RO         1837    i.rt_tsk_create     RTX_CM4.lib(rt_task.o)
    0x08005644   0x000000ac   Code   RO         1838    i.rt_tsk_delete     RTX_CM4.lib(rt_task.o)
    0x080056f0   0x00000010   Code   RO         1841    i.rt_tsk_self       RTX_CM4.lib(rt_task.o)
    0x08005700   0x0000006e   Code   RO         2381    i.sqrt              m_wm.l(sqrt.o)
    0x0800576e   0x00000014   Code   RO         1356    i.svcDelay          RTX_CM4.lib(rt_cmsis.o)
    0x08005782   0x00000002   PAD
    0x08005784   0x000000d4   Code   RO         1357    i.svcKernelStart    RTX_CM4.lib(rt_cmsis.o)
    0x08005858   0x00000024   Code   RO         1359    i.svcMessageCreate  RTX_CM4.lib(rt_cmsis.o)
    0x0800587c   0x0000003a   Code   RO         1360    i.svcMessageGet     RTX_CM4.lib(rt_cmsis.o)
    0x080058b6   0x0000001a   Code   RO         1367    i.svcSemaphoreRelease  RTX_CM4.lib(rt_cmsis.o)
    0x080058d0   0x00000036   Code   RO         1368    i.svcSemaphoreWait  RTX_CM4.lib(rt_cmsis.o)
    0x08005906   0x00000024   Code   RO         1371    i.svcSignalSet      RTX_CM4.lib(rt_cmsis.o)
    0x0800592a   0x00000002   PAD
    0x0800592c   0x00000054   Code   RO         1372    i.svcSignalWait     RTX_CM4.lib(rt_cmsis.o)
    0x08005980   0x00000070   Code   RO         1373    i.svcThreadCreate   RTX_CM4.lib(rt_cmsis.o)
    0x080059f0   0x0000001c   Code   RO         1374    i.svcThreadGetId    RTX_CM4.lib(rt_cmsis.o)
    0x08005a0c   0x00000038   Code   RO         1377    i.svcThreadTerminate  RTX_CM4.lib(rt_cmsis.o)
    0x08005a44   0x00000018   Code   RO         1379    i.svcTimerCall      RTX_CM4.lib(rt_cmsis.o)
    0x08005a5c   0x00000054   Code   RO         1387    i.sysTimerTick      RTX_CM4.lib(rt_cmsis.o)
    0x08005ab0   0x00000058   Data   RO          140    .constdata          rtx_conf_cm.o
    0x08005b08   0x0000005a   Data   RO          172    .constdata          main.o
    0x08005b62   0x00000006   PAD
    0x08005b68   0x00000098   Data   RO         2354    .constdata          m_wm.l(atan.o)
    0x08005c00   0x00000088   Data   RO         2368    .constdata          m_wm.l(pow.o)
    0x08005c88   0x00000008   Data   RO         2675    .constdata          m_wm.l(qnan.o)
    0x08005c90   0x00000030   Data   RO         2730    Region$$Table       anon$$obj.o


    Execution Region RW_IRAM1 (Base: 0x10000000, Size: 0x00001b50, Max: 0x0001ffff, ABSOLUTE)

    Base Addr    Size         Type   Attr      Idx    E Section Name        Object

    0x10000000   0x00001b50   Zero   RW          139    .bss                rtx_conf_cm.o


    Execution Region RW_IRAM2 (Base: 0x20000000, Size: 0x00000528, Max: 0x0001ffff, ABSOLUTE)

    Base Addr    Size         Type   Attr      Idx    E Section Name        Object

    0x20000000   0x00000014   Data   RW            4    .data               system_stm32f4xx.o
    0x20000014   0x00000010   Data   RW          141    .data               rtx_conf_cm.o
    0x20000024   0x00000020   Data   RW          173    .data               main.o
    0x20000044   0x00000008   Data   RW          249    .data               fputc_debug.o
    0x2000004c   0x00000004   Data   RW          283    .data               wireless_impl.o
    0x20000050   0x00000004   Data   RW          336    .data               stm32f4_discovery_lis302dl.o
    0x20000054   0x00000034   Data   RW          416    .data               tilt_thread.o
    0x20000088   0x00000010   Data   RW         1111    .data               stm32f4xx_rcc.o
    0x20000098   0x00000004   Data   RW         1388    .data               RTX_CM4.lib(rt_cmsis.o)
    0x2000009c   0x00000008   Data   RW         1843    .data               RTX_CM4.lib(rt_task.o)
    0x200000a4   0x00000003   Data   RW         1917    .data               RTX_CM4.lib(rt_system.o)
    0x200000a7   0x00000001   PAD
    0x200000a8   0x00000002   Data   RW         2162    .data               RTX_CM4.lib(rt_time.o)
    0x200000aa   0x00000001   Data   RW         2271    .data               RTX_CM4.lib(hal_cm.o)
    0x200000ab   0x00000001   PAD
    0x200000ac   0x00000008   Data   RW         2319    .data               RTX_CM4.lib(rt_robin.o)
    0x200000b4   0x00000004   Data   RW         2695    .data               mc_w.l(errno.o)
    0x200000b8   0x0000000c   Zero   RW          415    .bss                tilt_thread.o
    0x200000c4   0x00000030   Zero   RW         1842    .bss                RTX_CM4.lib(rt_task.o)
    0x200000f4   0x00000030   Zero   RW         2009    .bss                RTX_CM4.lib(rt_list.o)
    0x20000124   0x00000004   PAD
    0x20000128   0x00000400   Zero   RW          130    STACK               startup_stm32f4xx.o


==============================================================================

Image component sizes


      Code (inc. data)   RO Data    RW Data    ZI Data      Debug   Object Name

        38          0          0          0          0        508   accelerometer_conf.o
       276         22          0          0          0       1347   calibration.o
        76          4          0          8          0       2737   fputc_debug.o
       492          6          0          0          0       1998   keypad.o
       676          8          0          0          0       3606   lcd_impl.o
       960        324         90         32          0       7161   main.o
       164          6          0          0          0        836   mem_interrupt.o
       228         22          0          0          0       3561   misc.o
       260          6          0          0          0       2093   movingaveragefilter.o
        24          6         88         16       6992       6436   rtx_conf_cm.o
        36          8        392          0       1024        764   startup_stm32f4xx.o
       964         16          0          4          0       9476   stm32f4_discovery_lis302dl.o
       284         10          0          0          0       4743   stm32f4xx_exti.o
       604         36          0          0          0      10473   stm32f4xx_gpio.o
      1416         48          0         16          0      23883   stm32f4xx_rcc.o
      1012         22          0          0          0      14901   stm32f4xx_spi.o
       140         12          0          0          0       1683   stm32f4xx_syscfg.o
       524         44          0         20          0     231807   system_stm32f4xx.o
       608         16          0          0          0       1297   tilt_angle_calculation.o
       712        104          0         52         12       7426   tilt_thread.o
      1224         14          0          4          0       4227   wireless_impl.o
       260         14          0          0          0        682   wireless_spi_config.o

    ----------------------------------------------------------------------
     10980        748        624        152       8028     341645   Object Totals
         0          0         48          0          0          0   (incl. Generated)
         2          0          6          0          0          0   (incl. Padding)

    ----------------------------------------------------------------------

      Code (inc. data)   RO Data    RW Data    ZI Data      Debug   Library Member Name

         4          4          0          0          0        132   SVC_Table.o
       220         24          0          1          0       3876   hal_cm.o
       372         32          0          0          0        616   hal_cm4.o
      1516        164          0          4          0      33415   rt_cmsis.o
       276         20          0          0          0       2550   rt_event.o
       496         30          0          0         48       6636   rt_list.o
       560         10          0          0          0       3829   rt_mailbox.o
       130          0          0          0          0       1837   rt_membox.o
       126          0          0          0          0       2159   rt_memory.o
        96         24          0          8          0       1042   rt_robin.o
       170          8          0          0          0       2316   rt_semaphore.o
       248         44          0          3          0       2066   rt_system.o
       864        154          0          8         48       7224   rt_task.o
         6          0          0          2          0        572   rt_time.o
       744        108        152          0          0        220   atan.o
        32          8          0          0          0        124   dunder.o
        32          0          0          0          0        124   fabs.o
        48          0          0          0          0        124   fpclassify.o
       248          0          0          0          0        152   poly.o
      3216        310        136          0          0        216   pow.o
         0          0          8          0          0          0   qnan.o
       232          0          0          0          0        296   sqrt.o
         0          0          0          0          0          0   entry.o
         0          0          0          0          0          0   entry10a.o
         0          0          0          0          0          0   entry11a.o
         8          4          0          0          0          0   entry2.o
         4          0          0          0          0          0   entry5.o
         0          0          0          0          0          0   entry7b.o
         0          0          0          0          0          0   entry8b.o
        12          6          0          4          0         68   errno.o
        30          0          0          0          0          0   handlers.o
        36          8          0          0          0         68   init.o
         0          0          0          0          0          0   iusefp.o
        30          0          0          0          0         68   llshl.o
        36          0          0          0          0         68   llsshr.o
        32          0          0          0          0         68   llushr.o
       472         14          0          0          0        180   printf3.o
        14          0          0          0          0         68   strlen.o
        44          0          0          0          0         80   uidiv.o
        40          2          0          0          0         68   cdrcmple.o
        56          0          0          0          0         88   d2f.o
       334          0          0          0          0        148   dadd.o
       222          0          0          0          0        100   ddiv.o
       190          0          0          0          0        176   depilogue.o
        34          0          0          0          0         76   dflti.o
       228          0          0          0          0         96   dmul.o
        46          0          0          0          0         80   dscalb.o
       162          0          0          0          0        100   dsqrt.o
        38          0          0          0          0         68   f2d.o
       108          0          0          0          0        168   fepilogue.o

    ----------------------------------------------------------------------
     11844        974        296         32        100      71362   Library Totals
        32          0          0          2          4          0   (incl. Padding)

    ----------------------------------------------------------------------

      Code (inc. data)   RO Data    RW Data    ZI Data      Debug   Library Name

      5084        514          0         26         96      68270   RTX_CM4.lib
      4552        426        296          0          0       1256   m_wm.l
       718         32          0          4          0        668   mc_w.l
      1458          2          0          0          0       1168   mf_w.l

    ----------------------------------------------------------------------
     11844        974        296         32        100      71362   Library Totals

    ----------------------------------------------------------------------

==============================================================================


      Code (inc. data)   RO Data    RW Data    ZI Data      Debug   

     22824       1722        920        184       8128     399823   Grand Totals
     22824       1722        920        184       8128     399823   ELF Image Totals
     22824       1722        920        184          0          0   ROM Totals

==============================================================================

    Total RO  Size (Code + RO Data)                23744 (  23.19kB)
    Total RW  Size (RW Data + ZI Data)              8312 (   8.12kB)
    Total ROM Size (Code + RO Data + RW Data)      23928 (  23.37kB)

==============================================================================

