ARM Linker, 5.03 [Build 76] [MDK-ARM Lite]

==============================================================================

Section Cross References

    system_stm32f4xx.o(.text) refers to system_stm32f4xx.o(.data) for SystemCoreClock
    startup_stm32f4xx.o(RESET) refers to startup_stm32f4xx.o(STACK) for __initial_sp
    startup_stm32f4xx.o(RESET) refers to startup_stm32f4xx.o(.text) for Reset_Handler
    startup_stm32f4xx.o(RESET) refers to hal_cm4.o(.emb_text) for SVC_Handler
    startup_stm32f4xx.o(RESET) refers to main.o(.text) for EXTI0_IRQHandler
    startup_stm32f4xx.o(RESET) refers to tilt_thread.o(.text) for EXTI1_IRQHandler
    startup_stm32f4xx.o(.text) refers to system_stm32f4xx.o(.text) for SystemInit
    startup_stm32f4xx.o(.text) refers to entry.o(.ARM.Collect$$$$00000000) for __main
    rtx_conf_cm.o(.ARM.Collect$$$$000000FF) refers to rt_cmsis.o(i.osKernelStart) for osKernelStart
    rtx_conf_cm.o(.ARM.Collect$$$$000000FF) refers to rtx_conf_cm.o(.constdata) for .constdata
    rtx_conf_cm.o(.constdata) refers to rt_cmsis.o(i.osTimerThread) for osTimerThread
    rtx_conf_cm.o(.constdata) refers to rtx_conf_cm.o(.bss) for os_messageQ_q_osTimerMessageQ
    rtx_conf_cm.o(.constdata) refers to main.o(.text) for main
    main.o(.text) refers to userbutton_config.o(.text) for EXTI_NVIC_Config_PushButton
    main.o(.text) refers to rt_cmsis.o(i.osThreadCreate) for osThreadCreate
    main.o(.text) refers to wireless_impl.o(.text) for read_Status_Register
    main.o(.text) refers to printfa.o(i.__0printf) for __2printf
    main.o(.text) refers to rt_cmsis.o(i.osSignalSet) for osSignalSet
    main.o(.text) refers to keypad.o(.text) for keypad_column_init
    main.o(.text) refers to rt_cmsis.o(i.osDelay) for osDelay
    main.o(.text) refers to rt_cmsis.o(i.osThreadTerminate) for osThreadTerminate
    main.o(.text) refers to stm32f4xx_exti.o(.text) for EXTI_GetITStatus
    main.o(.text) refers to main.o(.constdata) for os_thread_def_tilt_detection_thread
    main.o(.text) refers to main.o(.data) for tilt_transmit_thread
    main.o(.constdata) refers to tilt_thread.o(.text) for tilt_detection_thread
    main.o(.constdata) refers to main.o(.text) for thread_keypad
    main.o(.constdata) refers to mode2_thread.o(.text) for mode2_thread
    wireless_impl.o(.text) refers to stm32f4xx_spi.o(.text) for SPI_I2S_GetFlagStatus
    wireless_impl.o(.text) refers to stm32f4xx_gpio.o(.text) for GPIO_ResetBits
    wireless_impl.o(.text) refers to wireless_spi_config.o(.text) for wireless_spi_config
    wireless_impl.o(.text) refers to wireless_impl.o(.data) for WIRELESS_SPI_Timeout
    wireless_spi_config.o(.text) refers to stm32f4xx_rcc.o(.text) for RCC_APB2PeriphClockCmd
    wireless_spi_config.o(.text) refers to stm32f4xx_gpio.o(.text) for GPIO_PinAFConfig
    wireless_spi_config.o(.text) refers to stm32f4xx_spi.o(.text) for SPI_I2S_DeInit
    stm32f4_discovery_lis302dl.o(.text) refers to stm32f4xx_spi.o(.text) for SPI_I2S_GetFlagStatus
    stm32f4_discovery_lis302dl.o(.text) refers to stm32f4xx_gpio.o(.text) for GPIO_ResetBits
    stm32f4_discovery_lis302dl.o(.text) refers to stm32f4xx_rcc.o(.text) for RCC_APB2PeriphClockCmd
    stm32f4_discovery_lis302dl.o(.text) refers to stm32f4_discovery_lis302dl.o(.data) for LIS302DLTimeout
    mem_interrupt.o(.text) refers to stm32f4xx_rcc.o(.text) for RCC_AHB1PeriphClockCmd
    mem_interrupt.o(.text) refers to stm32f4xx_gpio.o(.text) for GPIO_StructInit
    mem_interrupt.o(.text) refers to stm32f4xx_syscfg.o(.text) for SYSCFG_EXTILineConfig
    mem_interrupt.o(.text) refers to stm32f4xx_exti.o(.text) for EXTI_Init
    mem_interrupt.o(.text) refers to misc.o(.text) for NVIC_Init
    mem_interrupt.o(.text) refers to stm32f4_discovery_lis302dl.o(.text) for LIS302DL_InterruptConfig
    tilt_thread.o(.text) refers to accelerometer_conf.o(.text) for set_Accelerometer_MEM
    tilt_thread.o(.text) refers to mem_interrupt.o(.text) for MEM_Interrupt_Config
    tilt_thread.o(.text) refers to rt_cmsis.o(i.osThreadGetId) for osThreadGetId
    tilt_thread.o(.text) refers to stm32f4_discovery_lis302dl.o(.text) for LIS302DL_ReadACC
    tilt_thread.o(.text) refers to rt_cmsis.o(i.osSignalWait) for osSignalWait
    tilt_thread.o(.text) refers to movingaveragefilter.o(.text) for MovingAverageFilter
    tilt_thread.o(.text) refers to calibration.o(.text) for get_calibration_data
    tilt_thread.o(.text) refers to tilt_angle_calculation.o(.text) for calculate_roll
    tilt_thread.o(.text) refers to rt_cmsis.o(i.osSignalSet) for osSignalSet
    tilt_thread.o(.text) refers to f2d.o(.text) for __aeabi_f2d
    tilt_thread.o(.text) refers to printfa.o(i.__0printf) for __2printf
    tilt_thread.o(.text) refers to wireless_impl.o(.text) for wirelessTransmit_TX
    tilt_thread.o(.text) refers to stm32f4xx_exti.o(.text) for EXTI_GetITStatus
    tilt_thread.o(.text) refers to tilt_thread.o(.data) for reset_flag
[...]
    LIS302DL_LowLevel_Init                   0x08000e6b   Thumb Code   294  stm32f4_discovery_lis302dl.o(.text)
    .text                                    0x08001188   Section        0  calibration.o(.text)
    .text                                    0x0800129c   Section        0  mem_interrupt.o(.text)
    .text                                    0x08001340   Section        0  movingaveragefilter.o(.text)
    .text                                    0x08001444   Section        0  tilt_thread.o(.text)
    .text                                    0x080015f0   Section        0  accelerometer_conf.o(.text)
    .text                                    0x08001618   Section        0  tilt_angle_calculation.o(.text)
    .text                                    0x08001878   Section        0  keypad.o(.text)
    .text                                    0x08001af4   Section        0  userbutton_config.o(.text)
    .text                                    0x08001b70   Section        0  mode2_thread.o(.text)
    .text                                    0x08001ba0   Section        0  misc.o(.text)
    .text                                    0x08001c84   Section        0  stm32f4xx_exti.o(.text)
    .text                                    0x08001da0   Section        0  stm32f4xx_gpio.o(.text)
    .text                                    0x08001ffc   Section        0  stm32f4xx_rcc.o(.text)
    .text                                    0x08002584   Section        0  stm32f4xx_spi.o(.text)
    .text                                    0x08002978   Section        0  stm32f4xx_syscfg.o(.text)
    .text                                    0x08002a04   Section        0  dmul.o(.text)
    .text                                    0x08002ae8   Section        0  f2d.o(.text)
    .text                                    0x08002b0e   Section        0  d2f.o(.text)
    .text                                    0x08002b46   Section        0  uidiv.o(.text)
    .text                                    0x08002b72   Section        0  uldiv.o(.text)
    .text                                    0x08002bd4   Section        0  iusefp.o(.text)
    .text                                    0x08002bd4   Section        0  fepilogue.o(.text)
    .text                                    0x08002c40   Section        0  depilogue.o(.text)
    .text                                    0x08002cfe   Section        0  dadd.o(.text)
    .text                                    0x08002e4c   Section        0  ddiv.o(.text)
    .text                                    0x08002f2a   Section        0  dscalb.o(.text)
    .text                                    0x08002f58   Section        0  dsqrt.o(.text)
    .text                                    0x08002ffa   Section        0  dflti.o(.text)
    .text                                    0x0800301c   Section        0  dfixul.o(.text)
    .text                                    0x0800304c   Section       40  cdrcmple.o(.text)
    .text                                    0x08003074   Section       36  init.o(.text)
    .text                                    0x08003098   Section        0  llshl.o(.text)
    .text                                    0x080030b6   Section        0  llushr.o(.text)
    .text                                    0x080030d6   Section        0  llsshr.o(.text)
    SVC_TABLE                                0x080030fc   Section        4  SVC_Table.o(SVC_TABLE)
    i.__0printf                              0x08003100   Section        0  printfa.o(i.__0printf)
    i.__ARM_fpclassify                       0x08003120   Section        0  fpclassify.o(i.__ARM_fpclassify)
    i.__hardfp_atan                          0x08003150   Section        0  atan.o(i.__hardfp_atan)
    i.__hardfp_pow                           0x08003438   Section        0  pow.o(i.__hardfp_pow)
    i.__hardfp_sqrt                          0x080040c8   Section        0  sqrt.o(i.__hardfp_sqrt)
    i.__kernel_poly                          0x08004142   Section        0  poly.o(i.__kernel_poly)
    i.__mathlib_dbl_underflow                0x08004240   Section        0  dunder.o(i.__mathlib_dbl_underflow)
    i.__scatterload_copy                     0x08004260   Section       14  handlers.o(i.__scatterload_copy)
    i.__scatterload_null                     0x0800426e   Section        2  handlers.o(i.__scatterload_null)
    i.__scatterload_zeroinit                 0x08004270   Section       14  handlers.o(i.__scatterload_zeroinit)
    i.__set_errno                            0x08004280   Section        0  errno.o(i.__set_errno)
    i._fp_digits                             0x0800428c   Section        0  printfa.o(i._fp_digits)
    _fp_digits                               0x0800428d   Thumb Code   326  printfa.o(i._fp_digits)
    i._init_box                              0x080043e8   Section        0  rt_membox.o(i._init_box)
    i._printf_core                           0x08004430   Section        0  printfa.o(i._printf_core)
    _printf_core                             0x08004431   Thumb Code  1762  printfa.o(i._printf_core)
    i._printf_post_padding                   0x08004b20   Section        0  printfa.o(i._printf_post_padding)
    _printf_post_padding                     0x08004b21   Thumb Code    38  printfa.o(i._printf_post_padding)
    i._printf_pre_padding                    0x08004b46   Section        0  printfa.o(i._printf_pre_padding)
    _printf_pre_padding                      0x08004b47   Thumb Code    48  printfa.o(i._printf_pre_padding)
    i.dbg_init                               0x08004b78   Section        0  hal_cm.o(i.dbg_init)
    i.dbg_task_notify                        0x08004ba8   Section        0  hal_cm.o(i.dbg_task_notify)
    i.dbg_task_switch                        0x08004bc8   Section        0  hal_cm.o(i.dbg_task_switch)
    i.fabs                                   0x08004bd8   Section        0  fabs.o(i.fabs)
    i.isrMessagePut                          0x08004bf8   Section        0  rt_cmsis.o(i.isrMessagePut)
    isrMessagePut                            0x08004bf9   Thumb Code    44  rt_cmsis.o(i.isrMessagePut)
    i.isr_evt_set                            0x08004c24   Section        0  rt_event.o(i.isr_evt_set)
    i.isr_mbx_receive                        0x08004c4c   Section        0  rt_mailbox.o(i.isr_mbx_receive)
    i.isr_mbx_send                           0x08004c9c   Section        0  rt_mailbox.o(i.isr_mbx_send)
    i.osDelay                                0x08004cac   Section        0  rt_cmsis.o(i.osDelay)
    i.osKernelStart                          0x08004cc4   Section        0  rt_cmsis.o(i.osKernelStart)
    i.osMessageGet                           0x08004d2c   Section        0  rt_cmsis.o(i.osMessageGet)
    i.osSignalSet                            0x08004d70   Section        0  rt_cmsis.o(i.osSignalSet)
    i.osSignalWait                           0x08004da4   Section        0  rt_cmsis.o(i.osSignalWait)
    i.osThreadCreate                         0x08004dbc   Section        0  rt_cmsis.o(i.osThreadCreate)
    i.osThreadExit                           0x08004dd4   Section        0  rt_cmsis.o(i.osThreadExit)
    i.osThreadGetId                          0x08004dec   Section        0  rt_cmsis.o(i.osThreadGetId)
    i.osThreadTerminate                      0x08004e04   Section        0  rt_cmsis.o(i.osThreadTerminate)
    i.osTimerCall                            0x08004e1c   Section        0  rt_cmsis.o(i.osTimerCall)
    i.osTimerThread                          0x08004e28   Section        0  rt_cmsis.o(i.osTimerThread)
    i.rt_alloc_box                           0x08004e54   Section        0  rt_membox.o(i.rt_alloc_box)
    i.rt_alloc_mem                           0x08004e70   Section        0  rt_memory.o(i.rt_alloc_mem)
    i.rt_block                               0x08004eac   Section        0  rt_task.o(i.rt_block)
    i.rt_chk_robin                           0x08004ee4   Section        0  rt_robin.o(i.rt_chk_robin)
    i.rt_dec_dly                             0x08004f2c   Section        0  rt_list.o(i.rt_dec_dly)
    i.rt_dispatch                            0x08004f9c   Section        0  rt_task.o(i.rt_dispatch)
    i.rt_dly_wait                            0x08004fe0   Section        0  rt_time.o(i.rt_dly_wait)
    i.rt_evt_psh                             0x08004fe8   Section        0  rt_event.o(i.rt_evt_psh)
    i.rt_evt_set                             0x08005038   Section        0  rt_event.o(i.rt_evt_set)
    i.rt_evt_wait                            0x08005094   Section        0  rt_event.o(i.rt_evt_wait)
    i.rt_free_box                            0x080050d4   Section        0  rt_membox.o(i.rt_free_box)
    i.rt_free_mem                            0x080050f4   Section        0  rt_memory.o(i.rt_free_mem)
    i.rt_get_first                           0x0800511c   Section        0  rt_list.o(i.rt_get_first)
    i.rt_id2obj                              0x08005144   Section        0  rt_cmsis.o(i.rt_id2obj)
    rt_id2obj                                0x08005145   Thumb Code     8  rt_cmsis.o(i.rt_id2obj)
    i.rt_init_context                        0x0800514c   Section        0  rt_task.o(i.rt_init_context)
    rt_init_context                          0x0800514d   Thumb Code    60  rt_task.o(i.rt_init_context)
    i.rt_init_mem                            0x0800518c   Section        0  rt_memory.o(i.rt_init_mem)
    i.rt_init_robin                          0x080051a8   Section        0  rt_robin.o(i.rt_init_robin)
    i.rt_init_stack                          0x080051c0   Section        0  hal_cm.o(i.rt_init_stack)
    i.rt_mbx_check                           0x08005210   Section        0  rt_mailbox.o(i.rt_mbx_check)
    i.rt_mbx_init                            0x08005218   Section        0  rt_mailbox.o(i.rt_mbx_init)
    i.rt_mbx_psh                             0x08005234   Section        0  rt_mailbox.o(i.rt_mbx_psh)
    i.rt_mbx_wait                            0x08005330   Section        0  rt_mailbox.o(i.rt_mbx_wait)
    i.rt_ms2tick                             0x080053e4   Section        0  rt_cmsis.o(i.rt_ms2tick)
    rt_ms2tick                               0x080053e5   Thumb Code    50  rt_cmsis.o(i.rt_ms2tick)
    i.rt_pop_req                             0x08005420   Section        0  rt_system.o(i.rt_pop_req)
    i.rt_psh_req                             0x08005498   Section        0  rt_system.o(i.rt_psh_req)
    i.rt_psq_enq                             0x080054b8   Section        0  rt_list.o(i.rt_psq_enq)
    i.rt_put_dly                             0x08005510   Section        0  rt_list.o(i.rt_put_dly)
    i.rt_put_prio                            0x0800556c   Section        0  rt_list.o(i.rt_put_prio)
    i.rt_put_rdy_first                       0x080055a4   Section        0  rt_list.o(i.rt_put_rdy_first)
    i.rt_ret_regs                            0x080055b8   Section        0  hal_cm.o(i.rt_ret_regs)
    rt_ret_regs                              0x080055b9   Thumb Code    16  hal_cm.o(i.rt_ret_regs)
    i.rt_ret_val                             0x080055c8   Section        0  hal_cm.o(i.rt_ret_val)
    i.rt_ret_val2                            0x080055d4   Section        0  hal_cm.o(i.rt_ret_val2)
    i.rt_rmv_dly                             0x080055e4   Section        0  rt_list.o(i.rt_rmv_dly)
    i.rt_rmv_list                            0x0800560c   Section        0  rt_list.o(i.rt_rmv_list)
    i.rt_sem_psh                             0x0800563c   Section        0  rt_semaphore.o(i.rt_sem_psh)
    i.rt_stk_check                           0x08005670   Section        0  rt_system.o(i.rt_stk_check)
    i.rt_switch_req                          0x08005694   Section        0  rt_task.o(i.rt_switch_req)
    i.rt_sys_init                            0x080056bc   Section        0  rt_task.o(i.rt_sys_init)
    i.rt_systick                             0x080057fc   Section        0  rt_system.o(i.rt_systick)
    i.rt_tid2ptcb                            0x08005838   Section        0  rt_cmsis.o(i.rt_tid2ptcb)
    rt_tid2ptcb                              0x08005839   Thumb Code    18  rt_cmsis.o(i.rt_tid2ptcb)
    i.rt_timer_insert                        0x0800584c   Section        0  rt_cmsis.o(i.rt_timer_insert)
    rt_timer_insert                          0x0800584d   Thumb Code    56  rt_cmsis.o(i.rt_timer_insert)
    i.rt_tsk_create                          0x08005888   Section        0  rt_task.o(i.rt_tsk_create)
    i.rt_tsk_delete                          0x08005908   Section        0  rt_task.o(i.rt_tsk_delete)
    i.rt_tsk_self                            0x080059b4   Section        0  rt_task.o(i.rt_tsk_self)
    i.sqrt                                   0x080059c4   Section        0  sqrt.o(i.sqrt)
    i.svcDelay                               0x08005a32   Section        0  rt_cmsis.o(i.svcDelay)
    i.svcKernelStart                         0x08005a48   Section        0  rt_cmsis.o(i.svcKernelStart)
    i.svcMessageCreate                       0x08005b1c   Section        0  rt_cmsis.o(i.svcMessageCreate)
    i.svcMessageGet                          0x08005b40   Section        0  rt_cmsis.o(i.svcMessageGet)
    i.svcSignalSet                           0x08005b7a   Section        0  rt_cmsis.o(i.svcSignalSet)
    i.svcSignalWait                          0x08005ba0   Section        0  rt_cmsis.o(i.svcSignalWait)
    i.svcThreadCreate                        0x08005bf4   Section        0  rt_cmsis.o(i.svcThreadCreate)
    i.svcThreadGetId                         0x08005c64   Section        0  rt_cmsis.o(i.svcThreadGetId)
    i.svcThreadTerminate                     0x08005c80   Section        0  rt_cmsis.o(i.svcThreadTerminate)
    i.svcTimerCall                           0x08005cb8   Section        0  rt_cmsis.o(i.svcTimerCall)
    i.sysTimerTick                           0x08005cd0   Section        0  rt_cmsis.o(i.sysTimerTick)
    .constdata                               0x08005d24   Section       88  rtx_conf_cm.o(.constdata)
    __tagsym$$used                           0x08005d38   Number         0  rtx_conf_cm.o(.constdata)
    __tagsym$$used                           0x08005d3c   Number         0  rtx_conf_cm.o(.constdata)
    .constdata                               0x08005d7c   Section       64  main.o(.constdata)
    .constdata                               0x08005dc0   Section      152  atan.o(.constdata)
    atanhi                                   0x08005dc0   Data          32  atan.o(.constdata)
    atanlo                                   0x08005de0   Data          32  atan.o(.constdata)
    aTodd                                    0x08005e00   Data          40  atan.o(.constdata)
    aTeven                                   0x08005e28   Data          48  atan.o(.constdata)
    .constdata                               0x08005e58   Section      136  pow.o(.constdata)
    bp                                       0x08005e58   Data          16  pow.o(.constdata)
    dp_h                                     0x08005e68   Data          16  pow.o(.constdata)
    dp_l                                     0x08005e78   Data          16  pow.o(.constdata)
    L                                        0x08005e88   Data          48  pow.o(.constdata)
    P                                        0x08005eb8   Data          40  pow.o(.constdata)
    .constdata                               0x08005ee0   Section        8  qnan.o(.constdata)
    .bss                                     0x10000000   Section     6992  rtx_conf_cm.o(.bss)
    .data                                    0x20000000   Section       20  system_stm32f4xx.o(.data)
    .data                                    0x20000014   Section       16  rtx_conf_cm.o(.data)
    .data                                    0x20000024   Section       36  main.o(.data)
    tid_mode2                                0x20000038   Data           4  main.o(.data)
    tid_mode1                                0x2000003c   Data           4  main.o(.data)
    .data                                    0x20000048   Section        8  fputc_debug.o(.data)
    .data                                    0x20000050   Section        4  wireless_impl.o(.data)
    .data                                    0x20000054   Section        4  stm32f4_discovery_lis302dl.o(.data)
    .data                                    0x20000058   Section       48  tilt_thread.o(.data)
    reset_flag                               0x2000005c   Data           4  tilt_thread.o(.data)
    DisplayTiltFlag                          0x20000060   Data           1  tilt_thread.o(.data)
    Interrupt_Flag                           0x2000006c   Data           4  tilt_thread.o(.data)
    Interrupt_Timer_LED                      0x20000070   Data           4  tilt_thread.o(.data)
    roll                                     0x20000074   Data           4  tilt_thread.o(.data)
    pitch                                    0x20000078   Data           4  tilt_thread.o(.data)
    .data                                    0x20000088   Section       16  stm32f4xx_rcc.o(.data)
    APBAHBPrescTable                         0x20000088   Data          16  stm32f4xx_rcc.o(.data)
    .data                                    0x20000098   Section        4  rt_cmsis.o(.data)
    .data                                    0x2000009c   Section        8  rt_task.o(.data)
    .data                                    0x200000a4   Section        3  rt_system.o(.data)
    os_lock                                  0x200000a4   Data           1  rt_system.o(.data)
    os_psh_flag                              0x200000a5   Data           1  rt_system.o(.data)
    pend_flags                               0x200000a6   Data           1  rt_system.o(.data)
    .data                                    0x200000a8   Section        2  rt_time.o(.data)
    .data                                    0x200000aa   Section        1  hal_cm.o(.data)
    .data                                    0x200000ac   Section        8  rt_robin.o(.data)
    .data                                    0x200000b4   Section        4  errno.o(.data)
    _errno                                   0x200000b4   Data           4  errno.o(.data)
    .bss                                     0x200000b8   Section       12  tilt_thread.o(.bss)
    .bss                                     0x200000c4   Section       48  rt_task.o(.bss)
    .bss                                     0x200000f4   Section       48  rt_list.o(.bss)
    STACK                                    0x20000128   Section     1024  startup_stm32f4xx.o(STACK)

    Global Symbols

    Symbol Name                              Value     Ov Type        Size  Object(Section)

    BuildAttributes$$THM_ISAv4$E$P$D$K$B$S$7EM$VFPi3$EXTD16$VFPS$VFMA$PE$A:L22UL41UL21$X:L11$S22US41US21$IEEE1$IW$USESV6$~STKCKD$USESV7$~SHL$OTIME$ROPI$IEEEX$EBA8$MICROLIB$REQ8$PRES8$EABIv2 0x00000000   Number         0  anon$$obj.o ABSOLUTE
    __ARM_use_no_argv                        0x00000000   Number         0  main.o ABSOLUTE
    __use_no_errno                           0x00000000   Number         0  useno.o ABSOLUTE
    __use_no_exception_handling              0x00000000   Number         0  useno.o ABSOLUTE
    __use_no_fp                              0x00000000   Number         0  useno.o ABSOLUTE
    __use_no_heap                            0x00000000   Number         0  useno.o ABSOLUTE
    __use_no_heap_region                     0x00000000   Number         0  useno.o ABSOLUTE
    __use_no_semihosting                     0x00000000   Number         0  useno.o ABSOLUTE
    __use_no_semihosting_swi                 0x00000000   Number         0  useno.o ABSOLUTE
    __use_no_signal_handling                 0x00000000   Number         0  useno.o ABSOLUTE
    _printf_a                                0x00000000   Number         0  stubs.o ABSOLUTE
    _printf_c                                0x00000000   Number         0  stubs.o ABSOLUTE
    _printf_charcount                        0x00000000   Number         0  stubs.o ABSOLUTE
    _printf_d                                0x00000000   Number         0  stubs.o ABSOLUTE
    _printf_e                                0x00000000   Number         0  stubs.o ABSOLUTE
    _printf_f                                0x00000000   Number         0  stubs.o ABSOLUTE
    _printf_flags                            0x00000000   Number         0  stubs.o ABSOLUTE
    _printf_fp_dec                           0x00000000   Number         0  stubs.o ABSOLUTE
    _printf_fp_hex                           0x00000000   Number         0  stubs.o ABSOLUTE
    _printf_g                                0x00000000   Number         0  stubs.o ABSOLUTE
    _printf_i                                0x00000000   Number         0  stubs.o ABSOLUTE
    _printf_int_dec                          0x00000000   Number         0  stubs.o ABSOLUTE
    _printf_l                                0x00000000   Number         0  stubs.o ABSOLUTE
    _printf_lc                               0x00000000   Number         0  stubs.o ABSOLUTE
    _printf_ll                               0x00000000   Number         0  stubs.o ABSOLUTE
    _printf_lld                              0x00000000   Number         0  stubs.o ABSOLUTE
    _printf_lli                              0x00000000   Number         0  stubs.o ABSOLUTE
    _printf_llo                              0x00000000   Number         0  stubs.o ABSOLUTE
    _printf_llu                              0x00000000   Number         0  stubs.o ABSOLUTE
    _printf_llx                              0x00000000   Number         0  stubs.o ABSOLUTE
    _printf_longlong_dec                     0x00000000   Number         0  stubs.o ABSOLUTE
    _printf_longlong_hex                     0x00000000   Number         0  stubs.o ABSOLUTE
    _printf_longlong_oct                     0x00000000   Number         0  stubs.o ABSOLUTE
    _printf_ls                               0x00000000   Number         0  stubs.o ABSOLUTE
    _printf_mbtowc                           0x00000000   Number         0  stubs.o ABSOLUTE
    _printf_n                                0x00000000   Number         0  stubs.o ABSOLUTE
    _printf_o                                0x00000000   Number         0  stubs.o ABSOLUTE
    _printf_p                                0x00000000   Number         0  stubs.o ABSOLUTE
    _printf_percent                          0x00000000   Number         0  stubs.o ABSOLUTE
    _printf_pre_padding                      0x00000000   Number         0  stubs.o ABSOLUTE
    _printf_return_value                     0x00000000   Number         0  stubs.o ABSOLUTE
    _printf_s                                0x00000000   Number         0  stubs.o ABSOLUTE
    _printf_sizespec                         0x00000000   Number         0  stubs.o ABSOLUTE
    _printf_str                              0x00000000   Number         0  stubs.o ABSOLUTE
    _printf_truncate_signed                  0x00000000   Number         0  stubs.o ABSOLUTE
    _printf_truncate_unsigned                0x00000000   Number         0  stubs.o ABSOLUTE
    _printf_u                                0x00000000   Number         0  stubs.o ABSOLUTE
    _printf_wc                               0x00000000   Number         0  stubs.o ABSOLUTE
    _printf_wctomb                           0x00000000   Number         0  stubs.o ABSOLUTE
    _printf_widthprec                        0x00000000   Number         0  stubs.o ABSOLUTE
    _printf_x                                0x00000000   Number         0  stubs.o ABSOLUTE
    __cpp_initialize__aeabi_                  - Undefined Weak Reference
    __cxa_finalize                            - Undefined Weak Reference
    __decompress                              - Undefined Weak Reference
    _clock_init                               - Undefined Weak Reference
    _microlib_exit                            - Undefined Weak Reference
    __Vectors_Size                           0x00000188   Number         0  startup_stm32f4xx.o ABSOLUTE
    __RL_RTX_VER                             0x00000422   Number         0  rt_system.o ABSOLUTE
    __Vectors                                0x08000000   Data           4  startup_stm32f4xx.o(RESET)
    __Vectors_End                            0x08000188   Data           0  startup_stm32f4xx.o(RESET)
    __main                                   0x08000189   Thumb Code     0  entry.o(.ARM.Collect$$$$00000000)
    _main_stk                                0x08000189   Thumb Code     0  entry2.o(.ARM.Collect$$$$00000001)
    _main_scatterload                        0x0800018d   Thumb Code     0  entry5.o(.ARM.Collect$$$$00000004)
    __main_after_scatterload                 0x08000191   Thumb Code     0  entry5.o(.ARM.Collect$$$$00000004)
    __rt_final_cpp                           0x08000191   Thumb Code     0  entry10a.o(.ARM.Collect$$$$0000000D)
    __rt_final_exit                          0x08000191   Thumb Code     0  entry11a.o(.ARM.Collect$$$$0000000F)
    _main_clock                              0x08000191   Thumb Code     0  entry7b.o(.ARM.Collect$$$$00000008)
    _main_cpp_init                           0x08000191   Thumb Code     0  entry8b.o(.ARM.Collect$$$$0000000A)
    _main_init                               0x08000191   Thumb Code    10  rtx_conf_cm.o(.ARM.Collect$$$$000000FF)
    rt_set_PSP                               0x080001a5   Thumb Code     6  hal_cm4.o(.emb_text)
    os_set_env                               0x080001ab   Thumb Code    26  hal_cm4.o(.emb_text)
    _alloc_box                               0x080001c9   Thumb Code    28  hal_cm4.o(.emb_text)
    _free_box                                0x080001e9   Thumb Code    28  hal_cm4.o(.emb_text)
    SVC_Handler                              0x08000209   Thumb Code   152  hal_cm4.o(.emb_text)
    PendSV_Handler                           0x080002ad   Thumb Code     0  hal_cm4.o(.emb_text)
    Sys_Handler                              0x080002ad   Thumb Code   104  hal_cm4.o(.emb_text)
    SysTick_Handler                          0x0800030d   Thumb Code     0  hal_cm4.o(.emb_text)
    SystemInit                               0x080003f3   Thumb Code    88  system_stm32f4xx.o(.text)
    SystemCoreClockUpdate                    0x0800044b   Thumb Code   174  system_stm32f4xx.o(.text)
    Reset_Handler                            0x08000525   Thumb Code     8  startup_stm32f4xx.o(.text)
    NMI_Handler                              0x0800052d   Thumb Code     2  startup_stm32f4xx.o(.text)
    HardFault_Handler                        0x0800052f   Thumb Code     2  startup_stm32f4xx.o(.text)
    MemManage_Handler                        0x08000531   Thumb Code     2  startup_stm32f4xx.o(.text)
    BusFault_Handler                         0x08000533   Thumb Code     2  startup_stm32f4xx.o(.text)
    UsageFault_Handler                       0x08000535   Thumb Code     2  startup_stm32f4xx.o(.text)
    DebugMon_Handler                         0x08000539   Thumb Code     2  startup_stm32f4xx.o(.text)
    ADC_IRQHandler                           0x0800053f   Thumb Code     0  startup_stm32f4xx.o(.text)
    CAN1_RX0_IRQHandler                      0x0800053f   Thumb Code     0  startup_stm32f4xx.o(.text)
    CAN1_RX1_IRQHandler                      0x0800053f   Thumb Code     0  startup_stm32f4xx.o(.text)
    CAN1_SCE_IRQHandler                      0x0800053f   Thumb Code     0  startup_stm32f4xx.o(.text)
    CAN1_TX_IRQHandler                       0x0800053f   Thumb Code     0  startup_stm32f4xx.o(.text)
    CAN2_RX0_IRQHandler                      0x0800053f   Thumb Code     0  startup_stm32f4xx.o(.text)
    CAN2_RX1_IRQHandler                      0x0800053f   Thumb Code     0  startup_stm32f4xx.o(.text)
    CAN2_SCE_IRQHandler                      0x0800053f   Thumb Code     0  startup_stm32f4xx.o(.text)
    CAN2_TX_IRQHandler                       0x0800053f   Thumb Code     0  startup_stm32f4xx.o(.text)
    CRYP_IRQHandler                          0x0800053f   Thumb Code     0  startup_stm32f4xx.o(.text)
    DCMI_IRQHandler                          0x0800053f   Thumb Code     0  startup_stm32f4xx.o(.text)
    DMA1_Stream0_IRQHandler                  0x0800053f   Thumb Code     0  startup_stm32f4xx.o(.text)
    DMA1_Stream1_IRQHandler                  0x0800053f   Thumb Code     0  startup_stm32f4xx.o(.text)
    DMA1_Stream2_IRQHandler                  0x0800053f   Thumb Code     0  startup_stm32f4xx.o(.text)
    DMA1_Stream3_IRQHandler                  0x0800053f   Thumb Code     0  startup_stm32f4xx.o(.text)
    DMA1_Stream4_IRQHandler                  0x0800053f   Thumb Code     0  startup_stm32f4xx.o(.text)
    DMA1_Stream5_IRQHandler                  0x0800053f   Thumb Code     0  startup_stm32f4xx.o(.text)
    DMA1_Stream6_IRQHandler                  0x0800053f   Thumb Code     0  startup_stm32f4xx.o(.text)
    DMA1_Stream7_IRQHandler                  0x0800053f   Thumb Code     0  startup_stm32f4xx.o(.text)
    DMA2_Stream0_IRQHandler                  0x0800053f   Thumb Code     0  startup_stm32f4xx.o(.text)
    DMA2_Stream1_IRQHandler                  0x0800053f   Thumb Code     0  startup_stm32f4xx.o(.text)
    DMA2_Stream2_IRQHandler                  0x0800053f   Thumb Code     0  startup_stm32f4xx.o(.text)
    DMA2_Stream3_IRQHandler                  0x0800053f   Thumb Code     0  startup_stm32f4xx.o(.text)
    DMA2_Stream4_IRQHandler                  0x0800053f   Thumb Code     0  startup_stm32f4xx.o(.text)
    DMA2_Stream5_IRQHandler                  0x0800053f   Thumb Code     0  startup_stm32f4xx.o(.text)
    DMA2_Stream6_IRQHandler                  0x0800053f   Thumb Code     0  startup_stm32f4xx.o(.text)
    DMA2_Stream7_IRQHandler                  0x0800053f   Thumb Code     0  startup_stm32f4xx.o(.text)
    ETH_IRQHandler                           0x0800053f   Thumb Code     0  startup_stm32f4xx.o(.text)
    ETH_WKUP_IRQHandler                      0x0800053f   Thumb Code     0  startup_stm32f4xx.o(.text)
    EXTI15_10_IRQHandler                     0x0800053f   Thumb Code     0  startup_stm32f4xx.o(.text)
    EXTI2_IRQHandler                         0x0800053f   Thumb Code     0  startup_stm32f4xx.o(.text)
    EXTI3_IRQHandler                         0x0800053f   Thumb Code     0  startup_stm32f4xx.o(.text)
    EXTI4_IRQHandler                         0x0800053f   Thumb Code     0  startup_stm32f4xx.o(.text)
    EXTI9_5_IRQHandler                       0x0800053f   Thumb Code     0  startup_stm32f4xx.o(.text)
    FLASH_IRQHandler                         0x0800053f   Thumb Code     0  startup_stm32f4xx.o(.text)
    FPU_IRQHandler                           0x0800053f   Thumb Code     0  startup_stm32f4xx.o(.text)
    FSMC_IRQHandler                          0x0800053f   Thumb Code     0  startup_stm32f4xx.o(.text)
    HASH_RNG_IRQHandler                      0x0800053f   Thumb Code     0  startup_stm32f4xx.o(.text)
    I2C1_ER_IRQHandler                       0x0800053f   Thumb Code     0  startup_stm32f4xx.o(.text)
    I2C1_EV_IRQHandler                       0x0800053f   Thumb Code     0  startup_stm32f4xx.o(.text)
    I2C2_ER_IRQHandler                       0x0800053f   Thumb Code     0  startup_stm32f4xx.o(.text)
    I2C2_EV_IRQHandler                       0x0800053f   Thumb Code     0  startup_stm32f4xx.o(.text)
    I2C3_ER_IRQHandler                       0x0800053f   Thumb Code     0  startup_stm32f4xx.o(.text)
    I2C3_EV_IRQHandler                       0x0800053f   Thumb Code     0  startup_stm32f4xx.o(.text)
    OTG_FS_IRQHandler                        0x0800053f   Thumb Code     0  startup_stm32f4xx.o(.text)
    OTG_FS_WKUP_IRQHandler                   0x0800053f   Thumb Code     0  startup_stm32f4xx.o(.text)
    OTG_HS_EP1_IN_IRQHandler                 0x0800053f   Thumb Code     0  startup_stm32f4xx.o(.text)
    OTG_HS_EP1_OUT_IRQHandler                0x0800053f   Thumb Code     0  startup_stm32f4xx.o(.text)
    OTG_HS_IRQHandler                        0x0800053f   Thumb Code     0  startup_stm32f4xx.o(.text)
    OTG_HS_WKUP_IRQHandler                   0x0800053f   Thumb Code     0  startup_stm32f4xx.o(.text)
    PVD_IRQHandler                           0x0800053f   Thumb Code     0  startup_stm32f4xx.o(.text)
    RCC_IRQHandler                           0x0800053f   Thumb Code     0  startup_stm32f4xx.o(.text)
    RTC_Alarm_IRQHandler                     0x0800053f   Thumb Code     0  startup_stm32f4xx.o(.text)
    RTC_WKUP_IRQHandler                      0x0800053f   Thumb Code     0  startup_stm32f4xx.o(.text)
    SDIO_IRQHandler                          0x0800053f   Thumb Code     0  startup_stm32f4xx.o(.text)
    SPI1_IRQHandler                          0x0800053f   Thumb Code     0  startup_stm32f4xx.o(.text)
    SPI2_IRQHandler                          0x0800053f   Thumb Code     0  startup_stm32f4xx.o(.text)
    SPI3_IRQHandler                          0x0800053f   Thumb Code     0  startup_stm32f4xx.o(.text)
    TAMP_STAMP_IRQHandler                    0x0800053f   Thumb Code     0  startup_stm32f4xx.o(.text)
    TIM1_BRK_TIM9_IRQHandler                 0x0800053f   Thumb Code     0  startup_stm32f4xx.o(.text)
    TIM1_CC_IRQHandler                       0x0800053f   Thumb Code     0  startup_stm32f4xx.o(.text)
    TIM1_TRG_COM_TIM11_IRQHandler            0x0800053f   Thumb Code     0  startup_stm32f4xx.o(.text)
    TIM1_UP_TIM10_IRQHandler                 0x0800053f   Thumb Code     0  startup_stm32f4xx.o(.text)
    TIM2_IRQHandler                          0x0800053f   Thumb Code     0  startup_stm32f4xx.o(.text)
    TIM3_IRQHandler                          0x0800053f   Thumb Code     0  startup_stm32f4xx.o(.text)
    TIM4_IRQHandler                          0x0800053f   Thumb Code     0  startup_stm32f4xx.o(.text)
    TIM5_IRQHandler                          0x0800053f   Thumb Code     0  startup_stm32f4xx.o(.text)
    TIM6_DAC_IRQHandler                      0x0800053f   Thumb Code     0  startup_stm32f4xx.o(.text)
    TIM7_IRQHandler                          0x0800053f   Thumb Code     0  startup_stm32f4xx.o(.text)
    TIM8_BRK_TIM12_IRQHandler                0x0800053f   Thumb Code     0  startup_stm32f4xx.o(.text)
    TIM8_CC_IRQHandler                       0x0800053f   Thumb Code     0  startup_stm32f4xx.o(.text)
    TIM8_TRG_COM_TIM14_IRQHandler            0x0800053f   Thumb Code     0  startup_stm32f4xx.o(.text)
    TIM8_UP_TIM13_IRQHandler                 0x0800053f   Thumb Code     0  startup_stm32f4xx.o(.text)
    UART4_IRQHandler                         0x0800053f   Thumb Code     0  startup_stm32f4xx.o(.text)
    UART5_IRQHandler                         0x0800053f   Thumb Code     0  startup_stm32f4xx.o(.text)
    USART1_IRQHandler                        0x0800053f   Thumb Code     0  startup_stm32f4xx.o(.text)
    USART2_IRQHandler                        0x0800053f   Thumb Code     0  startup_stm32f4xx.o(.text)
    USART3_IRQHandler                        0x0800053f   Thumb Code     0  startup_stm32f4xx.o(.text)
    USART6_IRQHandler                        0x0800053f   Thumb Code     0  startup_stm32f4xx.o(.text)
    WWDG_IRQHandler                          0x0800053f   Thumb Code     0  startup_stm32f4xx.o(.text)
    os_idle_demon                            0x08000549   Thumb Code     4  rtx_conf_cm.o(.text)
    os_error                                 0x0800054d   Thumb Code     4  rtx_conf_cm.o(.text)
    main                                     0x08000551   Thumb Code    42  main.o(.text)
    thread_keypad                            0x080005db   Thumb Code   140  main.o(.text)
    PushBotton_ISR                           0x08000667   Thumb Code     2  main.o(.text)
    EXTI0_IRQHandler                         0x08000669   Thumb Code    28  main.o(.text)
    fputc                                    0x0800079b   Thumb Code    14  fputc_debug.o(.text)
    _ttywrch                                 0x080007a9   Thumb Code    12  fputc_debug.o(.text)
    _sys_exit                                0x080007b5   Thumb Code     4  fputc_debug.o(.text)
    WIRELESS_SPI_TIMEOUT_UserCallback        0x080007bd   Thumb Code     2  wireless_impl.o(.text)
    WIRELESS_SPI_Write                       0x08000829   Thumb Code    70  wireless_impl.o(.text)
    send_command_strobe                      0x0800086f   Thumb Code    32  wireless_impl.o(.text)
    wireless_config_settings                 0x0800088f   Thumb Code   612  wireless_impl.o(.text)
    wireless_spi_Init                        0x08000af3   Thumb Code    12  wireless_impl.o(.text)
    WIRELESS_SPI_Read                        0x08000aff   Thumb Code    70  wireless_impl.o(.text)
    read_Status_Register                     0x08000b45   Thumb Code    46  wireless_impl.o(.text)
    wirelessTransmit_TX                      0x08000b73   Thumb Code   246  wireless_impl.o(.text)
    wirelessReceive_RX                       0x08000c69   Thumb Code    88  wireless_impl.o(.text)
    wireless_spi_config                      0x08000cc1   Thumb Code   246  wireless_spi_config.o(.text)
    LIS302DL_TIMEOUT_UserCallback            0x08000dc5   Thumb Code     2  stm32f4_discovery_lis302dl.o(.text)
    LIS302DL_Write                           0x08000e31   Thumb Code    58  stm32f4_discovery_lis302dl.o(.text)
    LIS302DL_Init                            0x08000f91   Thumb Code    44  stm32f4_discovery_lis302dl.o(.text)
    LIS302DL_Read                            0x08000fbd   Thumb Code    66  stm32f4_discovery_lis302dl.o(.text)
    LIS302DL_FilterConfig                    0x08000fff   Thumb Code    58  stm32f4_discovery_lis302dl.o(.text)
    LIS302DL_InterruptConfig                 0x08001039   Thumb Code    42  stm32f4_discovery_lis302dl.o(.text)
    LIS302DL_LowpowerCmd                     0x08001063   Thumb Code    44  stm32f4_discovery_lis302dl.o(.text)
    LIS302DL_DataRateCmd                     0x0800108f   Thumb Code    44  stm32f4_discovery_lis302dl.o(.text)
    LIS302DL_FullScaleCmd                    0x080010bb   Thumb Code    44  stm32f4_discovery_lis302dl.o(.text)
    LIS302DL_RebootCmd                       0x080010e7   Thumb Code    34  stm32f4_discovery_lis302dl.o(.text)
    LIS302DL_ReadACC                         0x08001109   Thumb Code   112  stm32f4_discovery_lis302dl.o(.text)
    get_calibration_data                     0x08001189   Thumb Code   254  calibration.o(.text)
    EXTI_NVIC_Config                         0x0800129d   Thumb Code   116  mem_interrupt.o(.text)
    MEM_Interrupt_Config                     0x08001311   Thumb Code    42  mem_interrupt.o(.text)
    MovingAverageFilter                      0x08001341   Thumb Code   114  movingaveragefilter.o(.text)
    MovingAverageFilterTemperature           0x080013b3   Thumb Code   140  movingaveragefilter.o(.text)
    tilt_detection_thread                    0x08001445   Thumb Code   248  tilt_thread.o(.text)
    transmitTiltAngles                       0x0800153d   Thumb Code   106  tilt_thread.o(.text)
    EXTI1_IRQHandler                         0x080015a7   Thumb Code    28  tilt_thread.o(.text)
    set_Accelerometer_MEM                    0x080015f1   Thumb Code    38  accelerometer_conf.o(.text)
    calculate_pitch                          0x08001619   Thumb Code   296  tilt_angle_calculation.o(.text)
    calculate_roll                           0x08001741   Thumb Code   296  tilt_angle_calculation.o(.text)
    keypad_column_init                       0x08001879   Thumb Code   168  keypad.o(.text)
    keypad_row_init                          0x08001921   Thumb Code   166  keypad.o(.text)
    readKeyColumn                            0x080019c7   Thumb Code    76  keypad.o(.text)
    readKeyRow                               0x08001a13   Thumb Code    82  keypad.o(.text)
    read_keypad                              0x08001a65   Thumb Code   102  keypad.o(.text)
    read_symble                              0x08001acb   Thumb Code    38  keypad.o(.text)
    EXTI_NVIC_Config_PushButton              0x08001af5   Thumb Code   120  userbutton_config.o(.text)
    mode2_thread                             0x08001b71   Thumb Code    18  mode2_thread.o(.text)
    NVIC_PriorityGroupConfig                 0x08001ba1   Thumb Code    10  misc.o(.text)
    NVIC_Init                                0x08001bab   Thumb Code   108  misc.o(.text)
    NVIC_SetVectorTable                      0x08001c17   Thumb Code    14  misc.o(.text)
    NVIC_SystemLPConfig                      0x08001c25   Thumb Code    34  misc.o(.text)
    SysTick_CLKSourceConfig                  0x08001c47   Thumb Code    40  misc.o(.text)
    EXTI_DeInit                              0x08001c85   Thumb Code    28  stm32f4xx_exti.o(.text)
    EXTI_Init                                0x08001ca1   Thumb Code   142  stm32f4xx_exti.o(.text)
    EXTI_StructInit                          0x08001d2f   Thumb Code    16  stm32f4xx_exti.o(.text)
    EXTI_GenerateSWInterrupt                 0x08001d3f   Thumb Code    16  stm32f4xx_exti.o(.text)
    EXTI_GetFlagStatus                       0x08001d4f   Thumb Code    22  stm32f4xx_exti.o(.text)
    EXTI_ClearFlag                           0x08001d65   Thumb Code     8  stm32f4xx_exti.o(.text)
    EXTI_GetITStatus                         0x08001d6d   Thumb Code    34  stm32f4xx_exti.o(.text)
    EXTI_ClearITPendingBit                   0x08001d8f   Thumb Code     8  stm32f4xx_exti.o(.text)
    GPIO_DeInit                              0x08001da1   Thumb Code   220  stm32f4xx_gpio.o(.text)
    GPIO_Init                                0x08001e7d   Thumb Code   144  stm32f4xx_gpio.o(.text)
    GPIO_StructInit                          0x08001f0d   Thumb Code    18  stm32f4xx_gpio.o(.text)
    GPIO_PinLockConfig                       0x08001f1f   Thumb Code    34  stm32f4xx_gpio.o(.text)
    GPIO_ReadInputDataBit                    0x08001f41   Thumb Code    18  stm32f4xx_gpio.o(.text)
    GPIO_ReadInputData                       0x08001f53   Thumb Code     8  stm32f4xx_gpio.o(.text)
    GPIO_ReadOutputDataBit                   0x08001f5b   Thumb Code    18  stm32f4xx_gpio.o(.text)
    GPIO_ReadOutputData                      0x08001f6d   Thumb Code     8  stm32f4xx_gpio.o(.text)
    GPIO_SetBits                             0x08001f75   Thumb Code     4  stm32f4xx_gpio.o(.text)
    GPIO_ResetBits                           0x08001f79   Thumb Code     4  stm32f4xx_gpio.o(.text)
    GPIO_WriteBit                            0x08001f7d   Thumb Code    10  stm32f4xx_gpio.o(.text)
    GPIO_Write                               0x08001f87   Thumb Code     4  stm32f4xx_gpio.o(.text)
    GPIO_ToggleBits                          0x08001f8b   Thumb Code     8  stm32f4xx_gpio.o(.text)
    GPIO_PinAFConfig                         0x08001f93   Thumb Code    70  stm32f4xx_gpio.o(.text)
    RCC_DeInit                               0x08001ffd   Thumb Code    60  stm32f4xx_rcc.o(.text)
    RCC_HSEConfig                            0x08002039   Thumb Code    14  stm32f4xx_rcc.o(.text)
    RCC_GetFlagStatus                        0x08002047   Thumb Code    60  stm32f4xx_rcc.o(.text)
    RCC_WaitForHSEStartUp                    0x08002083   Thumb Code    56  stm32f4xx_rcc.o(.text)
    RCC_AdjustHSICalibrationValue            0x080020bb   Thumb Code    20  stm32f4xx_rcc.o(.text)
    RCC_HSICmd                               0x080020cf   Thumb Code     6  stm32f4xx_rcc.o(.text)
    RCC_LSEConfig                            0x080020d5   Thumb Code    46  stm32f4xx_rcc.o(.text)
    RCC_LSICmd                               0x08002103   Thumb Code     6  stm32f4xx_rcc.o(.text)
    RCC_PLLConfig                            0x08002109   Thumb Code    32  stm32f4xx_rcc.o(.text)
    RCC_PLLCmd                               0x08002129   Thumb Code     6  stm32f4xx_rcc.o(.text)
    RCC_PLLI2SConfig                         0x0800212f   Thumb Code    14  stm32f4xx_rcc.o(.text)
    RCC_PLLI2SCmd                            0x0800213d   Thumb Code     6  stm32f4xx_rcc.o(.text)
    RCC_ClockSecuritySystemCmd               0x08002143   Thumb Code     6  stm32f4xx_rcc.o(.text)
    RCC_MCO1Config                           0x08002149   Thumb Code    28  stm32f4xx_rcc.o(.text)
    RCC_MCO2Config                           0x08002165   Thumb Code    28  stm32f4xx_rcc.o(.text)
    RCC_SYSCLKConfig                         0x08002181   Thumb Code    20  stm32f4xx_rcc.o(.text)
    RCC_GetSYSCLKSource                      0x08002195   Thumb Code    12  stm32f4xx_rcc.o(.text)
    RCC_HCLKConfig                           0x080021a1   Thumb Code    20  stm32f4xx_rcc.o(.text)
    RCC_PCLK1Config                          0x080021b5   Thumb Code    20  stm32f4xx_rcc.o(.text)
    RCC_PCLK2Config                          0x080021c9   Thumb Code    22  stm32f4xx_rcc.o(.text)
    RCC_GetClocksFreq                        0x080021df   Thumb Code   222  stm32f4xx_rcc.o(.text)
    RCC_RTCCLKConfig                         0x080022bd   Thumb Code    54  stm32f4xx_rcc.o(.text)
    RCC_RTCCLKCmd                            0x080022f3   Thumb Code     8  stm32f4xx_rcc.o(.text)
    RCC_BackupResetCmd                       0x080022fb   Thumb Code     8  stm32f4xx_rcc.o(.text)
    RCC_I2SCLKConfig                         0x08002303   Thumb Code     6  stm32f4xx_rcc.o(.text)
    RCC_AHB1PeriphClockCmd                   0x08002309   Thumb Code    34  stm32f4xx_rcc.o(.text)
    RCC_AHB2PeriphClockCmd                   0x0800232b   Thumb Code    34  stm32f4xx_rcc.o(.text)
    RCC_AHB3PeriphClockCmd                   0x0800234d   Thumb Code    34  stm32f4xx_rcc.o(.text)
    RCC_APB1PeriphClockCmd                   0x0800236f   Thumb Code    34  stm32f4xx_rcc.o(.text)
    RCC_APB2PeriphClockCmd                   0x08002391   Thumb Code    34  stm32f4xx_rcc.o(.text)
    RCC_AHB1PeriphResetCmd                   0x080023b3   Thumb Code    34  stm32f4xx_rcc.o(.text)
    RCC_AHB2PeriphResetCmd                   0x080023d5   Thumb Code    72  stm32f4xx_rcc.o(.text)
    RCC_AHB3PeriphResetCmd                   0x0800241d   Thumb Code    34  stm32f4xx_rcc.o(.text)
    RCC_APB1PeriphResetCmd                   0x0800243f   Thumb Code    34  stm32f4xx_rcc.o(.text)
    RCC_APB2PeriphResetCmd                   0x08002461   Thumb Code    34  stm32f4xx_rcc.o(.text)
    RCC_AHB1PeriphClockLPModeCmd             0x08002483   Thumb Code    34  stm32f4xx_rcc.o(.text)
    RCC_AHB2PeriphClockLPModeCmd             0x080024a5   Thumb Code    34  stm32f4xx_rcc.o(.text)
    RCC_AHB3PeriphClockLPModeCmd             0x080024c7   Thumb Code    34  stm32f4xx_rcc.o(.text)
    RCC_APB1PeriphClockLPModeCmd             0x080024e9   Thumb Code    34  stm32f4xx_rcc.o(.text)
    RCC_APB2PeriphClockLPModeCmd             0x0800250b   Thumb Code    34  stm32f4xx_rcc.o(.text)
    RCC_ITConfig                             0x0800252d   Thumb Code    34  stm32f4xx_rcc.o(.text)
    RCC_ClearFlag                            0x0800254f   Thumb Code    18  stm32f4xx_rcc.o(.text)
    RCC_GetITStatus                          0x08002561   Thumb Code    22  stm32f4xx_rcc.o(.text)
    RCC_ClearITPendingBit                    0x08002577   Thumb Code     8  stm32f4xx_rcc.o(.text)
    SPI_I2S_DeInit                           0x08002585   Thumb Code    76  stm32f4xx_spi.o(.text)
    SPI_Init                                 0x080025d1   Thumb Code    60  stm32f4xx_spi.o(.text)
    I2S_Init                                 0x0800260d   Thumb Code   346  stm32f4xx_spi.o(.text)
    SPI_StructInit                           0x08002767   Thumb Code    24  stm32f4xx_spi.o(.text)
    I2S_StructInit                           0x0800277f   Thumb Code    20  stm32f4xx_spi.o(.text)
    SPI_Cmd                                  0x08002793   Thumb Code    24  stm32f4xx_spi.o(.text)
    I2S_Cmd                                  0x080027ab   Thumb Code    24  stm32f4xx_spi.o(.text)
    SPI_DataSizeConfig                       0x080027c3   Thumb Code    18  stm32f4xx_spi.o(.text)
    SPI_BiDirectionalLineConfig              0x080027d5   Thumb Code    28  stm32f4xx_spi.o(.text)
    SPI_NSSInternalSoftwareConfig            0x080027f1   Thumb Code    30  stm32f4xx_spi.o(.text)
    SPI_SSOutputCmd                          0x0800280f   Thumb Code    24  stm32f4xx_spi.o(.text)
    SPI_TIModeCmd                            0x08002827   Thumb Code    24  stm32f4xx_spi.o(.text)
    I2S_FullDuplexConfig                     0x0800283f   Thumb Code    80  stm32f4xx_spi.o(.text)
    SPI_I2S_ReceiveData                      0x0800288f   Thumb Code     6  stm32f4xx_spi.o(.text)
    SPI_I2S_SendData                         0x08002895   Thumb Code     4  stm32f4xx_spi.o(.text)
    SPI_CalculateCRC                         0x08002899   Thumb Code    24  stm32f4xx_spi.o(.text)
    SPI_TransmitCRC                          0x080028b1   Thumb Code    10  stm32f4xx_spi.o(.text)
    SPI_GetCRC                               0x080028bb   Thumb Code    16  stm32f4xx_spi.o(.text)
    SPI_GetCRCPolynomial                     0x080028cb   Thumb Code     6  stm32f4xx_spi.o(.text)
    SPI_I2S_DMACmd                           0x080028d1   Thumb Code    18  stm32f4xx_spi.o(.text)
    SPI_I2S_ITConfig                         0x080028e3   Thumb Code    32  stm32f4xx_spi.o(.text)
    SPI_I2S_GetFlagStatus                    0x08002903   Thumb Code    18  stm32f4xx_spi.o(.text)
    SPI_I2S_ClearFlag                        0x08002915   Thumb Code     6  stm32f4xx_spi.o(.text)
    SPI_I2S_GetITStatus                      0x0800291b   Thumb Code    52  stm32f4xx_spi.o(.text)
    SPI_I2S_ClearITPendingBit                0x0800294f   Thumb Code    20  stm32f4xx_spi.o(.text)
    SYSCFG_DeInit                            0x08002979   Thumb Code    22  stm32f4xx_syscfg.o(.text)
    SYSCFG_MemoryRemapConfig                 0x0800298f   Thumb Code     6  stm32f4xx_syscfg.o(.text)
    SYSCFG_EXTILineConfig                    0x08002995   Thumb Code    66  stm32f4xx_syscfg.o(.text)
    SYSCFG_ETH_MediaInterfaceConfig          0x080029d7   Thumb Code     6  stm32f4xx_syscfg.o(.text)
    SYSCFG_CompensationCellCmd               0x080029dd   Thumb Code     6  stm32f4xx_syscfg.o(.text)
    SYSCFG_GetCompensationCellStatus         0x080029e3   Thumb Code    22  stm32f4xx_syscfg.o(.text)
    __aeabi_dmul                             0x08002a05   Thumb Code   228  dmul.o(.text)
    __aeabi_f2d                              0x08002ae9   Thumb Code    38  f2d.o(.text)
    __aeabi_d2f                              0x08002b0f   Thumb Code    56  d2f.o(.text)
    __aeabi_uidiv                            0x08002b47   Thumb Code     0  uidiv.o(.text)
    __aeabi_uidivmod                         0x08002b47   Thumb Code    44  uidiv.o(.text)
    __aeabi_uldivmod                         0x08002b73   Thumb Code    98  uldiv.o(.text)
    __I$use$fp                               0x08002bd5   Thumb Code     0  iusefp.o(.text)
    _float_round                             0x08002bd5   Thumb Code    18  fepilogue.o(.text)
    _float_epilogue                          0x08002be7   Thumb Code    90  fepilogue.o(.text)
    _double_round                            0x08002c41   Thumb Code    26  depilogue.o(.text)
    _double_epilogue                         0x08002c5b   Thumb Code   164  depilogue.o(.text)
    __aeabi_dadd                             0x08002cff   Thumb Code   322  dadd.o(.text)
    __aeabi_dsub                             0x08002e41   Thumb Code     6  dadd.o(.text)
    __aeabi_drsub                            0x08002e47   Thumb Code     6  dadd.o(.text)
    __aeabi_ddiv                             0x08002e4d   Thumb Code   222  ddiv.o(.text)
    __ARM_scalbn                             0x08002f2b   Thumb Code    46  dscalb.o(.text)
    scalbn                                   0x08002f2b   Thumb Code     0  dscalb.o(.text)
    _dsqrt                                   0x08002f59   Thumb Code   162  dsqrt.o(.text)
    __aeabi_i2d                              0x08002ffb   Thumb Code    34  dflti.o(.text)
    __aeabi_d2ulz                            0x0800301d   Thumb Code    48  dfixul.o(.text)
    __aeabi_cdrcmple                         0x0800304d   Thumb Code    38  cdrcmple.o(.text)
    __scatterload                            0x08003075   Thumb Code    28  init.o(.text)
    __scatterload_rt2                        0x08003075   Thumb Code     0  init.o(.text)
    __aeabi_llsl                             0x08003099   Thumb Code    30  llshl.o(.text)
    _ll_shift_l                              0x08003099   Thumb Code     0  llshl.o(.text)
    __aeabi_llsr                             0x080030b7   Thumb Code    32  llushr.o(.text)
    _ll_ushift_r                             0x080030b7   Thumb Code     0  llushr.o(.text)
    __aeabi_lasr                             0x080030d7   Thumb Code    36  llsshr.o(.text)
    _ll_sshift_r                             0x080030d7   Thumb Code     0  llsshr.o(.text)
    SVC_Count                                0x080030fc   Data           4  SVC_Table.o(SVC_TABLE)
    SVC_Table                                0x08003100   Data           0  SVC_Table.o(SVC_TABLE)
    __0printf                                0x08003101   Thumb Code    22  printfa.o(i.__0printf)
    __1printf                                0x08003101   Thumb Code     0  printfa.o(i.__0printf)
    __2printf                                0x08003101   Thumb Code     0  printfa.o(i.__0printf)
    __c89printf                              0x08003101   Thumb Code     0  printfa.o(i.__0printf)
    printf                                   0x08003101   Thumb Code     0  printfa.o(i.__0printf)
    __ARM_fpclassify                         0x08003121   Thumb Code    48  fpclassify.o(i.__ARM_fpclassify)
    __hardfp_atan                            0x08003151   Thumb Code   636  atan.o(i.__hardfp_atan)
    __hardfp_pow                             0x08003439   Thumb Code  3132  pow.o(i.__hardfp_pow)
    __hardfp_sqrt                            0x080040c9   Thumb Code   122  sqrt.o(i.__hardfp_sqrt)
    __kernel_poly                            0x08004143   Thumb Code   248  poly.o(i.__kernel_poly)
    __mathlib_dbl_underflow                  0x08004241   Thumb Code    24  dunder.o(i.__mathlib_dbl_underflow)
    __scatterload_copy                       0x08004261   Thumb Code    14  handlers.o(i.__scatterload_copy)
    __scatterload_null                       0x0800426f   Thumb Code     2  handlers.o(i.__scatterload_null)
    __scatterload_zeroinit                   0x08004271   Thumb Code    14  handlers.o(i.__scatterload_zeroinit)
    __set_errno                              0x08004281   Thumb Code     6  errno.o(i.__set_errno)
    _init_box                                0x080043e9   Thumb Code    70  rt_membox.o(i._init_box)
    dbg_init                                 0x08004b79   Thumb Code    34  hal_cm.o(i.dbg_init)
    dbg_task_notify                          0x08004ba9   Thumb Code    32  hal_cm.o(i.dbg_task_notify)
    dbg_task_switch                          0x08004bc9   Thumb Code    16  hal_cm.o(i.dbg_task_switch)
    fabs                                     0x08004bd9   Thumb Code    32  fabs.o(i.fabs)
    isr_evt_set                              0x08004c25   Thumb Code    34  rt_event.o(i.isr_evt_set)
    isr_mbx_receive                          0x08004c4d   Thumb Code    80  rt_mailbox.o(i.isr_mbx_receive)
    isr_mbx_send                             0x08004c9d   Thumb Code    14  rt_mailbox.o(i.isr_mbx_send)
    osDelay                                  0x08004cad   Thumb Code    18  rt_cmsis.o(i.osDelay)
    osKernelStart                            0x08004cc5   Thumb Code    94  rt_cmsis.o(i.osKernelStart)
    osMessageGet                             0x08004d2d   Thumb Code    64  rt_cmsis.o(i.osMessageGet)
    osSignalSet                              0x08004d71   Thumb Code    48  rt_cmsis.o(i.osSignalSet)
    osSignalWait                             0x08004da5   Thumb Code    18  rt_cmsis.o(i.osSignalWait)
    osThreadCreate                           0x08004dbd   Thumb Code    18  rt_cmsis.o(i.osThreadCreate)
    osThreadExit                             0x08004dd5   Thumb Code    14  rt_cmsis.o(i.osThreadExit)
    osThreadGetId                            0x08004ded   Thumb Code    18  rt_cmsis.o(i.osThreadGetId)
    osThreadTerminate                        0x08004e05   Thumb Code    18  rt_cmsis.o(i.osThreadTerminate)
    osTimerCall                              0x08004e1d   Thumb Code     8  rt_cmsis.o(i.osTimerCall)
    osTimerThread                            0x08004e29   Thumb Code    38  rt_cmsis.o(i.osTimerThread)
    rt_alloc_box                             0x08004e55   Thumb Code    28  rt_membox.o(i.rt_alloc_box)
    rt_alloc_mem                             0x08004e71   Thumb Code    60  rt_memory.o(i.rt_alloc_mem)
    rt_block                                 0x08004ead   Thumb Code    48  rt_task.o(i.rt_block)
    rt_chk_robin                             0x08004ee5   Thumb Code    58  rt_robin.o(i.rt_chk_robin)
    rt_dec_dly                               0x08004f2d   Thumb Code   102  rt_list.o(i.rt_dec_dly)
    rt_dispatch                              0x08004f9d   Thumb Code    60  rt_task.o(i.rt_dispatch)
    rt_dly_wait                              0x08004fe1   Thumb Code     6  rt_time.o(i.rt_dly_wait)
    rt_evt_psh                               0x08004fe9   Thumb Code    76  rt_event.o(i.rt_evt_psh)
    rt_evt_set                               0x08005039   Thumb Code    88  rt_event.o(i.rt_evt_set)
    rt_evt_wait                              0x08005095   Thumb Code    58  rt_event.o(i.rt_evt_wait)
    rt_free_box                              0x080050d5   Thumb Code    32  rt_membox.o(i.rt_free_box)
    rt_free_mem                              0x080050f5   Thumb Code    40  rt_memory.o(i.rt_free_mem)
    rt_get_first                             0x0800511d   Thumb Code    40  rt_list.o(i.rt_get_first)
    rt_init_mem                              0x0800518d   Thumb Code    26  rt_memory.o(i.rt_init_mem)
    rt_init_robin                            0x080051a9   Thumb Code    14  rt_robin.o(i.rt_init_robin)
    rt_init_stack                            0x080051c1   Thumb Code    70  hal_cm.o(i.rt_init_stack)
    rt_mbx_check                             0x08005211   Thumb Code     8  rt_mailbox.o(i.rt_mbx_check)
    rt_mbx_init                              0x08005219   Thumb Code    26  rt_mailbox.o(i.rt_mbx_init)
    rt_mbx_psh                               0x08005235   Thumb Code   248  rt_mailbox.o(i.rt_mbx_psh)
    rt_mbx_wait                              0x08005331   Thumb Code   174  rt_mailbox.o(i.rt_mbx_wait)
    rt_pop_req                               0x08005421   Thumb Code   106  rt_system.o(i.rt_pop_req)
    rt_psh_req                               0x08005499   Thumb Code    22  rt_system.o(i.rt_psh_req)
    rt_psq_enq                               0x080054b9   Thumb Code    82  rt_list.o(i.rt_psq_enq)
    rt_put_dly                               0x08005511   Thumb Code    88  rt_list.o(i.rt_put_dly)
    rt_put_prio                              0x0800556d   Thumb Code    56  rt_list.o(i.rt_put_prio)
    rt_put_rdy_first                         0x080055a5   Thumb Code    14  rt_list.o(i.rt_put_rdy_first)
    rt_ret_val                               0x080055c9   Thumb Code    12  hal_cm.o(i.rt_ret_val)
    rt_ret_val2                              0x080055d5   Thumb Code    16  hal_cm.o(i.rt_ret_val2)
    rt_rmv_dly                               0x080055e5   Thumb Code    40  rt_list.o(i.rt_rmv_dly)
    rt_rmv_list                              0x0800560d   Thumb Code    44  rt_list.o(i.rt_rmv_list)
    rt_sem_psh                               0x0800563d   Thumb Code    48  rt_semaphore.o(i.rt_sem_psh)
    rt_stk_check                             0x08005671   Thumb Code    28  rt_system.o(i.rt_stk_check)
    rt_switch_req                            0x08005695   Thumb Code    30  rt_task.o(i.rt_switch_req)
    rt_sys_init                              0x080056bd   Thumb Code   242  rt_task.o(i.rt_sys_init)
    rt_systick                               0x080057fd   Thumb Code    48  rt_system.o(i.rt_systick)
    rt_tsk_create                            0x08005889   Thumb Code   112  rt_task.o(i.rt_tsk_create)
    rt_tsk_delete                            0x08005909   Thumb Code   146  rt_task.o(i.rt_tsk_delete)
    rt_tsk_self                              0x080059b5   Thumb Code    12  rt_task.o(i.rt_tsk_self)
    sqrt                                     0x080059c5   Thumb Code   110  sqrt.o(i.sqrt)
    svcDelay                                 0x08005a33   Thumb Code    20  rt_cmsis.o(i.svcDelay)
    svcKernelStart                           0x08005a49   Thumb Code   174  rt_cmsis.o(i.svcKernelStart)
    svcMessageCreate                         0x08005b1d   Thumb Code    36  rt_cmsis.o(i.svcMessageCreate)
    svcMessageGet                            0x08005b41   Thumb Code    58  rt_cmsis.o(i.svcMessageGet)
    svcSignalSet                             0x08005b7b   Thumb Code    36  rt_cmsis.o(i.svcSignalSet)
    svcSignalWait                            0x08005ba1   Thumb Code    80  rt_cmsis.o(i.svcSignalWait)
    svcThreadCreate                          0x08005bf5   Thumb Code   100  rt_cmsis.o(i.svcThreadCreate)
    svcThreadGetId                           0x08005c65   Thumb Code    22  rt_cmsis.o(i.svcThreadGetId)
    svcThreadTerminate                       0x08005c81   Thumb Code    52  rt_cmsis.o(i.svcThreadTerminate)
    svcTimerCall                             0x08005cb9   Thumb Code    24  rt_cmsis.o(i.svcTimerCall)
    sysTimerTick                             0x08005cd1   Thumb Code    76  rt_cmsis.o(i.sysTimerTick)
    os_maxtaskrun                            0x08005d24   Data           2  rtx_conf_cm.o(.constdata)
    os_stackinfo                             0x08005d28   Data           4  rtx_conf_cm.o(.constdata)
    os_rrobin                                0x08005d2c   Data           4  rtx_conf_cm.o(.constdata)
    os_trv                                   0x08005d30   Data           4  rtx_conf_cm.o(.constdata)
    os_flags                                 0x08005d34   Data           1  rtx_conf_cm.o(.constdata)
    os_clockrate                             0x08005d38   Data           4  rtx_conf_cm.o(.constdata)
    os_timernum                              0x08005d3c   Data           4  rtx_conf_cm.o(.constdata)
    mp_tcb_size                              0x08005d40   Data           2  rtx_conf_cm.o(.constdata)
    mp_stk_size                              0x08005d44   Data           4  rtx_conf_cm.o(.constdata)
    os_stack_sz                              0x08005d48   Data           4  rtx_conf_cm.o(.constdata)
    os_fifo_size                             0x08005d4c   Data           1  rtx_conf_cm.o(.constdata)
    os_thread_def_osTimerThread              0x08005d50   Data          16  rtx_conf_cm.o(.constdata)
    os_messageQ_def_osTimerMessageQ          0x08005d60   Data           8  rtx_conf_cm.o(.constdata)
    mp_tmr_size                              0x08005d68   Data           2  rtx_conf_cm.o(.constdata)
    os_thread_def_main                       0x08005d6c   Data          16  rtx_conf_cm.o(.constdata)
    os_thread_def_tilt_detection_thread      0x08005d7c   Data          16  main.o(.constdata)
    os_thread_def_transmitTiltAngles         0x08005d8c   Data          16  main.o(.constdata)
    os_thread_def_thread_keypad              0x08005d9c   Data          16  main.o(.constdata)
    os_thread_def_mode2_thread               0x08005dac   Data          16  main.o(.constdata)
    __mathlib_zero                           0x08005ee0   Data           8  qnan.o(.constdata)
    Region$$Table$$Base                      0x08005ee8   Number         0  anon$$obj.o(Region$$Table)
    Region$$Table$$Limit                     0x08005f18   Number         0  anon$$obj.o(Region$$Table)
    mp_tcb                                   0x10000000   Data         348  rtx_conf_cm.o(.bss)
    mp_stk                                   0x10000160   Data        4816  rtx_conf_cm.o(.bss)
    os_stack_mem                             0x10001430   Data        1632  rtx_conf_cm.o(.bss)
    os_fifo                                  0x10001a90   Data         132  rtx_conf_cm.o(.bss)
    os_active_TCB                            0x10001b14   Data          28  rtx_conf_cm.o(.bss)
    os_messageQ_q_osTimerMessageQ            0x10001b30   Data          32  rtx_conf_cm.o(.bss)
    SystemCoreClock                          0x20000000   Data           4  system_stm32f4xx.o(.data)
    AHBPrescTable                            0x20000004   Data          16  system_stm32f4xx.o(.data)
    os_tmr                                   0x20000014   Data           4  rtx_conf_cm.o(.data)
    m_tmr                                    0x20000018   Data           4  rtx_conf_cm.o(.data)
    osThreadId_osTimerThread                 0x2000001c   Data           4  rtx_conf_cm.o(.data)
    osMessageQId_osTimerMessageQ             0x20000020   Data           4  rtx_conf_cm.o(.data)
    key_signal                               0x20000024   Data           4  main.o(.data)
    temperature_TurnDispFlag_thread          0x20000028   Data           4  main.o(.data)
    tilt_TurnDispFlag_thread                 0x2000002c   Data           4  main.o(.data)
    tilt_transmit_thread                     0x20000030   Data           4  main.o(.data)
    keypad_thread                            0x20000034   Data           4  main.o(.data)
    mode1_thread_status                      0x20000040   Data           4  main.o(.data)
    mode2_thread_status                      0x20000044   Data           4  main.o(.data)
    __stdout                                 0x20000048   Data           4  fputc_debug.o(.data)
    __stdin                                  0x2000004c   Data           4  fputc_debug.o(.data)
    WIRELESS_SPI_Timeout                     0x20000050   Data           4  wireless_impl.o(.data)
    LIS302DLTimeout                          0x20000054   Data           4  stm32f4_discovery_lis302dl.o(.data)
    transmittingFlag                         0x20000058   Data           4  tilt_thread.o(.data)
    GLB_TiltAngle_RollPitch_display_flag     0x20000064   Data           4  tilt_thread.o(.data)
    transmitFlag                             0x20000068   Data           4  tilt_thread.o(.data)
    tiltGetId                                0x2000007c   Data           4  tilt_thread.o(.data)
    transmitGetID                            0x20000080   Data           4  tilt_thread.o(.data)
    turnTiltFlagGetId                        0x20000084   Data           4  tilt_thread.o(.data)
    os_timer_head                            0x20000098   Data           4  rt_cmsis.o(.data)
    os_tsk                                   0x2000009c   Data           8  rt_task.o(.data)
    os_time                                  0x200000a8   Data           2  rt_time.o(.data)
    dbg_msg                                  0x200000aa   Data           1  hal_cm.o(.data)
    os_robin                                 0x200000ac   Data           8  rt_robin.o(.data)
    raw_data                                 0x200000b8   Data          12  tilt_thread.o(.bss)
    os_idle_TCB                              0x200000c4   Data          48  rt_task.o(.bss)
    os_rdy                                   0x200000f4   Data          24  rt_list.o(.bss)
    os_dly                                   0x2000010c   Data          24  rt_list.o(.bss)
    __initial_sp                             0x20000528   Data           0  startup_stm32f4xx.o(STACK)



==============================================================================

Memory Map of the image

  Image Entry point : 0x08000189

  Load Region LR_IROM1 (Base: 0x08000000, Size: 0x00005fd0, Max: 0x00100000, ABSOLUTE)

    Execution Region ER_IROM1 (Base: 0x08000000, Size: 0x00005f18, Max: 0x00100000, ABSOLUTE)

    Base Addr    Size         Type   Attr      Idx    E Section Name        Object

    0x08000000   0x00000188   Data   RO          132    RESET               startup_stm32f4xx.o
    0x08000188   0x00000000   Code   RO         2398  * .ARM.Collect$$$$00000000  mc_w.l(entry.o)
    0x08000188   0x00000004   Code   RO         2681    .ARM.Collect$$$$00000001  mc_w.l(entry2.o)
    0x0800018c   0x00000004   Code   RO         2684    .ARM.Collect$$$$00000004  mc_w.l(entry5.o)
    0x08000190   0x00000000   Code   RO         2686    .ARM.Collect$$$$00000008  mc_w.l(entry7b.o)
    0x08000190   0x00000000   Code   RO         2688    .ARM.Collect$$$$0000000A  mc_w.l(entry8b.o)
    0x08000190   0x00000000   Code   RO         2689    .ARM.Collect$$$$0000000D  mc_w.l(entry10a.o)
    0x08000190   0x00000000   Code   RO         2691    .ARM.Collect$$$$0000000F  mc_w.l(entry11a.o)
    0x08000190   0x00000010   Code   RO          137    .ARM.Collect$$$$000000FF  rtx_conf_cm.o
    0x080001a0   0x00000004   Code   RO         2682    .ARM.Collect$$$$00002712  mc_w.l(entry2.o)
    0x080001a4   0x00000174   Code   RO         2345    .emb_text           RTX_CM4.lib(hal_cm4.o)
    0x08000318   0x0000020c   Code   RO            3    .text               system_stm32f4xx.o
    0x08000524   0x00000024   Code   RO          133    .text               startup_stm32f4xx.o
    0x08000548   0x00000008   Code   RO          138    .text               rtx_conf_cm.o
    0x08000550   0x00000220   Code   RO          171    .text               main.o
    0x08000770   0x0000004c   Code   RO          248    .text               fputc_debug.o
    0x080007bc   0x00000504   Code   RO          282    .text               wireless_impl.o
    0x08000cc0   0x00000104   Code   RO          311    .text               wireless_spi_config.o
    0x08000dc4   0x000003c4   Code   RO          331    .text               stm32f4_discovery_lis302dl.o
    0x08001188   0x00000114   Code   RO          355    .text               calibration.o
    0x0800129c   0x000000a4   Code   RO          379    .text               mem_interrupt.o
    0x08001340   0x00000104   Code   RO          397    .text               movingaveragefilter.o
    0x08001444   0x000001ac   Code   RO          414    .text               tilt_thread.o
    0x080015f0   0x00000026   Code   RO          464    .text               accelerometer_conf.o
    0x08001616   0x00000002   PAD
    0x08001618   0x00000260   Code   RO          482    .text               tilt_angle_calculation.o
    0x08001878   0x0000027c   Code   RO          499    .text               keypad.o
    0x08001af4   0x0000007c   Code   RO          528    .text               userbutton_config.o
    0x08001b70   0x00000030   Code   RO          546    .text               mode2_thread.o
    0x08001ba0   0x000000e4   Code   RO          560    .text               misc.o
    0x08001c84   0x0000011c   Code   RO          899    .text               stm32f4xx_exti.o
    0x08001da0   0x0000025c   Code   RO          968    .text               stm32f4xx_gpio.o
    0x08001ffc   0x00000588   Code   RO         1117    .text               stm32f4xx_rcc.o
    0x08002584   0x000003f4   Code   RO         1208    .text               stm32f4xx_spi.o
    0x08002978   0x0000008c   Code   RO         1231    .text               stm32f4xx_syscfg.o
    0x08002a04   0x000000e4   Code   RO         2662    .text               mf_w.l(dmul.o)
    0x08002ae8   0x00000026   Code   RO         2664    .text               mf_w.l(f2d.o)
    0x08002b0e   0x00000038   Code   RO         2666    .text               mf_w.l(d2f.o)
    0x08002b46   0x0000002c   Code   RO         2693    .text               mc_w.l(uidiv.o)
    0x08002b72   0x00000062   Code   RO         2695    .text               mc_w.l(uldiv.o)
    0x08002bd4   0x00000000   Code   RO         2704    .text               mc_w.l(iusefp.o)
    0x08002bd4   0x0000006c   Code   RO         2705    .text               mf_w.l(fepilogue.o)
    0x08002c40   0x000000be   Code   RO         2707    .text               mf_w.l(depilogue.o)
    0x08002cfe   0x0000014e   Code   RO         2709    .text               mf_w.l(dadd.o)
    0x08002e4c   0x000000de   Code   RO         2711    .text               mf_w.l(ddiv.o)
    0x08002f2a   0x0000002e   Code   RO         2715    .text               mf_w.l(dscalb.o)
    0x08002f58   0x000000a2   Code   RO         2717    .text               mf_w.l(dsqrt.o)
    0x08002ffa   0x00000022   Code   RO         2719    .text               mf_w.l(dflti.o)
    0x0800301c   0x00000030   Code   RO         2721    .text               mf_w.l(dfixul.o)
    0x0800304c   0x00000028   Code   RO         2725    .text               mf_w.l(cdrcmple.o)
    0x08003074   0x00000024   Code   RO         2727    .text               mc_w.l(init.o)
    0x08003098   0x0000001e   Code   RO         2729    .text               mc_w.l(llshl.o)
    0x080030b6   0x00000020   Code   RO         2731    .text               mc_w.l(llushr.o)
    0x080030d6   0x00000024   Code   RO         2733    .text               mc_w.l(llsshr.o)
    0x080030fa   0x00000002   PAD
    0x080030fc   0x00000004   Code   RO         2355    SVC_TABLE           RTX_CM4.lib(SVC_Table.o)
    0x08003100   0x00000020   Code   RO         2634    i.__0printf         mc_w.l(printfa.o)
    0x08003120   0x00000030   Code   RO         2676    i.__ARM_fpclassify  m_wm.l(fpclassify.o)
    0x08003150   0x000002e8   Code   RO         2358    i.__hardfp_atan     m_wm.l(atan.o)
    0x08003438   0x00000c90   Code   RO         2372    i.__hardfp_pow      m_wm.l(pow.o)
    0x080040c8   0x0000007a   Code   RO         2386    i.__hardfp_sqrt     m_wm.l(sqrt.o)
    0x08004142   0x000000f8   Code   RO         2678    i.__kernel_poly     m_wm.l(poly.o)
    0x0800423a   0x00000006   PAD
    0x08004240   0x00000020   Code   RO         2668    i.__mathlib_dbl_underflow  m_wm.l(dunder.o)
    0x08004260   0x0000000e   Code   RO         2737    i.__scatterload_copy  mc_w.l(handlers.o)
    0x0800426e   0x00000002   Code   RO         2738    i.__scatterload_null  mc_w.l(handlers.o)
    0x08004270   0x0000000e   Code   RO         2739    i.__scatterload_zeroinit  mc_w.l(handlers.o)
    0x0800427e   0x00000002   PAD
    0x08004280   0x0000000c   Code   RO         2699    i.__set_errno       mc_w.l(errno.o)
    0x0800428c   0x0000015c   Code   RO         2641    i._fp_digits        mc_w.l(printfa.o)
    0x080043e8   0x00000046   Code   RO         2218    i._init_box         RTX_CM4.lib(rt_membox.o)
    0x0800442e   0x00000002   PAD
    0x08004430   0x000006f0   Code   RO         2642    i._printf_core      mc_w.l(printfa.o)
    0x08004b20   0x00000026   Code   RO         2643    i._printf_post_padding  mc_w.l(printfa.o)
    0x08004b46   0x00000030   Code   RO         2644    i._printf_pre_padding  mc_w.l(printfa.o)
    0x08004b76   0x00000002   PAD
    0x08004b78   0x00000030   Code   RO         2271    i.dbg_init          RTX_CM4.lib(hal_cm.o)
    0x08004ba8   0x00000020   Code   RO         2272    i.dbg_task_notify   RTX_CM4.lib(hal_cm.o)
    0x08004bc8   0x00000010   Code   RO         2273    i.dbg_task_switch   RTX_CM4.lib(hal_cm.o)
    0x08004bd8   0x00000020   Code   RO         2672    i.fabs              m_wm.l(fabs.o)
    0x08004bf8   0x0000002c   Code   RO         1317    i.isrMessagePut     RTX_CM4.lib(rt_cmsis.o)
    0x08004c24   0x00000028   Code   RO         1964    i.isr_evt_set       RTX_CM4.lib(rt_event.o)
    0x08004c4c   0x00000050   Code   RO         2082    i.isr_mbx_receive   RTX_CM4.lib(rt_mailbox.o)
    0x08004c9c   0x0000000e   Code   RO         2083    i.isr_mbx_send      RTX_CM4.lib(rt_mailbox.o)
    0x08004caa   0x00000002   PAD
    0x08004cac   0x00000018   Code   RO         1318    i.osDelay           RTX_CM4.lib(rt_cmsis.o)
    0x08004cc4   0x00000068   Code   RO         1320    i.osKernelStart     RTX_CM4.lib(rt_cmsis.o)
    0x08004d2c   0x00000044   Code   RO         1328    i.osMessageGet      RTX_CM4.lib(rt_cmsis.o)
    0x08004d70   0x00000034   Code   RO         1342    i.osSignalSet       RTX_CM4.lib(rt_cmsis.o)
    0x08004da4   0x00000018   Code   RO         1343    i.osSignalWait      RTX_CM4.lib(rt_cmsis.o)
    0x08004dbc   0x00000018   Code   RO         1344    i.osThreadCreate    RTX_CM4.lib(rt_cmsis.o)
    0x08004dd4   0x00000018   Code   RO         1345    i.osThreadExit      RTX_CM4.lib(rt_cmsis.o)
    0x08004dec   0x00000018   Code   RO         1346    i.osThreadGetId     RTX_CM4.lib(rt_cmsis.o)
    0x08004e04   0x00000018   Code   RO         1349    i.osThreadTerminate  RTX_CM4.lib(rt_cmsis.o)
    0x08004e1c   0x0000000c   Code   RO         1351    i.osTimerCall       RTX_CM4.lib(rt_cmsis.o)
    0x08004e28   0x0000002c   Code   RO         1355    i.osTimerThread     RTX_CM4.lib(rt_cmsis.o)
    0x08004e54   0x0000001c   Code   RO         2219    i.rt_alloc_box      RTX_CM4.lib(rt_membox.o)
    0x08004e70   0x0000003c   Code   RO         2247    i.rt_alloc_mem      RTX_CM4.lib(rt_memory.o)
    0x08004eac   0x00000038   Code   RO         1839    i.rt_block          RTX_CM4.lib(rt_task.o)
    0x08004ee4   0x00000048   Code   RO         2324    i.rt_chk_robin      RTX_CM4.lib(rt_robin.o)
    0x08004f2c   0x00000070   Code   RO         2006    i.rt_dec_dly        RTX_CM4.lib(rt_list.o)
    0x08004f9c   0x00000044   Code   RO         1840    i.rt_dispatch       RTX_CM4.lib(rt_task.o)
    0x08004fe0   0x00000006   Code   RO         2166    i.rt_dly_wait       RTX_CM4.lib(rt_time.o)
    0x08004fe6   0x00000002   PAD
    0x08004fe8   0x00000050   Code   RO         1967    i.rt_evt_psh        RTX_CM4.lib(rt_event.o)
    0x08005038   0x0000005c   Code   RO         1968    i.rt_evt_set        RTX_CM4.lib(rt_event.o)
    0x08005094   0x00000040   Code   RO         1969    i.rt_evt_wait       RTX_CM4.lib(rt_event.o)
    0x080050d4   0x00000020   Code   RO         2220    i.rt_free_box       RTX_CM4.lib(rt_membox.o)
    0x080050f4   0x00000028   Code   RO         2248    i.rt_free_mem       RTX_CM4.lib(rt_memory.o)
    0x0800511c   0x00000028   Code   RO         2007    i.rt_get_first      RTX_CM4.lib(rt_list.o)
    0x08005144   0x00000008   Code   RO         1358    i.rt_id2obj         RTX_CM4.lib(rt_cmsis.o)
    0x0800514c   0x00000040   Code   RO         1841    i.rt_init_context   RTX_CM4.lib(rt_task.o)
    0x0800518c   0x0000001a   Code   RO         2249    i.rt_init_mem       RTX_CM4.lib(rt_memory.o)
    0x080051a6   0x00000002   PAD
    0x080051a8   0x00000018   Code   RO         2325    i.rt_init_robin     RTX_CM4.lib(rt_robin.o)
    0x080051c0   0x00000050   Code   RO         2274    i.rt_init_stack     RTX_CM4.lib(hal_cm.o)
    0x08005210   0x00000008   Code   RO         2084    i.rt_mbx_check      RTX_CM4.lib(rt_mailbox.o)
    0x08005218   0x0000001a   Code   RO         2085    i.rt_mbx_init       RTX_CM4.lib(rt_mailbox.o)
    0x08005232   0x00000002   PAD
    0x08005234   0x000000fc   Code   RO         2086    i.rt_mbx_psh        RTX_CM4.lib(rt_mailbox.o)
    0x08005330   0x000000b4   Code   RO         2088    i.rt_mbx_wait       RTX_CM4.lib(rt_mailbox.o)
    0x080053e4   0x0000003c   Code   RO         1359    i.rt_ms2tick        RTX_CM4.lib(rt_cmsis.o)
    0x08005420   0x00000078   Code   RO         1918    i.rt_pop_req        RTX_CM4.lib(rt_system.o)
    0x08005498   0x00000020   Code   RO         1919    i.rt_psh_req        RTX_CM4.lib(rt_system.o)
    0x080054b8   0x00000058   Code   RO         2009    i.rt_psq_enq        RTX_CM4.lib(rt_list.o)
    0x08005510   0x0000005c   Code   RO         2010    i.rt_put_dly        RTX_CM4.lib(rt_list.o)
    0x0800556c   0x00000038   Code   RO         2011    i.rt_put_prio       RTX_CM4.lib(rt_list.o)
    0x080055a4   0x00000014   Code   RO         2012    i.rt_put_rdy_first  RTX_CM4.lib(rt_list.o)
    0x080055b8   0x00000010   Code   RO         2275    i.rt_ret_regs       RTX_CM4.lib(hal_cm.o)
    0x080055c8   0x0000000c   Code   RO         2276    i.rt_ret_val        RTX_CM4.lib(hal_cm.o)
    0x080055d4   0x00000010   Code   RO         2277    i.rt_ret_val2       RTX_CM4.lib(hal_cm.o)
    0x080055e4   0x00000028   Code   RO         2014    i.rt_rmv_dly        RTX_CM4.lib(rt_list.o)
    0x0800560c   0x00000030   Code   RO         2015    i.rt_rmv_list       RTX_CM4.lib(rt_list.o)
    0x0800563c   0x00000034   Code   RO         2132    i.rt_sem_psh        RTX_CM4.lib(rt_semaphore.o)
    0x08005670   0x00000024   Code   RO         1920    i.rt_stk_check      RTX_CM4.lib(rt_system.o)
    0x08005694   0x00000028   Code   RO         1842    i.rt_switch_req     RTX_CM4.lib(rt_task.o)
    0x080056bc   0x00000140   Code   RO         1843    i.rt_sys_init       RTX_CM4.lib(rt_task.o)
    0x080057fc   0x0000003c   Code   RO         1921    i.rt_systick        RTX_CM4.lib(rt_system.o)
    0x08005838   0x00000012   Code   RO         1360    i.rt_tid2ptcb       RTX_CM4.lib(rt_cmsis.o)
    0x0800584a   0x00000002   PAD
    0x0800584c   0x0000003c   Code   RO         1361    i.rt_timer_insert   RTX_CM4.lib(rt_cmsis.o)
    0x08005888   0x00000080   Code   RO         1844    i.rt_tsk_create     RTX_CM4.lib(rt_task.o)
    0x08005908   0x000000ac   Code   RO         1845    i.rt_tsk_delete     RTX_CM4.lib(rt_task.o)
    0x080059b4   0x00000010   Code   RO         1848    i.rt_tsk_self       RTX_CM4.lib(rt_task.o)
    0x080059c4   0x0000006e   Code   RO         2388    i.sqrt              m_wm.l(sqrt.o)
    0x08005a32   0x00000014   Code   RO         1363    i.svcDelay          RTX_CM4.lib(rt_cmsis.o)
    0x08005a46   0x00000002   PAD
    0x08005a48   0x000000d4   Code   RO         1364    i.svcKernelStart    RTX_CM4.lib(rt_cmsis.o)
    0x08005b1c   0x00000024   Code   RO         1366    i.svcMessageCreate  RTX_CM4.lib(rt_cmsis.o)
    0x08005b40   0x0000003a   Code   RO         1367    i.svcMessageGet     RTX_CM4.lib(rt_cmsis.o)
    0x08005b7a   0x00000024   Code   RO         1378    i.svcSignalSet      RTX_CM4.lib(rt_cmsis.o)
    0x08005b9e   0x00000002   PAD
    0x08005ba0   0x00000054   Code   RO         1379    i.svcSignalWait     RTX_CM4.lib(rt_cmsis.o)
    0x08005bf4   0x00000070   Code   RO         1380    i.svcThreadCreate   RTX_CM4.lib(rt_cmsis.o)
    0x08005c64   0x0000001c   Code   RO         1381    i.svcThreadGetId    RTX_CM4.lib(rt_cmsis.o)
    0x08005c80   0x00000038   Code   RO         1384    i.svcThreadTerminate  RTX_CM4.lib(rt_cmsis.o)
    0x08005cb8   0x00000018   Code   RO         1386    i.svcTimerCall      RTX_CM4.lib(rt_cmsis.o)
    0x08005cd0   0x00000054   Code   RO         1394    i.sysTimerTick      RTX_CM4.lib(rt_cmsis.o)
    0x08005d24   0x00000058   Data   RO          140    .constdata          rtx_conf_cm.o
    0x08005d7c   0x00000040   Data   RO          172    .constdata          main.o
    0x08005dbc   0x00000004   PAD
    0x08005dc0   0x00000098   Data   RO         2361    .constdata          m_wm.l(atan.o)
    0x08005e58   0x00000088   Data   RO         2375    .constdata          m_wm.l(pow.o)
    0x08005ee0   0x00000008   Data   RO         2680    .constdata          m_wm.l(qnan.o)
    0x08005ee8   0x00000030   Data   RO         2735    Region$$Table       anon$$obj.o


    Execution Region RW_IRAM1 (Base: 0x10000000, Size: 0x00001b50, Max: 0x0001ffff, ABSOLUTE)

    Base Addr    Size         Type   Attr      Idx    E Section Name        Object

    0x10000000   0x00001b50   Zero   RW          139    .bss                rtx_conf_cm.o


    Execution Region RW_IRAM2 (Base: 0x20000000, Size: 0x00000528, Max: 0x0001ffff, ABSOLUTE)

    Base Addr    Size         Type   Attr      Idx    E Section Name        Object

    0x20000000   0x00000014   Data   RW            4    .data               system_stm32f4xx.o
    0x20000014   0x00000010   Data   RW          141    .data               rtx_conf_cm.o
    0x20000024   0x00000024   Data   RW          173    .data               main.o
    0x20000048   0x00000008   Data   RW          249    .data               fputc_debug.o
    0x20000050   0x00000004   Data   RW          283    .data               wireless_impl.o
    0x20000054   0x00000004   Data   RW          332    .data               stm32f4_discovery_lis302dl.o
    0x20000058   0x00000030   Data   RW          416    .data               tilt_thread.o
    0x20000088   0x00000010   Data   RW         1118    .data               stm32f4xx_rcc.o
    0x20000098   0x00000004   Data   RW         1395    .data               RTX_CM4.lib(rt_cmsis.o)
    0x2000009c   0x00000008   Data   RW         1850    .data               RTX_CM4.lib(rt_task.o)
    0x200000a4   0x00000003   Data   RW         1924    .data               RTX_CM4.lib(rt_system.o)
    0x200000a7   0x00000001   PAD
    0x200000a8   0x00000002   Data   RW         2169    .data               RTX_CM4.lib(rt_time.o)
    0x200000aa   0x00000001   Data   RW         2278    .data               RTX_CM4.lib(hal_cm.o)
    0x200000ab   0x00000001   PAD
    0x200000ac   0x00000008   Data   RW         2326    .data               RTX_CM4.lib(rt_robin.o)
    0x200000b4   0x00000004   Data   RW         2700    .data               mc_w.l(errno.o)
    0x200000b8   0x0000000c   Zero   RW          415    .bss                tilt_thread.o
    0x200000c4   0x00000030   Zero   RW         1849    .bss                RTX_CM4.lib(rt_task.o)
    0x200000f4   0x00000030   Zero   RW         2016    .bss                RTX_CM4.lib(rt_list.o)
    0x20000124   0x00000004   PAD
    0x20000128   0x00000400   Zero   RW          130    STACK               startup_stm32f4xx.o


==============================================================================

Image component sizes


      Code (inc. data)   RO Data    RW Data    ZI Data      Debug   Object Name

        38          0          0          0          0        504   accelerometer_conf.o
       276         22          0          0          0       1339   calibration.o
        76          4          0          8          0       2725   fputc_debug.o
       636          4          0          0          0       2478   keypad.o
       544        236         64         36          0       5970   main.o
       164          6          0          0          0        832   mem_interrupt.o
       228         22          0          0          0       3549   misc.o
        48         30          0          0          0        439   mode2_thread.o
       260          6          0          0          0       2077   movingaveragefilter.o
        24          6         88         16       6992       6412   rtx_conf_cm.o
        36          8        392          0       1024        760   startup_stm32f4xx.o
       964         16          0          4          0       9460   stm32f4_discovery_lis302dl.o
       284         10          0          0          0       4731   stm32f4xx_exti.o
       604         36          0          0          0      10461   stm32f4xx_gpio.o
      1416         48          0         16          0      23867   stm32f4xx_rcc.o
      1012         22          0          0          0      14889   stm32f4xx_spi.o
       140         12          0          0          0       1679   stm32f4xx_syscfg.o
       524         44          0         20          0     231771   system_stm32f4xx.o
       608         16          0          0          0       1293   tilt_angle_calculation.o
       428         46          0         48         12       6762   tilt_thread.o
       124          4          0          0          0        650   userbutton_config.o
      1284         12          0          4          0       4263   wireless_impl.o
       260         14          0          0          0        678   wireless_spi_config.o

    ----------------------------------------------------------------------
      9980        624        596        152       8028     337589   Object Totals
         0          0         48          0          0          0   (incl. Generated)
         2          0          4          0          0          0   (incl. Padding)

    ----------------------------------------------------------------------

      Code (inc. data)   RO Data    RW Data    ZI Data      Debug   Library Member Name

         4          4          0          0          0        132   SVC_Table.o
       220         24          0          1          0       3876   hal_cm.o
       372         32          0          0          0        616   hal_cm4.o
      1364        154          0          4          0      30863   rt_cmsis.o
       276         20          0          0          0       2550   rt_event.o
       496         30          0          0         48       6636   rt_list.o
       560         10          0          0          0       3829   rt_mailbox.o
       130          0          0          0          0       1837   rt_membox.o
       126          0          0          0          0       2159   rt_memory.o
        96         24          0          8          0       1042   rt_robin.o
        52          4          0          0          0        557   rt_semaphore.o
       248         44          0          3          0       2066   rt_system.o
       864        154          0          8         48       7224   rt_task.o
         6          0          0          2          0        572   rt_time.o
       744        108        152          0          0        220   atan.o
        32          8          0          0          0        124   dunder.o
        32          0          0          0          0        124   fabs.o
        48          0          0          0          0        124   fpclassify.o
       248          0          0          0          0        152   poly.o
      3216        310        136          0          0        216   pow.o
         0          0          8          0          0          0   qnan.o
       232          0          0          0          0        296   sqrt.o
         0          0          0          0          0          0   entry.o
         0          0          0          0          0          0   entry10a.o
         0          0          0          0          0          0   entry11a.o
         8          4          0          0          0          0   entry2.o
         4          0          0          0          0          0   entry5.o
         0          0          0          0          0          0   entry7b.o
         0          0          0          0          0          0   entry8b.o
        12          6          0          4          0         68   errno.o
        30          0          0          0          0          0   handlers.o
        36          8          0          0          0         68   init.o
         0          0          0          0          0          0   iusefp.o
        30          0          0          0          0         68   llshl.o
        36          0          0          0          0         68   llsshr.o
        32          0          0          0          0         68   llushr.o
      2242         90          0          0          0        444   printfa.o
        44          0          0          0          0         80   uidiv.o
        98          0          0          0          0         92   uldiv.o
        40          2          0          0          0         68   cdrcmple.o
        56          0          0          0          0         88   d2f.o
       334          0          0          0          0        148   dadd.o
       222          0          0          0          0        100   ddiv.o
       190          0          0          0          0        176   depilogue.o
        48          0          0          0          0         68   dfixul.o
        34          0          0          0          0         76   dflti.o
       228          0          0          0          0         96   dmul.o
        46          0          0          0          0         80   dscalb.o
       162          0          0          0          0        100   dsqrt.o
        38          0          0          0          0         68   f2d.o
       108          0          0          0          0        168   fepilogue.o

    ----------------------------------------------------------------------
     13472       1036        296         32        100      67407   Library Totals
        28          0          0          2          4          0   (incl. Padding)

    ----------------------------------------------------------------------

      Code (inc. data)   RO Data    RW Data    ZI Data      Debug   Library Name

      4814        500          0         26         96      63959   RTX_CM4.lib
      4552        426        296          0          0       1256   m_wm.l
      2572        108          0          4          0        956   mc_w.l
      1506          2          0          0          0       1236   mf_w.l

    ----------------------------------------------------------------------
     13472       1036        296         32        100      67407   Library Totals

    ----------------------------------------------------------------------

==============================================================================


      Code (inc. data)   RO Data    RW Data    ZI Data      Debug   

     23452       1660        892        184       8128     392304   Grand Totals
     23452       1660        892        184       8128     392304   ELF Image Totals
     23452       1660        892        184          0          0   ROM Totals

==============================================================================

    Total RO  Size (Code + RO Data)                24344 (  23.77kB)
    Total RW  Size (RW Data + ZI Data)              8312 (   8.12kB)
    Total ROM Size (Code + RO Data + RW Data)      24528 (  23.95kB)

==============================================================================

