<html>
<body>
<pre>
<h1>µVision Build Log</h1>
<h2>Project:</h2>
Z:\Desktop\Project\keil\rtx.uvproj
Project File Date:  03/26/2014

<h2>Output:</h2>
Build target 'Project'
linking...
.\obj\output.axf: Warning: L6304W: Duplicate input file .\obj\rtx_conf_cm.o ignored.
.\obj\output.axf: Warning: L6304W: Duplicate input file .\obj\system_stm32f4xx.o ignored.
Program Size: Code=27316 RO-data=876 RW-data=144 ZI-data=8980  
Finished: 0 information, 2 warning and 0 error messages.
FromELF: creating hex file...
".\obj\output.axf" - 0 Error(s), 2 Warning(s).
Load "Z:\\Desktop\\Project\\keil\\obj\\output.axf" 
Erase Done.
Programming Done.
Verify OK.
